Archive member included to satisfy reference by file (symbol)

/Applications/STM32CubeIDE.app/Contents/Eclipse/plugins/com.st.stm32cube.ide.mcu.externaltools.gnu-tools-for-stm32.11.3.rel1.macos64_1.1.1.202309131626/tools/bin/../lib/gcc/arm-none-eabi/11.3.1/../../../../arm-none-eabi/lib/thumb/v7e-m+fp/hard/libc_nano.a(libc_a-exit.o)
                              /Applications/STM32CubeIDE.app/Contents/Eclipse/plugins/com.st.stm32cube.ide.mcu.externaltools.gnu-tools-for-stm32.11.3.rel1.macos64_1.1.1.202309131626/tools/bin/../lib/gcc/arm-none-eabi/11.3.1/../../../../arm-none-eabi/lib/thumb/v7e-m+fp/hard/crt0.o (exit)
/Applications/STM32CubeIDE.app/Contents/Eclipse/plugins/com.st.stm32cube.ide.mcu.externaltools.gnu-tools-for-stm32.11.3.rel1.macos64_1.1.1.202309131626/tools/bin/../lib/gcc/arm-none-eabi/11.3.1/../../../../arm-none-eabi/lib/thumb/v7e-m+fp/hard/libc_nano.a(libc_a-rand.o)
                              ./Core/Src/main.o (srand)
/Applications/STM32CubeIDE.app/Contents/Eclipse/plugins/com.st.stm32cube.ide.mcu.externaltools.gnu-tools-for-stm32.11.3.rel1.macos64_1.1.1.202309131626/tools/bin/../lib/gcc/arm-none-eabi/11.3.1/../../../../arm-none-eabi/lib/thumb/v7e-m+fp/hard/libc_nano.a(libc_a-findfp.o)
                              ./Middlewares/Third_Party/FreeRTOS/Source/tasks.o (__sf)
/Applications/STM32CubeIDE.app/Contents/Eclipse/plugins/com.st.stm32cube.ide.mcu.externaltools.gnu-tools-for-stm32.11.3.rel1.macos64_1.1.1.202309131626/tools/bin/../lib/gcc/arm-none-eabi/11.3.1/../../../../arm-none-eabi/lib/thumb/v7e-m+fp/hard/libc_nano.a(libc_a-fwalk.o)
                              /Applications/STM32CubeIDE.app/Contents/Eclipse/plugins/com.st.stm32cube.ide.mcu.externaltools.gnu-tools-for-stm32.11.3.rel1.macos64_1.1.1.202309131626/tools/bin/../lib/gcc/arm-none-eabi/11.3.1/../../../../arm-none-eabi/lib/thumb/v7e-m+fp/hard/libc_nano.a(libc_a-findfp.o) (_fwalk_sglue)
/Applications/STM32CubeIDE.app/Contents/Eclipse/plugins/com.st.stm32cube.ide.mcu.externaltools.gnu-tools-for-stm32.11.3.rel1.macos64_1.1.1.202309131626/tools/bin/../lib/gcc/arm-none-eabi/11.3.1/../../../../arm-none-eabi/lib/thumb/v7e-m+fp/hard/libc_nano.a(libc_a-printf.o)
                              ./Core/Src/main.o (printf)
/Applications/STM32CubeIDE.app/Contents/Eclipse/plugins/com.st.stm32cube.ide.mcu.externaltools.gnu-tools-for-stm32.11.3.rel1.macos64_1.1.1.202309131626/tools/bin/../lib/gcc/arm-none-eabi/11.3.1/../../../../arm-none-eabi/lib/thumb/v7e-m+fp/hard/libc_nano.a(libc_a-memset.o)
                              /Applications/STM32CubeIDE.app/Contents/Eclipse/plugins/com.st.stm32cube.ide.mcu.externaltools.gnu-tools-for-stm32.11.3.rel1.macos64_1.1.1.202309131626/tools/bin/../lib/gcc/arm-none-eabi/11.3.1/../../../../arm-none-eabi/lib/thumb/v7e-m+fp/hard/crt0.o (memset)
/Applications/STM32CubeIDE.app/Contents/Eclipse/plugins/com.st.stm32cube.ide.mcu.externaltools.gnu-tools-for-stm32.11.3.rel1.macos64_1.1.1.202309131626/tools/bin/../lib/gcc/arm-none-eabi/11.3.1/../../../../arm-none-eabi/lib/thumb/v7e-m+fp/hard/libc_nano.a(libc_a-reent.o)
                              ./Middlewares/Third_Party/FreeRTOS/Source/tasks.o (_reclaim_reent)
/Applications/STM32CubeIDE.app/Contents/Eclipse/plugins/com.st.stm32cube.ide.mcu.externaltools.gnu-tools-for-stm32.11.3.rel1.macos64_1.1.1.202309131626/tools/bin/../lib/gcc/arm-none-eabi/11.3.1/../../../../arm-none-eabi/lib/thumb/v7e-m+fp/hard/libc_nano.a(libc_a-impure.o)
                              ./Middlewares/Third_Party/FreeRTOS/Source/tasks.o (_impure_ptr)
/Applications/STM32CubeIDE.app/Contents/Eclipse/plugins/com.st.stm32cube.ide.mcu.externaltools.gnu-tools-for-stm32.11.3.rel1.macos64_1.1.1.202309131626/tools/bin/../lib/gcc/arm-none-eabi/11.3.1/../../../../arm-none-eabi/lib/thumb/v7e-m+fp/hard/libc_nano.a(libc_a-errno.o)
                              ./Core/Src/syscalls.o (__errno)
/Applications/STM32CubeIDE.app/Contents/Eclipse/plugins/com.st.stm32cube.ide.mcu.externaltools.gnu-tools-for-stm32.11.3.rel1.macos64_1.1.1.202309131626/tools/bin/../lib/gcc/arm-none-eabi/11.3.1/../../../../arm-none-eabi/lib/thumb/v7e-m+fp/hard/libc_nano.a(libc_a-init.o)
                              /Applications/STM32CubeIDE.app/Contents/Eclipse/plugins/com.st.stm32cube.ide.mcu.externaltools.gnu-tools-for-stm32.11.3.rel1.macos64_1.1.1.202309131626/tools/bin/../lib/gcc/arm-none-eabi/11.3.1/../../../../arm-none-eabi/lib/thumb/v7e-m+fp/hard/crt0.o (__libc_init_array)
/Applications/STM32CubeIDE.app/Contents/Eclipse/plugins/com.st.stm32cube.ide.mcu.externaltools.gnu-tools-for-stm32.11.3.rel1.macos64_1.1.1.202309131626/tools/bin/../lib/gcc/arm-none-eabi/11.3.1/../../../../arm-none-eabi/lib/thumb/v7e-m+fp/hard/libc_nano.a(libc_a-lock.o)
[...]
Memory Configuration

Name             Origin             Length             Attributes
RAM              0x0000000020000000 0x0000000000018000 xrw
RAM2             0x0000000010000000 0x0000000000008000 xrw
FLASH            0x0000000008000000 0x0000000000100000 xr
*default*        0x0000000000000000 0xffffffffffffffff

Linker script and memory map

LOAD /Applications/STM32CubeIDE.app/Contents/Eclipse/plugins/com.st.stm32cube.ide.mcu.externaltools.gnu-tools-for-stm32.11.3.rel1.macos64_1.1.1.202309131626/tools/bin/../lib/gcc/arm-none-eabi/11.3.1/thumb/v7e-m+fp/hard/crti.o
LOAD /Applications/STM32CubeIDE.app/Contents/Eclipse/plugins/com.st.stm32cube.ide.mcu.externaltools.gnu-tools-for-stm32.11.3.rel1.macos64_1.1.1.202309131626/tools/bin/../lib/gcc/arm-none-eabi/11.3.1/thumb/v7e-m+fp/hard/crtbegin.o
LOAD /Applications/STM32CubeIDE.app/Contents/Eclipse/plugins/com.st.stm32cube.ide.mcu.externaltools.gnu-tools-for-stm32.11.3.rel1.macos64_1.1.1.202309131626/tools/bin/../lib/gcc/arm-none-eabi/11.3.1/../../../../arm-none-eabi/lib/thumb/v7e-m+fp/hard/crt0.o
LOAD ./Core/Src/MultiFunctionShield.o
LOAD ./Core/Src/freertos.o
LOAD ./Core/Src/main.o
LOAD ./Core/Src/stm32l4xx_hal_msp.o
LOAD ./Core/Src/stm32l4xx_hal_timebase_tim.o
LOAD ./Core/Src/stm32l4xx_it.o
LOAD ./Core/Src/syscalls.o
LOAD ./Core/Src/sysmem.o
LOAD ./Core/Src/system_stm32l4xx.o
LOAD ./Core/Startup/startup_stm32l476rgtx.o
LOAD ./Drivers/STM32L4xx_HAL_Driver/Src/stm32l4xx_hal.o
LOAD ./Drivers/STM32L4xx_HAL_Driver/Src/stm32l4xx_hal_cortex.o
LOAD ./Drivers/STM32L4xx_HAL_Driver/Src/stm32l4xx_hal_dma.o
LOAD ./Drivers/STM32L4xx_HAL_Driver/Src/stm32l4xx_hal_dma_ex.o
LOAD ./Drivers/STM32L4xx_HAL_Driver/Src/stm32l4xx_hal_exti.o
LOAD ./Drivers/STM32L4xx_HAL_Driver/Src/stm32l4xx_hal_flash.o
LOAD ./Drivers/STM32L4xx_HAL_Driver/Src/stm32l4xx_hal_flash_ex.o
LOAD ./Drivers/STM32L4xx_HAL_Driver/Src/stm32l4xx_hal_flash_ramfunc.o
LOAD ./Drivers/STM32L4xx_HAL_Driver/Src/stm32l4xx_hal_gpio.o
LOAD ./Drivers/STM32L4xx_HAL_Driver/Src/stm32l4xx_hal_pwr.o
LOAD ./Drivers/STM32L4xx_HAL_Driver/Src/stm32l4xx_hal_pwr_ex.o
LOAD ./Drivers/STM32L4xx_HAL_Driver/Src/stm32l4xx_hal_rcc.o
LOAD ./Drivers/STM32L4xx_HAL_Driver/Src/stm32l4xx_hal_rcc_ex.o
LOAD ./Drivers/STM32L4xx_HAL_Driver/Src/stm32l4xx_hal_tim.o
LOAD ./Drivers/STM32L4xx_HAL_Driver/Src/stm32l4xx_hal_tim_ex.o
LOAD ./Drivers/STM32L4xx_HAL_Driver/Src/stm32l4xx_hal_uart.o
LOAD ./Drivers/STM32L4xx_HAL_Driver/Src/stm32l4xx_hal_uart_ex.o
LOAD ./Middlewares/Third_Party/FreeRTOS/Source/CMSIS_RTOS_V2/cmsis_os2.o
LOAD ./Middlewares/Third_Party/FreeRTOS/Source/croutine.o
LOAD ./Middlewares/Third_Party/FreeRTOS/Source/event_groups.o
LOAD ./Middlewares/Third_Party/FreeRTOS/Source/list.o
LOAD ./Middlewares/Third_Party/FreeRTOS/Source/queue.o
LOAD ./Middlewares/Third_Party/FreeRTOS/Source/stream_buffer.o
LOAD ./Middlewares/Third_Party/FreeRTOS/Source/tasks.o
LOAD ./Middlewares/Third_Party/FreeRTOS/Source/timers.o
LOAD ./Middlewares/Third_Party/FreeRTOS/Source/portable/GCC/ARM_CM4F/port.o
LOAD ./Middlewares/Third_Party/FreeRTOS/Source/portable/MemMang/heap_4.o
START GROUP
LOAD /Applications/STM32CubeIDE.app/Contents/Eclipse/plugins/com.st.stm32cube.ide.mcu.externaltools.gnu-tools-for-stm32.11.3.rel1.macos64_1.1.1.202309131626/tools/bin/../lib/gcc/arm-none-eabi/11.3.1/../../../../arm-none-eabi/lib/thumb/v7e-m+fp/hard/libc_nano.a
LOAD /Applications/STM32CubeIDE.app/Contents/Eclipse/plugins/com.st.stm32cube.ide.mcu.externaltools.gnu-tools-for-stm32.11.3.rel1.macos64_1.1.1.202309131626/tools/bin/../lib/gcc/arm-none-eabi/11.3.1/../../../../arm-none-eabi/lib/thumb/v7e-m+fp/hard/libm.a
END GROUP
START GROUP
LOAD /Applications/STM32CubeIDE.app/Contents/Eclipse/plugins/com.st.stm32cube.ide.mcu.externaltools.gnu-tools-for-stm32.11.3.rel1.macos64_1.1.1.202309131626/tools/bin/../lib/gcc/arm-none-eabi/11.3.1/thumb/v7e-m+fp/hard/libgcc.a
LOAD /Applications/STM32CubeIDE.app/Contents/Eclipse/plugins/com.st.stm32cube.ide.mcu.externaltools.gnu-tools-for-stm32.11.3.rel1.macos64_1.1.1.202309131626/tools/bin/../lib/gcc/arm-none-eabi/11.3.1/../../../../arm-none-eabi/lib/thumb/v7e-m+fp/hard/libc_nano.a
END GROUP
START GROUP
LOAD /Applications/STM32CubeIDE.app/Contents/Eclipse/plugins/com.st.stm32cube.ide.mcu.externaltools.gnu-tools-for-stm32.11.3.rel1.macos64_1.1.1.202309131626/tools/bin/../lib/gcc/arm-none-eabi/11.3.1/thumb/v7e-m+fp/hard/libgcc.a
LOAD /Applications/STM32CubeIDE.app/Contents/Eclipse/plugins/com.st.stm32cube.ide.mcu.externaltools.gnu-tools-for-stm32.11.3.rel1.macos64_1.1.1.202309131626/tools/bin/../lib/gcc/arm-none-eabi/11.3.1/../../../../arm-none-eabi/lib/thumb/v7e-m+fp/hard/libc_nano.a
LOAD /Applications/STM32CubeIDE.app/Contents/Eclipse/plugins/com.st.stm32cube.ide.mcu.externaltools.gnu-tools-for-stm32.11.3.rel1.macos64_1.1.1.202309131626/tools/bin/../lib/gcc/arm-none-eabi/11.3.1/../../../../arm-none-eabi/lib/thumb/v7e-m+fp/hard/libnosys.a
END GROUP
START GROUP
LOAD /Applications/STM32CubeIDE.app/Contents/Eclipse/plugins/com.st.stm32cube.ide.mcu.externaltools.gnu-tools-for-stm32.11.3.rel1.macos64_1.1.1.202309131626/tools/bin/../lib/gcc/arm-none-eabi/11.3.1/thumb/v7e-m+fp/hard/libgcc.a
LOAD /Applications/STM32CubeIDE.app/Contents/Eclipse/plugins/com.st.stm32cube.ide.mcu.externaltools.gnu-tools-for-stm32.11.3.rel1.macos64_1.1.1.202309131626/tools/bin/../lib/gcc/arm-none-eabi/11.3.1/../../../../arm-none-eabi/lib/thumb/v7e-m+fp/hard/libc_nano.a
LOAD /Applications/STM32CubeIDE.app/Contents/Eclipse/plugins/com.st.stm32cube.ide.mcu.externaltools.gnu-tools-for-stm32.11.3.rel1.macos64_1.1.1.202309131626/tools/bin/../lib/gcc/arm-none-eabi/11.3.1/../../../../arm-none-eabi/lib/thumb/v7e-m+fp/hard/libnosys.a
END GROUP
LOAD /Applications/STM32CubeIDE.app/Contents/Eclipse/plugins/com.st.stm32cube.ide.mcu.externaltools.gnu-tools-for-stm32.11.3.rel1.macos64_1.1.1.202309131626/tools/bin/../lib/gcc/arm-none-eabi/11.3.1/thumb/v7e-m+fp/hard/crtend.o
LOAD /Applications/STM32CubeIDE.app/Contents/Eclipse/plugins/com.st.stm32cube.ide.mcu.externaltools.gnu-tools-for-stm32.11.3.rel1.macos64_1.1.1.202309131626/tools/bin/../lib/gcc/arm-none-eabi/11.3.1/thumb/v7e-m+fp/hard/crtn.o
                0x0000000020018000                _estack = (ORIGIN (RAM) + LENGTH (RAM))
                0x0000000000000200                _Min_Heap_Size = 0x200
                0x0000000000000400                _Min_Stack_Size = 0x400

.isr_vector     0x0000000008000000      0x188
                0x0000000008000000                . = ALIGN (0x4)
 *(.isr_vector)
 .isr_vector    0x0000000008000000      0x188 ./Core/Startup/startup_stm32l476rgtx.o
                0x0000000008000000                g_pfnVectors
                0x0000000008000188                . = ALIGN (0x4)

.text           0x0000000008000190     0x8ecc
                0x0000000008000190                . = ALIGN (0x4)
 *(.text)
 .text          0x0000000008000190       0x40 /Applications/STM32CubeIDE.app/Contents/Eclipse/plugins/com.st.stm32cube.ide.mcu.externaltools.gnu-tools-for-stm32.11.3.rel1.macos64_1.1.1.202309131626/tools/bin/../lib/gcc/arm-none-eabi/11.3.1/thumb/v7e-m+fp/hard/crtbegin.o
 .text          0x00000000080001d0       0xa0 /Applications/STM32CubeIDE.app/Contents/Eclipse/plugins/com.st.stm32cube.ide.mcu.externaltools.gnu-tools-for-stm32.11.3.rel1.macos64_1.1.1.202309131626/tools/bin/../lib/gcc/arm-none-eabi/11.3.1/../../../../arm-none-eabi/lib/thumb/v7e-m+fp/hard/libc_nano.a(libc_a-memchr.o)
                0x00000000080001d0                memchr
 .text          0x0000000008000270       0x30 /Applications/STM32CubeIDE.app/Contents/Eclipse/plugins/com.st.stm32cube.ide.mcu.externaltools.gnu-tools-for-stm32.11.3.rel1.macos64_1.1.1.202309131626/tools/bin/../lib/gcc/arm-none-eabi/11.3.1/thumb/v7e-m+fp/hard/libgcc.a(_aeabi_uldivmod.o)
                0x0000000008000270                __aeabi_uldivmod
 .text          0x00000000080002a0      0x2c8 /Applications/STM32CubeIDE.app/Contents/Eclipse/plugins/com.st.stm32cube.ide.mcu.externaltools.gnu-tools-for-stm32.11.3.rel1.macos64_1.1.1.202309131626/tools/bin/../lib/gcc/arm-none-eabi/11.3.1/thumb/v7e-m+fp/hard/libgcc.a(_udivmoddi4.o)
                0x00000000080002a0                __udivmoddi4
 .text          0x0000000008000568        0x4 /Applications/STM32CubeIDE.app/Contents/Eclipse/plugins/com.st.stm32cube.ide.mcu.externaltools.gnu-tools-for-stm32.11.3.rel1.macos64_1.1.1.202309131626/tools/bin/../lib/gcc/arm-none-eabi/11.3.1/thumb/v7e-m+fp/hard/libgcc.a(_dvmd_tls.o)
                0x0000000008000568                __aeabi_ldiv0
                0x0000000008000568                __aeabi_idiv0
 *(.text*)
 .text.shiftOut
                0x000000000800056c       0x9c ./Core/Src/MultiFunctionShield.o
                0x000000000800056c                shiftOut
 .text.MultiFunctionShield_Single_Digit_Display
                0x0000000008000608       0xb0 ./Core/Src/MultiFunctionShield.o
                0x0000000008000608                MultiFunctionShield_Single_Digit_Display
 .text.MultiFunctionShield_Display_Two_Digits
                0x00000000080006b8       0x94 ./Core/Src/MultiFunctionShield.o
                0x00000000080006b8                MultiFunctionShield_Display_Two_Digits
 .text.Clear_LEDs
                0x000000000800074c       0x3c ./Core/Src/MultiFunctionShield.o
                0x000000000800074c                Clear_LEDs
 .text.MultiFunctionShield_Clear
                0x0000000008000788       0x2c ./Core/Src/MultiFunctionShield.o
                0x0000000008000788                MultiFunctionShield_Clear
 .text.MultiFunctionShield_WriteNumberToSegment
                0x00000000080007b4       0x74 ./Core/Src/MultiFunctionShield.o
                0x00000000080007b4                MultiFunctionShield_WriteNumberToSegment
 .text.MultiFunctionShield__ISRFunc
                0x0000000008000828       0x64 ./Core/Src/MultiFunctionShield.o
                0x0000000008000828                MultiFunctionShield__ISRFunc
 .text.main     0x000000000800088c      0x16c ./Core/Src/main.o
                0x000000000800088c                main
 .text.SystemClock_Config
                0x00000000080009f8       0xa2 ./Core/Src/main.o
                0x00000000080009f8                SystemClock_Config
 *fill*         0x0000000008000a9a        0x2 
 .text.MX_TIM17_Init
                0x0000000008000a9c       0x4c ./Core/Src/main.o
 .text.MX_USART2_UART_Init
                0x0000000008000ae8       0x60 ./Core/Src/main.o
 .text.MX_GPIO_Init
                0x0000000008000b48      0x1cc ./Core/Src/main.o
 .text.HAL_GPIO_EXTI_Callback
                0x0000000008000d14       0x64 ./Core/Src/main.o
                0x0000000008000d14                HAL_GPIO_EXTI_Callback
 .text.__io_putchar
                0x0000000008000d78       0x24 ./Core/Src/main.o
                0x0000000008000d78                __io_putchar
 .text.random_wait
                0x0000000008000d9c       0x3c ./Core/Src/main.o
                0x0000000008000d9c                random_wait
 .text.Semaphore_Toggle_Task
                0x0000000008000dd8       0x30 ./Core/Src/main.o
                0x0000000008000dd8                Semaphore_Toggle_Task
 .text.NotifyToggleTask
                0x0000000008000e08       0x10 ./Core/Src/main.o
                0x0000000008000e08                NotifyToggleTask
 .text.SW_Timer_Task
                0x0000000008000e18       0x50 ./Core/Src/main.o
                0x0000000008000e18                SW_Timer_Task
 .text.Mutex_CountUpTask
                0x0000000008000e68       0x54 ./Core/Src/main.o
                0x0000000008000e68                Mutex_CountUpTask
 .text.Mutex_CountDownTask
                0x0000000008000ebc       0x24 ./Core/Src/main.o
                0x0000000008000ebc                Mutex_CountDownTask
 .text.SW_Timer_Countdown
                0x0000000008000ee0       0x40 ./Core/Src/main.o
                0x0000000008000ee0                SW_Timer_Countdown
 .text.HAL_TIM_PeriodElapsedCallback
                0x0000000008000f20       0x34 ./Core/Src/main.o
                0x0000000008000f20                HAL_TIM_PeriodElapsedCallback
 .text.Error_Handler
                0x0000000008000f54        0xa ./Core/Src/main.o
                0x0000000008000f54                Error_Handler
 *fill*         0x0000000008000f5e        0x2 
 .text.HAL_MspInit
                0x0000000008000f60       0x50 ./Core/Src/stm32l4xx_hal_msp.o
                0x0000000008000f60                HAL_MspInit
 .text.HAL_TIM_Base_MspInit
                0x0000000008000fb0       0x4c ./Core/Src/stm32l4xx_hal_msp.o
                0x0000000008000fb0                HAL_TIM_Base_MspInit
 .text.HAL_UART_MspInit
                0x0000000008000ffc       0xb8 ./Core/Src/stm32l4xx_hal_msp.o
                0x0000000008000ffc                HAL_UART_MspInit
 .text.HAL_InitTick
                0x00000000080010b4       0xf4 ./Core/Src/stm32l4xx_hal_timebase_tim.o
                0x00000000080010b4                HAL_InitTick
 .text.NMI_Handler
                0x00000000080011a8        0x6 ./Core/Src/stm32l4xx_it.o
                0x00000000080011a8                NMI_Handler
 .text.HardFault_Handler
                0x00000000080011ae        0x6 ./Core/Src/stm32l4xx_it.o
                0x00000000080011ae                HardFault_Handler
 .text.MemManage_Handler
                0x00000000080011b4        0x6 ./Core/Src/stm32l4xx_it.o
                0x00000000080011b4                MemManage_Handler
 .text.BusFault_Handler
                0x00000000080011ba        0x6 ./Core/Src/stm32l4xx_it.o
                0x00000000080011ba                BusFault_Handler
 .text.UsageFault_Handler
                0x00000000080011c0        0x6 ./Core/Src/stm32l4xx_it.o
                0x00000000080011c0                UsageFault_Handler
 .text.DebugMon_Handler
                0x00000000080011c6        0xe ./Core/Src/stm32l4xx_it.o
                0x00000000080011c6                DebugMon_Handler
 .text.EXTI0_IRQHandler
                0x00000000080011d4        0xe ./Core/Src/stm32l4xx_it.o
                0x00000000080011d4                EXTI0_IRQHandler
 .text.EXTI1_IRQHandler
                0x00000000080011e2        0xe ./Core/Src/stm32l4xx_it.o
                0x00000000080011e2                EXTI1_IRQHandler
 .text.EXTI4_IRQHandler
                0x00000000080011f0        0xe ./Core/Src/stm32l4xx_it.o
                0x00000000080011f0                EXTI4_IRQHandler
 *fill*         0x00000000080011fe        0x2 
 .text.TIM1_TRG_COM_TIM17_IRQHandler
                0x0000000008001200       0x14 ./Core/Src/stm32l4xx_it.o
                0x0000000008001200                TIM1_TRG_COM_TIM17_IRQHandler
 .text.TIM3_IRQHandler
                0x0000000008001214       0x14 ./Core/Src/stm32l4xx_it.o
                0x0000000008001214                TIM3_IRQHandler
 .text._getpid  0x0000000008001228       0x10 ./Core/Src/syscalls.o
                0x0000000008001228                _getpid
 .text._kill    0x0000000008001238       0x20 ./Core/Src/syscalls.o
                0x0000000008001238                _kill
 .text._exit    0x0000000008001258       0x14 ./Core/Src/syscalls.o
                0x0000000008001258                _exit
 .text._read    0x000000000800126c       0x3a ./Core/Src/syscalls.o
                0x000000000800126c                _read
 .text._write   0x00000000080012a6       0x38 ./Core/Src/syscalls.o
                0x00000000080012a6                _write
 .text._close   0x00000000080012de       0x18 ./Core/Src/syscalls.o
                0x00000000080012de                _close
 .text._fstat   0x00000000080012f6       0x20 ./Core/Src/syscalls.o
                0x00000000080012f6                _fstat
 .text._isatty  0x0000000008001316       0x16 ./Core/Src/syscalls.o
                0x0000000008001316                _isatty
 .text._lseek   0x000000000800132c       0x1a ./Core/Src/syscalls.o
                0x000000000800132c                _lseek
 *fill*         0x0000000008001346        0x2 
 .text._sbrk    0x0000000008001348       0x6c ./Core/Src/sysmem.o
                0x0000000008001348                _sbrk
 .text.SystemInit
                0x00000000080013b4       0x24 ./Core/Src/system_stm32l4xx.o
                0x00000000080013b4                SystemInit
 .text.Reset_Handler
                0x00000000080013d8       0x50 ./Core/Startup/startup_stm32l476rgtx.o
                0x00000000080013d8                Reset_Handler
 .text.Default_Handler
                0x0000000008001428        0x2 ./Core/Startup/startup_stm32l476rgtx.o
                0x0000000008001428                TIM1_BRK_TIM15_IRQHandler
                0x0000000008001428                EXTI2_IRQHandler
                0x0000000008001428                TIM8_TRG_COM_IRQHandler
                0x0000000008001428                TIM8_CC_IRQHandler
                0x0000000008001428                TIM1_CC_IRQHandler
                0x0000000008001428                TSC_IRQHandler
                0x0000000008001428                TAMP_STAMP_IRQHandler
                0x0000000008001428                EXTI3_IRQHandler
                0x0000000008001428                LPTIM2_IRQHandler
                0x0000000008001428                DFSDM1_FLT1_IRQHandler
                0x0000000008001428                I2C3_ER_IRQHandler
                0x0000000008001428                DFSDM1_FLT2_IRQHandler
                0x0000000008001428                I2C2_EV_IRQHandler
                0x0000000008001428                CAN1_RX0_IRQHandler
                0x0000000008001428                FPU_IRQHandler
                0x0000000008001428                TIM1_UP_TIM16_IRQHandler
                0x0000000008001428                ADC1_2_IRQHandler
                0x0000000008001428                SPI1_IRQHandler
                0x0000000008001428                TIM6_DAC_IRQHandler
                0x0000000008001428                TIM8_UP_IRQHandler
                0x0000000008001428                DMA2_Channel2_IRQHandler
                0x0000000008001428                DMA1_Channel4_IRQHandler
                0x0000000008001428                SAI2_IRQHandler
                0x0000000008001428                DFSDM1_FLT3_IRQHandler
                0x0000000008001428                USART3_IRQHandler
                0x0000000008001428                DMA1_Channel7_IRQHandler
                0x0000000008001428                CAN1_RX1_IRQHandler
                0x0000000008001428                LCD_IRQHandler
                0x0000000008001428                UART5_IRQHandler
                0x0000000008001428                ADC3_IRQHandler
                0x0000000008001428                TIM4_IRQHandler
                0x0000000008001428                DMA2_Channel1_IRQHandler
                0x0000000008001428                QUADSPI_IRQHandler
                0x0000000008001428                I2C1_EV_IRQHandler
                0x0000000008001428                DMA1_Channel6_IRQHandler
                0x0000000008001428                UART4_IRQHandler
                0x0000000008001428                DMA2_Channel4_IRQHandler
                0x0000000008001428                RCC_IRQHandler
                0x0000000008001428                DMA1_Channel1_IRQHandler
                0x0000000008001428                Default_Handler
                0x0000000008001428                DMA2_Channel7_IRQHandler
                0x0000000008001428                EXTI15_10_IRQHandler
                0x0000000008001428                TIM7_IRQHandler
                0x0000000008001428                SDMMC1_IRQHandler
                0x0000000008001428                TIM5_IRQHandler
                0x0000000008001428                I2C3_EV_IRQHandler
                0x0000000008001428                EXTI9_5_IRQHandler
                0x0000000008001428                RTC_WKUP_IRQHandler
                0x0000000008001428                PVD_PVM_IRQHandler
                0x0000000008001428                SPI2_IRQHandler
                0x0000000008001428                CAN1_TX_IRQHandler
                0x0000000008001428                DMA2_Channel5_IRQHandler
                0x0000000008001428                DMA1_Channel5_IRQHandler
                0x0000000008001428                RNG_IRQHandler
                0x0000000008001428                DMA1_Channel3_IRQHandler
                0x0000000008001428                COMP_IRQHandler
                0x0000000008001428                WWDG_IRQHandler
                0x0000000008001428                LPUART1_IRQHandler
                0x0000000008001428                DMA2_Channel6_IRQHandler
                0x0000000008001428                TIM2_IRQHandler
                0x0000000008001428                USART2_IRQHandler
                0x0000000008001428                DFSDM1_FLT0_IRQHandler
                0x0000000008001428                I2C2_ER_IRQHandler
                0x0000000008001428                DMA1_Channel2_IRQHandler
                0x0000000008001428                TIM8_BRK_IRQHandler
                0x0000000008001428                CAN1_SCE_IRQHandler
                0x0000000008001428                FLASH_IRQHandler
                0x0000000008001428                USART1_IRQHandler
                0x0000000008001428                OTG_FS_IRQHandler
                0x0000000008001428                SPI3_IRQHandler
                0x0000000008001428                I2C1_ER_IRQHandler
                0x0000000008001428                FMC_IRQHandler
                0x0000000008001428                SWPMI1_IRQHandler
                0x0000000008001428                LPTIM1_IRQHandler
                0x0000000008001428                SAI1_IRQHandler
                0x0000000008001428                DMA2_Channel3_IRQHandler
                0x0000000008001428                RTC_Alarm_IRQHandler
 *fill*         0x000000000800142a        0x2 
 .text.HAL_Init
                0x000000000800142c       0x40 ./Drivers/STM32L4xx_HAL_Driver/Src/stm32l4xx_hal.o
                0x000000000800142c                HAL_Init
 .text.HAL_IncTick
                0x000000000800146c       0x28 ./Drivers/STM32L4xx_HAL_Driver/Src/stm32l4xx_hal.o
                0x000000000800146c                HAL_IncTick
 .text.HAL_GetTick
                0x0000000008001494       0x18 ./Drivers/STM32L4xx_HAL_Driver/Src/stm32l4xx_hal.o
                0x0000000008001494                HAL_GetTick
 .text.__NVIC_SetPriorityGrouping
                0x00000000080014ac       0x48 ./Drivers/STM32L4xx_HAL_Driver/Src/stm32l4xx_hal_cortex.o
 .text.__NVIC_GetPriorityGrouping
                0x00000000080014f4       0x1c ./Drivers/STM32L4xx_HAL_Driver/Src/stm32l4xx_hal_cortex.o
 .text.__NVIC_EnableIRQ
                0x0000000008001510       0x3c ./Drivers/STM32L4xx_HAL_Driver/Src/stm32l4xx_hal_cortex.o
 .text.__NVIC_SetPriority
                0x000000000800154c       0x54 ./Drivers/STM32L4xx_HAL_Driver/Src/stm32l4xx_hal_cortex.o
 .text.NVIC_EncodePriority
                0x00000000080015a0       0x66 ./Drivers/STM32L4xx_HAL_Driver/Src/stm32l4xx_hal_cortex.o
 .text.HAL_NVIC_SetPriorityGrouping
                0x0000000008001606       0x16 ./Drivers/STM32L4xx_HAL_Driver/Src/stm32l4xx_hal_cortex.o
                0x0000000008001606                HAL_NVIC_SetPriorityGrouping
 .text.HAL_NVIC_SetPriority
                0x000000000800161c       0x38 ./Drivers/STM32L4xx_HAL_Driver/Src/stm32l4xx_hal_cortex.o
                0x000000000800161c                HAL_NVIC_SetPriority
 .text.HAL_NVIC_EnableIRQ
                0x0000000008001654       0x1c ./Drivers/STM32L4xx_HAL_Driver/Src/stm32l4xx_hal_cortex.o
                0x0000000008001654                HAL_NVIC_EnableIRQ
 .text.HAL_GPIO_Init
                0x0000000008001670      0x354 ./Drivers/STM32L4xx_HAL_Driver/Src/stm32l4xx_hal_gpio.o
                0x0000000008001670                HAL_GPIO_Init
 .text.HAL_GPIO_WritePin
                0x00000000080019c4       0x30 ./Drivers/STM32L4xx_HAL_Driver/Src/stm32l4xx_hal_gpio.o
                0x00000000080019c4                HAL_GPIO_WritePin
 .text.HAL_GPIO_TogglePin
                0x00000000080019f4       0x34 ./Drivers/STM32L4xx_HAL_Driver/Src/stm32l4xx_hal_gpio.o
                0x00000000080019f4                HAL_GPIO_TogglePin
 .text.HAL_GPIO_EXTI_IRQHandler
                0x0000000008001a28       0x30 ./Drivers/STM32L4xx_HAL_Driver/Src/stm32l4xx_hal_gpio.o
                0x0000000008001a28                HAL_GPIO_EXTI_IRQHandler
 .text.HAL_PWREx_GetVoltageRange
                0x0000000008001a58       0x1c ./Drivers/STM32L4xx_HAL_Driver/Src/stm32l4xx_hal_pwr_ex.o
                0x0000000008001a58                HAL_PWREx_GetVoltageRange
 .text.HAL_PWREx_ControlVoltageScaling
                0x0000000008001a74       0xac ./Drivers/STM32L4xx_HAL_Driver/Src/stm32l4xx_hal_pwr_ex.o
                0x0000000008001a74                HAL_PWREx_ControlVoltageScaling
 .text.HAL_RCC_OscConfig
                0x0000000008001b20      0x7b8 ./Drivers/STM32L4xx_HAL_Driver/Src/stm32l4xx_hal_rcc.o
                0x0000000008001b20                HAL_RCC_OscConfig
 .text.HAL_RCC_ClockConfig
                0x00000000080022d8      0x200 ./Drivers/STM32L4xx_HAL_Driver/Src/stm32l4xx_hal_rcc.o
                0x00000000080022d8                HAL_RCC_ClockConfig
 .text.HAL_RCC_GetSysClockFreq
                0x00000000080024d8      0x118 ./Drivers/STM32L4xx_HAL_Driver/Src/stm32l4xx_hal_rcc.o
                0x00000000080024d8                HAL_RCC_GetSysClockFreq
 .text.HAL_RCC_GetHCLKFreq
                0x00000000080025f0       0x18 ./Drivers/STM32L4xx_HAL_Driver/Src/stm32l4xx_hal_rcc.o
                0x00000000080025f0                HAL_RCC_GetHCLKFreq
 .text.HAL_RCC_GetPCLK1Freq
                0x0000000008002608       0x2c ./Drivers/STM32L4xx_HAL_Driver/Src/stm32l4xx_hal_rcc.o
                0x0000000008002608                HAL_RCC_GetPCLK1Freq
 .text.HAL_RCC_GetPCLK2Freq
                0x0000000008002634       0x2c ./Drivers/STM32L4xx_HAL_Driver/Src/stm32l4xx_hal_rcc.o
                0x0000000008002634                HAL_RCC_GetPCLK2Freq
 .text.HAL_RCC_GetClockConfig
                0x0000000008002660       0x64 ./Drivers/STM32L4xx_HAL_Driver/Src/stm32l4xx_hal_rcc.o
                0x0000000008002660                HAL_RCC_GetClockConfig
 .text.RCC_SetFlashLatencyFromMSIRange
                0x00000000080026c4       0xc0 ./Drivers/STM32L4xx_HAL_Driver/Src/stm32l4xx_hal_rcc.o
 .text.HAL_RCCEx_PeriphCLKConfig
                0x0000000008002784      0x5d4 ./Drivers/STM32L4xx_HAL_Driver/Src/stm32l4xx_hal_rcc_ex.o
                0x0000000008002784                HAL_RCCEx_PeriphCLKConfig
 .text.RCCEx_PLLSAI1_Config
                0x0000000008002d58      0x1e8 ./Drivers/STM32L4xx_HAL_Driver/Src/stm32l4xx_hal_rcc_ex.o
 .text.RCCEx_PLLSAI2_Config
                0x0000000008002f40      0x1bc ./Drivers/STM32L4xx_HAL_Driver/Src/stm32l4xx_hal_rcc_ex.o
 .text.HAL_TIM_Base_Init
                0x00000000080030fc       0xae ./Drivers/STM32L4xx_HAL_Driver/Src/stm32l4xx_hal_tim.o
                0x00000000080030fc                HAL_TIM_Base_Init
 *fill*         0x00000000080031aa        0x2 
 .text.HAL_TIM_Base_Start_IT
                0x00000000080031ac       0xe0 ./Drivers/STM32L4xx_HAL_Driver/Src/stm32l4xx_hal_tim.o
                0x00000000080031ac                HAL_TIM_Base_Start_IT
 .text.HAL_TIM_IRQHandler
                0x000000000800328c      0x204 ./Drivers/STM32L4xx_HAL_Driver/Src/stm32l4xx_hal_tim.o
                0x000000000800328c                HAL_TIM_IRQHandler
 .text.HAL_TIM_OC_DelayElapsedCallback
                0x0000000008003490       0x14 ./Drivers/STM32L4xx_HAL_Driver/Src/stm32l4xx_hal_tim.o
                0x0000000008003490                HAL_TIM_OC_DelayElapsedCallback
 .text.HAL_TIM_IC_CaptureCallback
                0x00000000080034a4       0x14 ./Drivers/STM32L4xx_HAL_Driver/Src/stm32l4xx_hal_tim.o
                0x00000000080034a4                HAL_TIM_IC_CaptureCallback
 .text.HAL_TIM_PWM_PulseFinishedCallback
                0x00000000080034b8       0x14 ./Drivers/STM32L4xx_HAL_Driver/Src/stm32l4xx_hal_tim.o
                0x00000000080034b8                HAL_TIM_PWM_PulseFinishedCallback
 .text.HAL_TIM_TriggerCallback
                0x00000000080034cc       0x14 ./Drivers/STM32L4xx_HAL_Driver/Src/stm32l4xx_hal_tim.o
                0x00000000080034cc                HAL_TIM_TriggerCallback
 .text.TIM_Base_SetConfig
                0x00000000080034e0      0x134 ./Drivers/STM32L4xx_HAL_Driver/Src/stm32l4xx_hal_tim.o
                0x00000000080034e0                TIM_Base_SetConfig
 .text.HAL_TIMEx_CommutCallback
                0x0000000008003614       0x14 ./Drivers/STM32L4xx_HAL_Driver/Src/stm32l4xx_hal_tim_ex.o
                0x0000000008003614                HAL_TIMEx_CommutCallback
 .text.HAL_TIMEx_BreakCallback
                0x0000000008003628       0x14 ./Drivers/STM32L4xx_HAL_Driver/Src/stm32l4xx_hal_tim_ex.o
                0x0000000008003628                HAL_TIMEx_BreakCallback
 .text.HAL_TIMEx_Break2Callback
                0x000000000800363c       0x14 ./Drivers/STM32L4xx_HAL_Driver/Src/stm32l4xx_hal_tim_ex.o
                0x000000000800363c                HAL_TIMEx_Break2Callback
 .text.HAL_UART_Init
                0x0000000008003650       0x9c ./Drivers/STM32L4xx_HAL_Driver/Src/stm32l4xx_hal_uart.o
                0x0000000008003650                HAL_UART_Init
 .text.HAL_UART_Transmit
                0x00000000080036ec      0x114 ./Drivers/STM32L4xx_HAL_Driver/Src/stm32l4xx_hal_uart.o
                0x00000000080036ec                HAL_UART_Transmit
 .text.UART_SetConfig
                0x0000000008003800      0x570 ./Drivers/STM32L4xx_HAL_Driver/Src/stm32l4xx_hal_uart.o
                0x0000000008003800                UART_SetConfig
 .text.UART_AdvFeatureConfig
                0x0000000008003d70      0x144 ./Drivers/STM32L4xx_HAL_Driver/Src/stm32l4xx_hal_uart.o
                0x0000000008003d70                UART_AdvFeatureConfig
 .text.UART_CheckIdleState
                0x0000000008003eb4      0x150 ./Drivers/STM32L4xx_HAL_Driver/Src/stm32l4xx_hal_uart.o
                0x0000000008003eb4                UART_CheckIdleState
 .text.UART_WaitOnFlagUntilTimeout
                0x0000000008004004       0xce ./Drivers/STM32L4xx_HAL_Driver/Src/stm32l4xx_hal_uart.o
                0x0000000008004004                UART_WaitOnFlagUntilTimeout
 .text.UART_EndRxTransfer
                0x00000000080040d2       0xc8 ./Drivers/STM32L4xx_HAL_Driver/Src/stm32l4xx_hal_uart.o
 *fill*         0x000000000800419a        0x2 
 .text.__NVIC_SetPriority
                0x000000000800419c       0x54 ./Middlewares/Third_Party/FreeRTOS/Source/CMSIS_RTOS_V2/cmsis_os2.o
 .text.SysTick_Handler
                0x00000000080041f0       0x20 ./Middlewares/Third_Party/FreeRTOS/Source/CMSIS_RTOS_V2/cmsis_os2.o
                0x00000000080041f0                SysTick_Handler
 .text.SVC_Setup
                0x0000000008004210       0x12 ./Middlewares/Third_Party/FreeRTOS/Source/CMSIS_RTOS_V2/cmsis_os2.o
 *fill*         0x0000000008004222        0x2 
 .text.osKernelInitialize
                0x0000000008004224       0x48 ./Middlewares/Third_Party/FreeRTOS/Source/CMSIS_RTOS_V2/cmsis_os2.o
                0x0000000008004224                osKernelInitialize
 .text.osKernelStart
                0x000000000800426c       0x4c ./Middlewares/Third_Party/FreeRTOS/Source/CMSIS_RTOS_V2/cmsis_os2.o
                0x000000000800426c                osKernelStart
 .text.osThreadNew
                0x00000000080042b8      0x124 ./Middlewares/Third_Party/FreeRTOS/Source/CMSIS_RTOS_V2/cmsis_os2.o
                0x00000000080042b8                osThreadNew
 .text.osDelay  0x00000000080043dc       0x36 ./Middlewares/Third_Party/FreeRTOS/Source/CMSIS_RTOS_V2/cmsis_os2.o
                0x00000000080043dc                osDelay
 .text.TimerCallback
                0x0000000008004412       0x2a ./Middlewares/Third_Party/FreeRTOS/Source/CMSIS_RTOS_V2/cmsis_os2.o
 .text.osTimerNew
                0x000000000800443c       0xf8 ./Middlewares/Third_Party/FreeRTOS/Source/CMSIS_RTOS_V2/cmsis_os2.o
                0x000000000800443c                osTimerNew
 .text.osTimerStart
                0x0000000008004534       0x5c ./Middlewares/Third_Party/FreeRTOS/Source/CMSIS_RTOS_V2/cmsis_os2.o
                0x0000000008004534                osTimerStart
 .text.osTimerStop
                0x0000000008004590       0x6e ./Middlewares/Third_Party/FreeRTOS/Source/CMSIS_RTOS_V2/cmsis_os2.o
                0x0000000008004590                osTimerStop
 .text.osTimerIsRunning
                0x00000000080045fe       0x38 ./Middlewares/Third_Party/FreeRTOS/Source/CMSIS_RTOS_V2/cmsis_os2.o
                0x00000000080045fe                osTimerIsRunning
 .text.osMutexNew
                0x0000000008004636      0x10c ./Middlewares/Third_Party/FreeRTOS/Source/CMSIS_RTOS_V2/cmsis_os2.o
                0x0000000008004636                osMutexNew
 .text.osMutexAcquire
                0x0000000008004742       0x96 ./Middlewares/Third_Party/FreeRTOS/Source/CMSIS_RTOS_V2/cmsis_os2.o
                0x0000000008004742                osMutexAcquire
 .text.osMutexRelease
                0x00000000080047d8       0x7a ./Middlewares/Third_Party/FreeRTOS/Source/CMSIS_RTOS_V2/cmsis_os2.o
                0x00000000080047d8                osMutexRelease
 .text.osSemaphoreNew
                0x0000000008004852      0x112 ./Middlewares/Third_Party/FreeRTOS/Source/CMSIS_RTOS_V2/cmsis_os2.o
                0x0000000008004852                osSemaphoreNew
 .text.osSemaphoreAcquire
                0x0000000008004964       0xa4 ./Middlewares/Third_Party/FreeRTOS/Source/CMSIS_RTOS_V2/cmsis_os2.o
                0x0000000008004964                osSemaphoreAcquire
 .text.osSemaphoreRelease
                0x0000000008004a08       0x88 ./Middlewares/Third_Party/FreeRTOS/Source/CMSIS_RTOS_V2/cmsis_os2.o
                0x0000000008004a08                osSemaphoreRelease
 .text.vApplicationGetIdleTaskMemory
                0x0000000008004a90       0x34 ./Middlewares/Third_Party/FreeRTOS/Source/CMSIS_RTOS_V2/cmsis_os2.o
                0x0000000008004a90                vApplicationGetIdleTaskMemory
 .text.vApplicationGetTimerTaskMemory
                0x0000000008004ac4       0x34 ./Middlewares/Third_Party/FreeRTOS/Source/CMSIS_RTOS_V2/cmsis_os2.o
                0x0000000008004ac4                vApplicationGetTimerTaskMemory
 .text.vListInitialise
                0x0000000008004af8       0x40 ./Middlewares/Third_Party/FreeRTOS/Source/list.o
                0x0000000008004af8                vListInitialise
 .text.vListInitialiseItem
                0x0000000008004b38       0x1a ./Middlewares/Third_Party/FreeRTOS/Source/list.o
                0x0000000008004b38                vListInitialiseItem
 .text.vListInsertEnd
                0x0000000008004b52       0x48 ./Middlewares/Third_Party/FreeRTOS/Source/list.o
                0x0000000008004b52                vListInsertEnd
 .text.vListInsert
                0x0000000008004b9a       0x72 ./Middlewares/Third_Party/FreeRTOS/Source/list.o
                0x0000000008004b9a                vListInsert
 .text.uxListRemove
                0x0000000008004c0c       0x54 ./Middlewares/Third_Party/FreeRTOS/Source/list.o
                0x0000000008004c0c                uxListRemove
 .text.xQueueGenericReset
                0x0000000008004c60       0xd0 ./Middlewares/Third_Party/FreeRTOS/Source/queue.o
                0x0000000008004c60                xQueueGenericReset
 .text.xQueueGenericCreateStatic
                0x0000000008004d30       0xf0 ./Middlewares/Third_Party/FreeRTOS/Source/queue.o
                0x0000000008004d30                xQueueGenericCreateStatic
 .text.xQueueGenericCreate
                0x0000000008004e20       0x74 ./Middlewares/Third_Party/FreeRTOS/Source/queue.o
                0x0000000008004e20                xQueueGenericCreate
 .text.prvInitialiseNewQueue
                0x0000000008004e94       0x46 ./Middlewares/Third_Party/FreeRTOS/Source/queue.o
 .text.prvInitialiseMutex
                0x0000000008004eda       0x34 ./Middlewares/Third_Party/FreeRTOS/Source/queue.o
 .text.xQueueCreateMutex
                0x0000000008004f0e       0x30 ./Middlewares/Third_Party/FreeRTOS/Source/queue.o
                0x0000000008004f0e                xQueueCreateMutex
 .text.xQueueCreateMutexStatic
                0x0000000008004f3e       0x36 ./Middlewares/Third_Party/FreeRTOS/Source/queue.o
                0x0000000008004f3e                xQueueCreateMutexStatic
 .text.xQueueGiveMutexRecursive
                0x0000000008004f74       0x68 ./Middlewares/Third_Party/FreeRTOS/Source/queue.o
                0x0000000008004f74                xQueueGiveMutexRecursive
 .text.xQueueTakeMutexRecursive
                0x0000000008004fdc       0x6c ./Middlewares/Third_Party/FreeRTOS/Source/queue.o
                0x0000000008004fdc                xQueueTakeMutexRecursive
 .text.xQueueCreateCountingSemaphoreStatic
                0x0000000008005048       0x6e ./Middlewares/Third_Party/FreeRTOS/Source/queue.o
                0x0000000008005048                xQueueCreateCountingSemaphoreStatic
 .text.xQueueCreateCountingSemaphore
                0x00000000080050b6       0x66 ./Middlewares/Third_Party/FreeRTOS/Source/queue.o
                0x00000000080050b6                xQueueCreateCountingSemaphore
 .text.xQueueGenericSend
                0x000000000800511c      0x1fc ./Middlewares/Third_Party/FreeRTOS/Source/queue.o
                0x000000000800511c                xQueueGenericSend
 .text.xQueueGenericSendFromISR
                0x0000000008005318      0x136 ./Middlewares/Third_Party/FreeRTOS/Source/queue.o
                0x0000000008005318                xQueueGenericSendFromISR
 .text.xQueueGiveFromISR
                0x000000000800544e      0x11a ./Middlewares/Third_Party/FreeRTOS/Source/queue.o
                0x000000000800544e                xQueueGiveFromISR
 .text.xQueueReceive
                0x0000000008005568      0x1c0 ./Middlewares/Third_Party/FreeRTOS/Source/queue.o
                0x0000000008005568                xQueueReceive
 .text.xQueueSemaphoreTake
                0x0000000008005728      0x218 ./Middlewares/Third_Party/FreeRTOS/Source/queue.o
                0x0000000008005728                xQueueSemaphoreTake
 .text.xQueueReceiveFromISR
                0x0000000008005940      0x100 ./Middlewares/Third_Party/FreeRTOS/Source/queue.o
                0x0000000008005940                xQueueReceiveFromISR
 .text.vQueueDelete
                0x0000000008005a40       0x46 ./Middlewares/Third_Party/FreeRTOS/Source/queue.o
                0x0000000008005a40                vQueueDelete
 .text.prvGetDisinheritPriorityAfterTimeout
                0x0000000008005a86       0x30 ./Middlewares/Third_Party/FreeRTOS/Source/queue.o
 .text.prvCopyDataToQueue
                0x0000000008005ab6       0xd4 ./Middlewares/Third_Party/FreeRTOS/Source/queue.o
 .text.prvCopyDataFromQueue
                0x0000000008005b8a       0x4c ./Middlewares/Third_Party/FreeRTOS/Source/queue.o
 .text.prvUnlockQueue
                0x0000000008005bd6       0xa4 ./Middlewares/Third_Party/FreeRTOS/Source/queue.o
 .text.prvIsQueueEmpty
                0x0000000008005c7a       0x2c ./Middlewares/Third_Party/FreeRTOS/Source/queue.o
 .text.prvIsQueueFull
                0x0000000008005ca6       0x30 ./Middlewares/Third_Party/FreeRTOS/Source/queue.o
 *fill*         0x0000000008005cd6        0x2 
 .text.vQueueAddToRegistry
                0x0000000008005cd8       0x54 ./Middlewares/Third_Party/FreeRTOS/Source/queue.o
                0x0000000008005cd8                vQueueAddToRegistry
 .text.vQueueUnregisterQueue
                0x0000000008005d2c       0x54 ./Middlewares/Third_Party/FreeRTOS/Source/queue.o
                0x0000000008005d2c                vQueueUnregisterQueue
 .text.vQueueWaitForMessageRestricted
                0x0000000008005d80       0x68 ./Middlewares/Third_Party/FreeRTOS/Source/queue.o
                0x0000000008005d80                vQueueWaitForMessageRestricted
 .text.xTaskCreateStatic
                0x0000000008005de8       0xba ./Middlewares/Third_Party/FreeRTOS/Source/tasks.o
                0x0000000008005de8                xTaskCreateStatic
 .text.xTaskCreate
                0x0000000008005ea2       0x8a ./Middlewares/Third_Party/FreeRTOS/Source/tasks.o
                0x0000000008005ea2                xTaskCreate
 .text.prvInitialiseNewTask
                0x0000000008005f2c      0x14c ./Middlewares/Third_Party/FreeRTOS/Source/tasks.o
 .text.prvAddNewTaskToReadyList
                0x0000000008006078       0xe0 ./Middlewares/Third_Party/FreeRTOS/Source/tasks.o
 .text.vTaskDelay
                0x0000000008006158       0x68 ./Middlewares/Third_Party/FreeRTOS/Source/tasks.o
                0x0000000008006158                vTaskDelay
 .text.vTaskStartScheduler
                0x00000000080061c0       0xe0 ./Middlewares/Third_Party/FreeRTOS/Source/tasks.o
                0x00000000080061c0                vTaskStartScheduler
 .text.vTaskSuspendAll
                0x00000000080062a0       0x1c ./Middlewares/Third_Party/FreeRTOS/Source/tasks.o
                0x00000000080062a0                vTaskSuspendAll
 .text.xTaskResumeAll
                0x00000000080062bc      0x13c ./Middlewares/Third_Party/FreeRTOS/Source/tasks.o
                0x00000000080062bc                xTaskResumeAll
 .text.xTaskGetTickCount
                0x00000000080063f8       0x20 ./Middlewares/Third_Party/FreeRTOS/Source/tasks.o
                0x00000000080063f8                xTaskGetTickCount
 .text.xTaskIncrementTick
                0x0000000008006418      0x174 ./Middlewares/Third_Party/FreeRTOS/Source/tasks.o
                0x0000000008006418                xTaskIncrementTick
 .text.vTaskSwitchContext
                0x000000000800658c       0xc8 ./Middlewares/Third_Party/FreeRTOS/Source/tasks.o
                0x000000000800658c                vTaskSwitchContext
 .text.vTaskPlaceOnEventList
                0x0000000008006654       0x48 ./Middlewares/Third_Party/FreeRTOS/Source/tasks.o
                0x0000000008006654                vTaskPlaceOnEventList
 .text.vTaskPlaceOnEventListRestricted
                0x000000000800669c       0x58 ./Middlewares/Third_Party/FreeRTOS/Source/tasks.o
                0x000000000800669c                vTaskPlaceOnEventListRestricted
 .text.xTaskRemoveFromEventList
                0x00000000080066f4       0xc8 ./Middlewares/Third_Party/FreeRTOS/Source/tasks.o
                0x00000000080066f4                xTaskRemoveFromEventList
 .text.vTaskInternalSetTimeOutState
                0x00000000080067bc       0x2c ./Middlewares/Third_Party/FreeRTOS/Source/tasks.o
                0x00000000080067bc                vTaskInternalSetTimeOutState
 .text.xTaskCheckForTimeOut
                0x00000000080067e8       0xc4 ./Middlewares/Third_Party/FreeRTOS/Source/tasks.o
                0x00000000080067e8                xTaskCheckForTimeOut
 .text.vTaskMissedYield
                0x00000000080068ac       0x18 ./Middlewares/Third_Party/FreeRTOS/Source/tasks.o
                0x00000000080068ac                vTaskMissedYield
 .text.prvIdleTask
                0x00000000080068c4       0x30 ./Middlewares/Third_Party/FreeRTOS/Source/tasks.o
 .text.prvInitialiseTaskLists
                0x00000000080068f4       0x80 ./Middlewares/Third_Party/FreeRTOS/Source/tasks.o
 .text.prvCheckTasksWaitingTermination
                0x0000000008006974       0x5c ./Middlewares/Third_Party/FreeRTOS/Source/tasks.o
 .text.prvDeleteTCB
                0x00000000080069d0       0x68 ./Middlewares/Third_Party/FreeRTOS/Source/tasks.o
 .text.prvResetNextTaskUnblockTime
                0x0000000008006a38       0x40 ./Middlewares/Third_Party/FreeRTOS/Source/tasks.o
 .text.xTaskGetCurrentTaskHandle
                0x0000000008006a78       0x20 ./Middlewares/Third_Party/FreeRTOS/Source/tasks.o
                0x0000000008006a78                xTaskGetCurrentTaskHandle
 .text.xTaskGetSchedulerState
                0x0000000008006a98       0x3c ./Middlewares/Third_Party/FreeRTOS/Source/tasks.o
                0x0000000008006a98                xTaskGetSchedulerState
 .text.xTaskPriorityInherit
                0x0000000008006ad4       0xd0 ./Middlewares/Third_Party/FreeRTOS/Source/tasks.o
                0x0000000008006ad4                xTaskPriorityInherit
 .text.xTaskPriorityDisinherit
                0x0000000008006ba4       0xdc ./Middlewares/Third_Party/FreeRTOS/Source/tasks.o
                0x0000000008006ba4                xTaskPriorityDisinherit
 .text.vTaskPriorityDisinheritAfterTimeout
                0x0000000008006c80      0x104 ./Middlewares/Third_Party/FreeRTOS/Source/tasks.o
                0x0000000008006c80                vTaskPriorityDisinheritAfterTimeout
 .text.pvTaskIncrementMutexHeldCount
                0x0000000008006d84       0x28 ./Middlewares/Third_Party/FreeRTOS/Source/tasks.o
                0x0000000008006d84                pvTaskIncrementMutexHeldCount
 .text.prvAddCurrentTaskToDelayedList
                0x0000000008006dac       0xa8 ./Middlewares/Third_Party/FreeRTOS/Source/tasks.o
 .text.xTimerCreateTimerTask
                0x0000000008006e54       0x90 ./Middlewares/Third_Party/FreeRTOS/Source/timers.o
                0x0000000008006e54                xTimerCreateTimerTask
 .text.xTimerCreate
                0x0000000008006ee4       0x42 ./Middlewares/Third_Party/FreeRTOS/Source/timers.o
                0x0000000008006ee4                xTimerCreate
 .text.xTimerCreateStatic
                0x0000000008006f26       0x7c ./Middlewares/Third_Party/FreeRTOS/Source/timers.o
                0x0000000008006f26                xTimerCreateStatic
 .text.prvInitialiseNewTimer
                0x0000000008006fa2       0x76 ./Middlewares/Third_Party/FreeRTOS/Source/timers.o
 .text.xTimerGenericCommand
                0x0000000008007018       0x9c ./Middlewares/Third_Party/FreeRTOS/Source/timers.o
                0x0000000008007018                xTimerGenericCommand
 .text.prvProcessExpiredTimer
                0x00000000080070b4       0x98 ./Middlewares/Third_Party/FreeRTOS/Source/timers.o
 .text.prvTimerTask
                0x000000000800714c       0x24 ./Middlewares/Third_Party/FreeRTOS/Source/timers.o
 .text.prvProcessTimerOrBlockTask
                0x0000000008007170       0x9c ./Middlewares/Third_Party/FreeRTOS/Source/timers.o
 .text.prvGetNextExpireTime
                0x000000000800720c       0x48 ./Middlewares/Third_Party/FreeRTOS/Source/timers.o
 .text.prvSampleTimeNow
                0x0000000008007254       0x40 ./Middlewares/Third_Party/FreeRTOS/Source/timers.o
 .text.prvInsertTimerInActiveList
                0x0000000008007294       0x84 ./Middlewares/Third_Party/FreeRTOS/Source/timers.o
 .text.prvProcessReceivedCommands
                0x0000000008007318      0x1c4 ./Middlewares/Third_Party/FreeRTOS/Source/timers.o
 .text.prvSwitchTimerLists
                0x00000000080074dc       0xc8 ./Middlewares/Third_Party/FreeRTOS/Source/timers.o
 .text.prvCheckForValidListAndQueue
                0x00000000080075a4       0x80 ./Middlewares/Third_Party/FreeRTOS/Source/timers.o
 .text.xTimerIsTimerActive
                0x0000000008007624       0x52 ./Middlewares/Third_Party/FreeRTOS/Source/timers.o
                0x0000000008007624                xTimerIsTimerActive
 .text.pvTimerGetTimerID
                0x0000000008007676       0x40 ./Middlewares/Third_Party/FreeRTOS/Source/timers.o
                0x0000000008007676                pvTimerGetTimerID
 *fill*         0x00000000080076b6        0x2 
 .text.pxPortInitialiseStack
                0x00000000080076b8       0x68 ./Middlewares/Third_Party/FreeRTOS/Source/portable/GCC/ARM_CM4F/port.o
                0x00000000080076b8                pxPortInitialiseStack
 .text.prvTaskExitError
                0x0000000008007720       0x58 ./Middlewares/Third_Party/FreeRTOS/Source/portable/GCC/ARM_CM4F/port.o
 *fill*         0x0000000008007778        0x8 
 .text.SVC_Handler
                0x0000000008007780       0x28 ./Middlewares/Third_Party/FreeRTOS/Source/portable/GCC/ARM_CM4F/port.o
                0x0000000008007780                SVC_Handler
 .text.prvPortStartFirstTask
                0x00000000080077a8       0x28 ./Middlewares/Third_Party/FreeRTOS/Source/portable/GCC/ARM_CM4F/port.o
 .text.xPortStartScheduler
                0x00000000080077d0      0x144 ./Middlewares/Third_Party/FreeRTOS/Source/portable/GCC/ARM_CM4F/port.o
                0x00000000080077d0                xPortStartScheduler
 .text.vPortEnterCritical
                0x0000000008007914       0x60 ./Middlewares/Third_Party/FreeRTOS/Source/portable/GCC/ARM_CM4F/port.o
                0x0000000008007914                vPortEnterCritical
 .text.vPortExitCritical
                0x0000000008007974       0x54 ./Middlewares/Third_Party/FreeRTOS/Source/portable/GCC/ARM_CM4F/port.o
                0x0000000008007974                vPortExitCritical
 *fill*         0x00000000080079c8        0x8 
 .text.PendSV_Handler
                0x00000000080079d0       0x68 ./Middlewares/Third_Party/FreeRTOS/Source/portable/GCC/ARM_CM4F/port.o
                0x00000000080079d0                PendSV_Handler
 .text.xPortSysTickHandler
                0x0000000008007a38       0x44 ./Middlewares/Third_Party/FreeRTOS/Source/portable/GCC/ARM_CM4F/port.o
                0x0000000008007a38                xPortSysTickHandler
 .text.vPortSetupTimerInterrupt
                0x0000000008007a7c       0x48 ./Middlewares/Third_Party/FreeRTOS/Source/portable/GCC/ARM_CM4F/port.o
                0x0000000008007a7c                vPortSetupTimerInterrupt
 .text.vPortEnableVFP
                0x0000000008007ac4       0x14 ./Middlewares/Third_Party/FreeRTOS/Source/portable/GCC/ARM_CM4F/port.o
 .text.vPortValidateInterruptPriority
                0x0000000008007ad8       0x80 ./Middlewares/Third_Party/FreeRTOS/Source/portable/GCC/ARM_CM4F/port.o
                0x0000000008007ad8                vPortValidateInterruptPriority
 .text.pvPortMalloc
                0x0000000008007b58      0x198 ./Middlewares/Third_Party/FreeRTOS/Source/portable/MemMang/heap_4.o
                0x0000000008007b58                pvPortMalloc
 .text.vPortFree
                0x0000000008007cf0       0xc4 ./Middlewares/Third_Party/FreeRTOS/Source/portable/MemMang/heap_4.o
                0x0000000008007cf0                vPortFree
 .text.prvHeapInit
                0x0000000008007db4       0xc4 ./Middlewares/Third_Party/FreeRTOS/Source/portable/MemMang/heap_4.o
 .text.prvInsertBlockIntoFreeList
                0x0000000008007e78       0xb4 ./Middlewares/Third_Party/FreeRTOS/Source/portable/MemMang/heap_4.o
 .text.srand    0x0000000008007f2c       0x5c /Applications/STM32CubeIDE.app/Contents/Eclipse/plugins/com.st.stm32cube.ide.mcu.externaltools.gnu-tools-for-stm32.11.3.rel1.macos64_1.1.1.202309131626/tools/bin/../lib/gcc/arm-none-eabi/11.3.1/../../../../arm-none-eabi/lib/thumb/v7e-m+fp/hard/libc_nano.a(libc_a-rand.o)
                0x0000000008007f2c                srand
 .text.rand     0x0000000008007f88       0x7c /Applications/STM32CubeIDE.app/Contents/Eclipse/plugins/com.st.stm32cube.ide.mcu.externaltools.gnu-tools-for-stm32.11.3.rel1.macos64_1.1.1.202309131626/tools/bin/../lib/gcc/arm-none-eabi/11.3.1/../../../../arm-none-eabi/lib/thumb/v7e-m+fp/hard/libc_nano.a(libc_a-rand.o)
                0x0000000008007f88                rand
 .text.std      0x0000000008008004       0x6c /Applications/STM32CubeIDE.app/Contents/Eclipse/plugins/com.st.stm32cube.ide.mcu.externaltools.gnu-tools-for-stm32.11.3.rel1.macos64_1.1.1.202309131626/tools/bin/../lib/gcc/arm-none-eabi/11.3.1/../../../../arm-none-eabi/lib/thumb/v7e-m+fp/hard/libc_nano.a(libc_a-findfp.o)
 .text.stdio_exit_handler
                0x0000000008008070       0x18 /Applications/STM32CubeIDE.app/Contents/Eclipse/plugins/com.st.stm32cube.ide.mcu.externaltools.gnu-tools-for-stm32.11.3.rel1.macos64_1.1.1.202309131626/tools/bin/../lib/gcc/arm-none-eabi/11.3.1/../../../../arm-none-eabi/lib/thumb/v7e-m+fp/hard/libc_nano.a(libc_a-findfp.o)
 .text.cleanup_stdio
                0x0000000008008088       0x40 /Applications/STM32CubeIDE.app/Contents/Eclipse/plugins/com.st.stm32cube.ide.mcu.externaltools.gnu-tools-for-stm32.11.3.rel1.macos64_1.1.1.202309131626/tools/bin/../lib/gcc/arm-none-eabi/11.3.1/../../../../arm-none-eabi/lib/thumb/v7e-m+fp/hard/libc_nano.a(libc_a-findfp.o)
 .text.global_stdio_init.part.0
                0x00000000080080c8       0x3c /Applications/STM32CubeIDE.app/Contents/Eclipse/plugins/com.st.stm32cube.ide.mcu.externaltools.gnu-tools-for-stm32.11.3.rel1.macos64_1.1.1.202309131626/tools/bin/../lib/gcc/arm-none-eabi/11.3.1/../../../../arm-none-eabi/lib/thumb/v7e-m+fp/hard/libc_nano.a(libc_a-findfp.o)
 .text.__sfp_lock_acquire
                0x0000000008008104        0xc /Applications/STM32CubeIDE.app/Contents/Eclipse/plugins/com.st.stm32cube.ide.mcu.externaltools.gnu-tools-for-stm32.11.3.rel1.macos64_1.1.1.202309131626/tools/bin/../lib/gcc/arm-none-eabi/11.3.1/../../../../arm-none-eabi/lib/thumb/v7e-m+fp/hard/libc_nano.a(libc_a-findfp.o)
                0x0000000008008104                __sfp_lock_acquire
 .text.__sfp_lock_release
                0x0000000008008110        0xc /Applications/STM32CubeIDE.app/Contents/Eclipse/plugins/com.st.stm32cube.ide.mcu.externaltools.gnu-tools-for-stm32.11.3.rel1.macos64_1.1.1.202309131626/tools/bin/../lib/gcc/arm-none-eabi/11.3.1/../../../../arm-none-eabi/lib/thumb/v7e-m+fp/hard/libc_nano.a(libc_a-findfp.o)
                0x0000000008008110                __sfp_lock_release
 .text.__sinit  0x000000000800811c       0x30 /Applications/STM32CubeIDE.app/Contents/Eclipse/plugins/com.st.stm32cube.ide.mcu.externaltools.gnu-tools-for-stm32.11.3.rel1.macos64_1.1.1.202309131626/tools/bin/../lib/gcc/arm-none-eabi/11.3.1/../../../../arm-none-eabi/lib/thumb/v7e-m+fp/hard/libc_nano.a(libc_a-findfp.o)
                0x000000000800811c                __sinit
 .text._fwalk_sglue
                0x000000000800814c       0x3c /Applications/STM32CubeIDE.app/Contents/Eclipse/plugins/com.st.stm32cube.ide.mcu.externaltools.gnu-tools-for-stm32.11.3.rel1.macos64_1.1.1.202309131626/tools/bin/../lib/gcc/arm-none-eabi/11.3.1/../../../../arm-none-eabi/lib/thumb/v7e-m+fp/hard/libc_nano.a(libc_a-fwalk.o)
                0x000000000800814c                _fwalk_sglue
 .text.printf   0x0000000008008188       0x24 /Applications/STM32CubeIDE.app/Contents/Eclipse/plugins/com.st.stm32cube.ide.mcu.externaltools.gnu-tools-for-stm32.11.3.rel1.macos64_1.1.1.202309131626/tools/bin/../lib/gcc/arm-none-eabi/11.3.1/../../../../arm-none-eabi/lib/thumb/v7e-m+fp/hard/libc_nano.a(libc_a-printf.o)
                0x0000000008008188                printf
                0x0000000008008188                iprintf
 .text.memset   0x00000000080081ac       0x10 /Applications/STM32CubeIDE.app/Contents/Eclipse/plugins/com.st.stm32cube.ide.mcu.externaltools.gnu-tools-for-stm32.11.3.rel1.macos64_1.1.1.202309131626/tools/bin/../lib/gcc/arm-none-eabi/11.3.1/../../../../arm-none-eabi/lib/thumb/v7e-m+fp/hard/libc_nano.a(libc_a-memset.o)
                0x00000000080081ac                memset
 .text._reclaim_reent
                0x00000000080081bc       0xac /Applications/STM32CubeIDE.app/Contents/Eclipse/plugins/com.st.stm32cube.ide.mcu.externaltools.gnu-tools-for-stm32.11.3.rel1.macos64_1.1.1.202309131626/tools/bin/../lib/gcc/arm-none-eabi/11.3.1/../../../../arm-none-eabi/lib/thumb/v7e-m+fp/hard/libc_nano.a(libc_a-reent.o)
                0x00000000080081bc                _reclaim_reent
 .text.__errno  0x0000000008008268        0xc /Applications/STM32CubeIDE.app/Contents/Eclipse/plugins/com.st.stm32cube.ide.mcu.externaltools.gnu-tools-for-stm32.11.3.rel1.macos64_1.1.1.202309131626/tools/bin/../lib/gcc/arm-none-eabi/11.3.1/../../../../arm-none-eabi/lib/thumb/v7e-m+fp/hard/libc_nano.a(libc_a-errno.o)
                0x0000000008008268                __errno
 .text.__libc_init_array
                0x0000000008008274       0x48 /Applications/STM32CubeIDE.app/Contents/Eclipse/plugins/com.st.stm32cube.ide.mcu.externaltools.gnu-tools-for-stm32.11.3.rel1.macos64_1.1.1.202309131626/tools/bin/../lib/gcc/arm-none-eabi/11.3.1/../../../../arm-none-eabi/lib/thumb/v7e-m+fp/hard/libc_nano.a(libc_a-init.o)
                0x0000000008008274                __libc_init_array
 .text.__retarget_lock_init_recursive
                0x00000000080082bc        0x2 /Applications/STM32CubeIDE.app/Contents/Eclipse/plugins/com.st.stm32cube.ide.mcu.externaltools.gnu-tools-for-stm32.11.3.rel1.macos64_1.1.1.202309131626/tools/bin/../lib/gcc/arm-none-eabi/11.3.1/../../../../arm-none-eabi/lib/thumb/v7e-m+fp/hard/libc_nano.a(libc_a-lock.o)
                0x00000000080082bc                __retarget_lock_init_recursive
 .text.__retarget_lock_acquire_recursive
                0x00000000080082be        0x2 /Applications/STM32CubeIDE.app/Contents/Eclipse/plugins/com.st.stm32cube.ide.mcu.externaltools.gnu-tools-for-stm32.11.3.rel1.macos64_1.1.1.202309131626/tools/bin/../lib/gcc/arm-none-eabi/11.3.1/../../../../arm-none-eabi/lib/thumb/v7e-m+fp/hard/libc_nano.a(libc_a-lock.o)
                0x00000000080082be                __retarget_lock_acquire_recursive
 .text.__retarget_lock_release_recursive
                0x00000000080082c0        0x2 /Applications/STM32CubeIDE.app/Contents/Eclipse/plugins/com.st.stm32cube.ide.mcu.externaltools.gnu-tools-for-stm32.11.3.rel1.macos64_1.1.1.202309131626/tools/bin/../lib/gcc/arm-none-eabi/11.3.1/../../../../arm-none-eabi/lib/thumb/v7e-m+fp/hard/libc_nano.a(libc_a-lock.o)
                0x00000000080082c0                __retarget_lock_release_recursive
 .text.memcpy   0x00000000080082c2       0x1c /Applications/STM32CubeIDE.app/Contents/Eclipse/plugins/com.st.stm32cube.ide.mcu.externaltools.gnu-tools-for-stm32.11.3.rel1.macos64_1.1.1.202309131626/tools/bin/../lib/gcc/arm-none-eabi/11.3.1/../../../../arm-none-eabi/lib/thumb/v7e-m+fp/hard/libc_nano.a(libc_a-memcpy-stub.o)
                0x00000000080082c2                memcpy
 *fill*         0x00000000080082de        0x2 
 .text.__assert_func
                0x00000000080082e0       0x3c /Applications/STM32CubeIDE.app/Contents/Eclipse/plugins/com.st.stm32cube.ide.mcu.externaltools.gnu-tools-for-stm32.11.3.rel1.macos64_1.1.1.202309131626/tools/bin/../lib/gcc/arm-none-eabi/11.3.1/../../../../arm-none-eabi/lib/thumb/v7e-m+fp/hard/libc_nano.a(libc_a-assert.o)
                0x00000000080082e0                __assert_func
 .text._free_r  0x000000000800831c       0x98 /Applications/STM32CubeIDE.app/Contents/Eclipse/plugins/com.st.stm32cube.ide.mcu.externaltools.gnu-tools-for-stm32.11.3.rel1.macos64_1.1.1.202309131626/tools/bin/../lib/gcc/arm-none-eabi/11.3.1/../../../../arm-none-eabi/lib/thumb/v7e-m+fp/hard/libc_nano.a(libc_a-freer.o)
                0x000000000800831c                _free_r
 .text.__sfputc_r
                0x00000000080083b4       0x2e /Applications/STM32CubeIDE.app/Contents/Eclipse/plugins/com.st.stm32cube.ide.mcu.externaltools.gnu-tools-for-stm32.11.3.rel1.macos64_1.1.1.202309131626/tools/bin/../lib/gcc/arm-none-eabi/11.3.1/../../../../arm-none-eabi/lib/thumb/v7e-m+fp/hard/libc_nano.a(libc_a-nano-vfprintf.o)
 .text.__sfputs_r
                0x00000000080083e2       0x24 /Applications/STM32CubeIDE.app/Contents/Eclipse/plugins/com.st.stm32cube.ide.mcu.externaltools.gnu-tools-for-stm32.11.3.rel1.macos64_1.1.1.202309131626/tools/bin/../lib/gcc/arm-none-eabi/11.3.1/../../../../arm-none-eabi/lib/thumb/v7e-m+fp/hard/libc_nano.a(libc_a-nano-vfprintf.o)
                0x00000000080083e2                __sfputs_r
 *fill*         0x0000000008008406        0x2 
 .text._vfprintf_r
                0x0000000008008408      0x234 /Applications/STM32CubeIDE.app/Contents/Eclipse/plugins/com.st.stm32cube.ide.mcu.externaltools.gnu-tools-for-stm32.11.3.rel1.macos64_1.1.1.202309131626/tools/bin/../lib/gcc/arm-none-eabi/11.3.1/../../../../arm-none-eabi/lib/thumb/v7e-m+fp/hard/libc_nano.a(libc_a-nano-vfprintf.o)
                0x0000000008008408                _vfiprintf_r
                0x0000000008008408                _vfprintf_r
 .text.malloc   0x000000000800863c       0x10 /Applications/STM32CubeIDE.app/Contents/Eclipse/plugins/com.st.stm32cube.ide.mcu.externaltools.gnu-tools-for-stm32.11.3.rel1.macos64_1.1.1.202309131626/tools/bin/../lib/gcc/arm-none-eabi/11.3.1/../../../../arm-none-eabi/lib/thumb/v7e-m+fp/hard/libc_nano.a(libc_a-malloc.o)
                0x000000000800863c                malloc
 .text.sbrk_aligned
                0x000000000800864c       0x40 /Applications/STM32CubeIDE.app/Contents/Eclipse/plugins/com.st.stm32cube.ide.mcu.externaltools.gnu-tools-for-stm32.11.3.rel1.macos64_1.1.1.202309131626/tools/bin/../lib/gcc/arm-none-eabi/11.3.1/../../../../arm-none-eabi/lib/thumb/v7e-m+fp/hard/libc_nano.a(libc_a-mallocr.o)
 .text._malloc_r
                0x000000000800868c      0x100 /Applications/STM32CubeIDE.app/Contents/Eclipse/plugins/com.st.stm32cube.ide.mcu.externaltools.gnu-tools-for-stm32.11.3.rel1.macos64_1.1.1.202309131626/tools/bin/../lib/gcc/arm-none-eabi/11.3.1/../../../../arm-none-eabi/lib/thumb/v7e-m+fp/hard/libc_nano.a(libc_a-mallocr.o)
                0x000000000800868c                _malloc_r
 .text._printf_common
                0x000000000800878c       0xda /Applications/STM32CubeIDE.app/Contents/Eclipse/plugins/com.st.stm32cube.ide.mcu.externaltools.gnu-tools-for-stm32.11.3.rel1.macos64_1.1.1.202309131626/tools/bin/../lib/gcc/arm-none-eabi/11.3.1/../../../../arm-none-eabi/lib/thumb/v7e-m+fp/hard/libc_nano.a(libc_a-nano-vfprintf_i.o)
                0x000000000800878c                _printf_common
 *fill*         0x0000000008008866        0x2 
 .text._printf_i
                0x0000000008008868      0x244 /Applications/STM32CubeIDE.app/Contents/Eclipse/plugins/com.st.stm32cube.ide.mcu.externaltools.gnu-tools-for-stm32.11.3.rel1.macos64_1.1.1.202309131626/tools/bin/../lib/gcc/arm-none-eabi/11.3.1/../../../../arm-none-eabi/lib/thumb/v7e-m+fp/hard/libc_nano.a(libc_a-nano-vfprintf_i.o)
                0x0000000008008868                _printf_i
 .text.__sflush_r
                0x0000000008008aac      0x10c /Applications/STM32CubeIDE.app/Contents/Eclipse/plugins/com.st.stm32cube.ide.mcu.externaltools.gnu-tools-for-stm32.11.3.rel1.macos64_1.1.1.202309131626/tools/bin/../lib/gcc/arm-none-eabi/11.3.1/../../../../arm-none-eabi/lib/thumb/v7e-m+fp/hard/libc_nano.a(libc_a-fflush.o)
                0x0000000008008aac                __sflush_r
 .text._fflush_r
                0x0000000008008bb8       0x50 /Applications/STM32CubeIDE.app/Contents/Eclipse/plugins/com.st.stm32cube.ide.mcu.externaltools.gnu-tools-for-stm32.11.3.rel1.macos64_1.1.1.202309131626/tools/bin/../lib/gcc/arm-none-eabi/11.3.1/../../../../arm-none-eabi/lib/thumb/v7e-m+fp/hard/libc_nano.a(libc_a-fflush.o)
                0x0000000008008bb8                _fflush_r
 .text.__malloc_lock
                0x0000000008008c08        0xc /Applications/STM32CubeIDE.app/Contents/Eclipse/plugins/com.st.stm32cube.ide.mcu.externaltools.gnu-tools-for-stm32.11.3.rel1.macos64_1.1.1.202309131626/tools/bin/../lib/gcc/arm-none-eabi/11.3.1/../../../../arm-none-eabi/lib/thumb/v7e-m+fp/hard/libc_nano.a(libc_a-mlock.o)
                0x0000000008008c08                __malloc_lock
 .text.__malloc_unlock
                0x0000000008008c14        0xc /Applications/STM32CubeIDE.app/Contents/Eclipse/plugins/com.st.stm32cube.ide.mcu.externaltools.gnu-tools-for-stm32.11.3.rel1.macos64_1.1.1.202309131626/tools/bin/../lib/gcc/arm-none-eabi/11.3.1/../../../../arm-none-eabi/lib/thumb/v7e-m+fp/hard/libc_nano.a(libc_a-mlock.o)
                0x0000000008008c14                __malloc_unlock
 .text.__sread  0x0000000008008c20       0x22 /Applications/STM32CubeIDE.app/Contents/Eclipse/plugins/com.st.stm32cube.ide.mcu.externaltools.gnu-tools-for-stm32.11.3.rel1.macos64_1.1.1.202309131626/tools/bin/../lib/gcc/arm-none-eabi/11.3.1/../../../../arm-none-eabi/lib/thumb/v7e-m+fp/hard/libc_nano.a(libc_a-stdio.o)
                0x0000000008008c20                __sread
 .text.__swrite
                0x0000000008008c42       0x38 /Applications/STM32CubeIDE.app/Contents/Eclipse/plugins/com.st.stm32cube.ide.mcu.externaltools.gnu-tools-for-stm32.11.3.rel1.macos64_1.1.1.202309131626/tools/bin/../lib/gcc/arm-none-eabi/11.3.1/../../../../arm-none-eabi/lib/thumb/v7e-m+fp/hard/libc_nano.a(libc_a-stdio.o)
                0x0000000008008c42                __swrite
 .text.__sseek  0x0000000008008c7a       0x24 /Applications/STM32CubeIDE.app/Contents/Eclipse/plugins/com.st.stm32cube.ide.mcu.externaltools.gnu-tools-for-stm32.11.3.rel1.macos64_1.1.1.202309131626/tools/bin/../lib/gcc/arm-none-eabi/11.3.1/../../../../arm-none-eabi/lib/thumb/v7e-m+fp/hard/libc_nano.a(libc_a-stdio.o)
                0x0000000008008c7a                __sseek
 .text.__sclose
                0x0000000008008c9e        0x8 /Applications/STM32CubeIDE.app/Contents/Eclipse/plugins/com.st.stm32cube.ide.mcu.externaltools.gnu-tools-for-stm32.11.3.rel1.macos64_1.1.1.202309131626/tools/bin/../lib/gcc/arm-none-eabi/11.3.1/../../../../arm-none-eabi/lib/thumb/v7e-m+fp/hard/libc_nano.a(libc_a-stdio.o)
                0x0000000008008c9e                __sclose
 *fill*         0x0000000008008ca6        0x2 
 .text.fprintf  0x0000000008008ca8       0x24 /Applications/STM32CubeIDE.app/Contents/Eclipse/plugins/com.st.stm32cube.ide.mcu.externaltools.gnu-tools-for-stm32.11.3.rel1.macos64_1.1.1.202309131626/tools/bin/../lib/gcc/arm-none-eabi/11.3.1/../../../../arm-none-eabi/lib/thumb/v7e-m+fp/hard/libc_nano.a(libc_a-fprintf.o)
                0x0000000008008ca8                fprintf
                0x0000000008008ca8                fiprintf
 .text.__swbuf_r
                0x0000000008008ccc       0x7a /Applications/STM32CubeIDE.app/Contents/Eclipse/plugins/com.st.stm32cube.ide.mcu.externaltools.gnu-tools-for-stm32.11.3.rel1.macos64_1.1.1.202309131626/tools/bin/../lib/gcc/arm-none-eabi/11.3.1/../../../../arm-none-eabi/lib/thumb/v7e-m+fp/hard/libc_nano.a(libc_a-wbuf.o)
                0x0000000008008ccc                __swbuf_r
 *fill*         0x0000000008008d46        0x2 
 .text.__swsetup_r
                0x0000000008008d48       0xb0 /Applications/STM32CubeIDE.app/Contents/Eclipse/plugins/com.st.stm32cube.ide.mcu.externaltools.gnu-tools-for-stm32.11.3.rel1.macos64_1.1.1.202309131626/tools/bin/../lib/gcc/arm-none-eabi/11.3.1/../../../../arm-none-eabi/lib/thumb/v7e-m+fp/hard/libc_nano.a(libc_a-wsetup.o)
                0x0000000008008d48                __swsetup_r
 .text.__swhatbuf_r
                0x0000000008008df8       0x4c /Applications/STM32CubeIDE.app/Contents/Eclipse/plugins/com.st.stm32cube.ide.mcu.externaltools.gnu-tools-for-stm32.11.3.rel1.macos64_1.1.1.202309131626/tools/bin/../lib/gcc/arm-none-eabi/11.3.1/../../../../arm-none-eabi/lib/thumb/v7e-m+fp/hard/libc_nano.a(libc_a-makebuf.o)
                0x0000000008008df8                __swhatbuf_r
 .text.__smakebuf_r
                0x0000000008008e44       0x78 /Applications/STM32CubeIDE.app/Contents/Eclipse/plugins/com.st.stm32cube.ide.mcu.externaltools.gnu-tools-for-stm32.11.3.rel1.macos64_1.1.1.202309131626/tools/bin/../lib/gcc/arm-none-eabi/11.3.1/../../../../arm-none-eabi/lib/thumb/v7e-m+fp/hard/libc_nano.a(libc_a-makebuf.o)
                0x0000000008008e44                __smakebuf_r
 .text._close_r
                0x0000000008008ebc       0x20 /Applications/STM32CubeIDE.app/Contents/Eclipse/plugins/com.st.stm32cube.ide.mcu.externaltools.gnu-tools-for-stm32.11.3.rel1.macos64_1.1.1.202309131626/tools/bin/../lib/gcc/arm-none-eabi/11.3.1/../../../../arm-none-eabi/lib/thumb/v7e-m+fp/hard/libc_nano.a(libc_a-closer.o)
                0x0000000008008ebc                _close_r
 .text._fstat_r
                0x0000000008008edc       0x24 /Applications/STM32CubeIDE.app/Contents/Eclipse/plugins/com.st.stm32cube.ide.mcu.externaltools.gnu-tools-for-stm32.11.3.rel1.macos64_1.1.1.202309131626/tools/bin/../lib/gcc/arm-none-eabi/11.3.1/../../../../arm-none-eabi/lib/thumb/v7e-m+fp/hard/libc_nano.a(libc_a-fstatr.o)
                0x0000000008008edc                _fstat_r
 .text._isatty_r
                0x0000000008008f00       0x20 /Applications/STM32CubeIDE.app/Contents/Eclipse/plugins/com.st.stm32cube.ide.mcu.externaltools.gnu-tools-for-stm32.11.3.rel1.macos64_1.1.1.202309131626/tools/bin/../lib/gcc/arm-none-eabi/11.3.1/../../../../arm-none-eabi/lib/thumb/v7e-m+fp/hard/libc_nano.a(libc_a-isattyr.o)
                0x0000000008008f00                _isatty_r
 .text._lseek_r
                0x0000000008008f20       0x24 /Applications/STM32CubeIDE.app/Contents/Eclipse/plugins/com.st.stm32cube.ide.mcu.externaltools.gnu-tools-for-stm32.11.3.rel1.macos64_1.1.1.202309131626/tools/bin/../lib/gcc/arm-none-eabi/11.3.1/../../../../arm-none-eabi/lib/thumb/v7e-m+fp/hard/libc_nano.a(libc_a-lseekr.o)
                0x0000000008008f20                _lseek_r
 .text._read_r  0x0000000008008f44       0x24 /Applications/STM32CubeIDE.app/Contents/Eclipse/plugins/com.st.stm32cube.ide.mcu.externaltools.gnu-tools-for-stm32.11.3.rel1.macos64_1.1.1.202309131626/tools/bin/../lib/gcc/arm-none-eabi/11.3.1/../../../../arm-none-eabi/lib/thumb/v7e-m+fp/hard/libc_nano.a(libc_a-readr.o)
                0x0000000008008f44                _read_r
 .text._sbrk_r  0x0000000008008f68       0x20 /Applications/STM32CubeIDE.app/Contents/Eclipse/plugins/com.st.stm32cube.ide.mcu.externaltools.gnu-tools-for-stm32.11.3.rel1.macos64_1.1.1.202309131626/tools/bin/../lib/gcc/arm-none-eabi/11.3.1/../../../../arm-none-eabi/lib/thumb/v7e-m+fp/hard/libc_nano.a(libc_a-sbrkr.o)
                0x0000000008008f68                _sbrk_r
 .text._write_r
                0x0000000008008f88       0x24 /Applications/STM32CubeIDE.app/Contents/Eclipse/plugins/com.st.stm32cube.ide.mcu.externaltools.gnu-tools-for-stm32.11.3.rel1.macos64_1.1.1.202309131626/tools/bin/../lib/gcc/arm-none-eabi/11.3.1/../../../../arm-none-eabi/lib/thumb/v7e-m+fp/hard/libc_nano.a(libc_a-writer.o)
                0x0000000008008f88                _write_r
 .text.abort    0x0000000008008fac        0xe /Applications/STM32CubeIDE.app/Contents/Eclipse/plugins/com.st.stm32cube.ide.mcu.externaltools.gnu-tools-for-stm32.11.3.rel1.macos64_1.1.1.202309131626/tools/bin/../lib/gcc/arm-none-eabi/11.3.1/../../../../arm-none-eabi/lib/thumb/v7e-m+fp/hard/libc_nano.a(libc_a-abort.o)
                0x0000000008008fac                abort
 .text._raise_r
                0x0000000008008fba       0x50 /Applications/STM32CubeIDE.app/Contents/Eclipse/plugins/com.st.stm32cube.ide.mcu.externaltools.gnu-tools-for-stm32.11.3.rel1.macos64_1.1.1.202309131626/tools/bin/../lib/gcc/arm-none-eabi/11.3.1/../../../../arm-none-eabi/lib/thumb/v7e-m+fp/hard/libc_nano.a(libc_a-signal.o)
                0x0000000008008fba                _raise_r
 *fill*         0x000000000800900a        0x2 
 .text.raise    0x000000000800900c       0x10 /Applications/STM32CubeIDE.app/Contents/Eclipse/plugins/com.st.stm32cube.ide.mcu.externaltools.gnu-tools-for-stm32.11.3.rel1.macos64_1.1.1.202309131626/tools/bin/../lib/gcc/arm-none-eabi/11.3.1/../../../../arm-none-eabi/lib/thumb/v7e-m+fp/hard/libc_nano.a(libc_a-signal.o)
                0x000000000800900c                raise
 .text._kill_r  0x000000000800901c       0x24 /Applications/STM32CubeIDE.app/Contents/Eclipse/plugins/com.st.stm32cube.ide.mcu.externaltools.gnu-tools-for-stm32.11.3.rel1.macos64_1.1.1.202309131626/tools/bin/../lib/gcc/arm-none-eabi/11.3.1/../../../../arm-none-eabi/lib/thumb/v7e-m+fp/hard/libc_nano.a(libc_a-signalr.o)
                0x000000000800901c                _kill_r
 .text._getpid_r
                0x0000000008009040        0x4 /Applications/STM32CubeIDE.app/Contents/Eclipse/plugins/com.st.stm32cube.ide.mcu.externaltools.gnu-tools-for-stm32.11.3.rel1.macos64_1.1.1.202309131626/tools/bin/../lib/gcc/arm-none-eabi/11.3.1/../../../../arm-none-eabi/lib/thumb/v7e-m+fp/hard/libc_nano.a(libc_a-signalr.o)
                0x0000000008009040                _getpid_r
 *(.glue_7)
 .glue_7        0x0000000008009044        0x0 linker stubs
 *(.glue_7t)
 .glue_7t       0x0000000008009044        0x0 linker stubs
 *(.eh_frame)
 .eh_frame      0x0000000008009044        0x0 /Applications/STM32CubeIDE.app/Contents/Eclipse/plugins/com.st.stm32cube.ide.mcu.externaltools.gnu-tools-for-stm32.11.3.rel1.macos64_1.1.1.202309131626/tools/bin/../lib/gcc/arm-none-eabi/11.3.1/thumb/v7e-m+fp/hard/crtbegin.o
 *(.init)
 .init          0x0000000008009044        0x4 /Applications/STM32CubeIDE.app/Contents/Eclipse/plugins/com.st.stm32cube.ide.mcu.externaltools.gnu-tools-for-stm32.11.3.rel1.macos64_1.1.1.202309131626/tools/bin/../lib/gcc/arm-none-eabi/11.3.1/thumb/v7e-m+fp/hard/crti.o
                0x0000000008009044                _init
 .init          0x0000000008009048        0x8 /Applications/STM32CubeIDE.app/Contents/Eclipse/plugins/com.st.stm32cube.ide.mcu.externaltools.gnu-tools-for-stm32.11.3.rel1.macos64_1.1.1.202309131626/tools/bin/../lib/gcc/arm-none-eabi/11.3.1/thumb/v7e-m+fp/hard/crtn.o
 *(.fini)
 .fini          0x0000000008009050        0x4 /Applications/STM32CubeIDE.app/Contents/Eclipse/plugins/com.st.stm32cube.ide.mcu.externaltools.gnu-tools-for-stm32.11.3.rel1.macos64_1.1.1.202309131626/tools/bin/../lib/gcc/arm-none-eabi/11.3.1/thumb/v7e-m+fp/hard/crti.o
                0x0000000008009050                _fini
 .fini          0x0000000008009054        0x8 /Applications/STM32CubeIDE.app/Contents/Eclipse/plugins/com.st.stm32cube.ide.mcu.externaltools.gnu-tools-for-stm32.11.3.rel1.macos64_1.1.1.202309131626/tools/bin/../lib/gcc/arm-none-eabi/11.3.1/thumb/v7e-m+fp/hard/crtn.o
                0x000000000800905c                . = ALIGN (0x4)
                0x000000000800905c                _etext = .

.vfp11_veneer   0x000000000800905c        0x0
 .vfp11_veneer  0x000000000800905c        0x0 linker stubs

.v4_bx          0x000000000800905c        0x0
 .v4_bx         0x000000000800905c        0x0 linker stubs

.iplt           0x000000000800905c        0x0
 .iplt          0x000000000800905c        0x0 /Applications/STM32CubeIDE.app/Contents/Eclipse/plugins/com.st.stm32cube.ide.mcu.externaltools.gnu-tools-for-stm32.11.3.rel1.macos64_1.1.1.202309131626/tools/bin/../lib/gcc/arm-none-eabi/11.3.1/thumb/v7e-m+fp/hard/crtbegin.o

.rodata         0x000000000800905c      0x340
                0x000000000800905c                . = ALIGN (0x4)
 *(.rodata)
 .rodata        0x000000000800905c       0xd9 ./Core/Src/main.o
 *fill*         0x0000000008009135        0x3 
 .rodata        0x0000000008009138        0x5 ./Middlewares/Third_Party/FreeRTOS/Source/tasks.o
 *fill*         0x000000000800913d        0x3 
 .rodata        0x0000000008009140        0xd ./Middlewares/Third_Party/FreeRTOS/Source/timers.o
 *(.rodata*)
 *fill*         0x000000000800914d        0x3 
 .rodata.SEGMENT_MAP
                0x0000000008009150        0xa ./Core/Src/MultiFunctionShield.o
                0x0000000008009150                SEGMENT_MAP
 *fill*         0x000000000800915a        0x2 
 .rodata.SEGMENT_SELECT
                0x000000000800915c        0x4 ./Core/Src/MultiFunctionShield.o
                0x000000000800915c                SEGMENT_SELECT
 .rodata.SemaphoreToggle_attributes
                0x0000000008009160       0x24 ./Core/Src/main.o
                0x0000000008009160                SemaphoreToggle_attributes
 .rodata.NotifToggle_attributes
                0x0000000008009184       0x24 ./Core/Src/main.o
                0x0000000008009184                NotifToggle_attributes
 .rodata.SW_Timer_Toggle_attributes
                0x00000000080091a8       0x24 ./Core/Src/main.o
                0x00000000080091a8                SW_Timer_Toggle_attributes
 .rodata.Mutex_CountUp_attributes
                0x00000000080091cc       0x24 ./Core/Src/main.o
                0x00000000080091cc                Mutex_CountUp_attributes
 .rodata.Mutex_CountDown_attributes
                0x00000000080091f0       0x24 ./Core/Src/main.o
                0x00000000080091f0                Mutex_CountDown_attributes
 .rodata.SW_Timer_7Seg_attributes
                0x0000000008009214       0x10 ./Core/Src/main.o
                0x0000000008009214                SW_Timer_7Seg_attributes
 .rodata.UpDownMutex_attributes
                0x0000000008009224       0x10 ./Core/Src/main.o
                0x0000000008009224                UpDownMutex_attributes
 .rodata.Button_1_Semaphore_attributes
                0x0000000008009234       0x10 ./Core/Src/main.o
                0x0000000008009234                Button_1_Semaphore_attributes
 .rodata.Button_2_Semaphore_attributes
                0x0000000008009244       0x10 ./Core/Src/main.o
                0x0000000008009244                Button_2_Semaphore_attributes
 .rodata.Button_3_Semaphore_attributes
                0x0000000008009254       0x10 ./Core/Src/main.o
                0x0000000008009254                Button_3_Semaphore_attributes
 .rodata.Semaphore_Counting_attributes
                0x0000000008009264       0x10 ./Core/Src/main.o
                0x0000000008009264                Semaphore_Counting_attributes
 .rodata.AHBPrescTable
                0x0000000008009274       0x10 ./Core/Src/system_stm32l4xx.o
                0x0000000008009274                AHBPrescTable
 .rodata.APBPrescTable
                0x0000000008009284        0x8 ./Core/Src/system_stm32l4xx.o
                0x0000000008009284                APBPrescTable
 .rodata.MSIRangeTable
                0x000000000800928c       0x30 ./Core/Src/system_stm32l4xx.o
                0x000000000800928c                MSIRangeTable
 .rodata.srand.str1.1
                0x00000000080092bc       0x6f /Applications/STM32CubeIDE.app/Contents/Eclipse/plugins/com.st.stm32cube.ide.mcu.externaltools.gnu-tools-for-stm32.11.3.rel1.macos64_1.1.1.202309131626/tools/bin/../lib/gcc/arm-none-eabi/11.3.1/../../../../arm-none-eabi/lib/thumb/v7e-m+fp/hard/libc_nano.a(libc_a-rand.o)
 .rodata.__assert_func.str1.1
                0x000000000800932b       0x3c /Applications/STM32CubeIDE.app/Contents/Eclipse/plugins/com.st.stm32cube.ide.mcu.externaltools.gnu-tools-for-stm32.11.3.rel1.macos64_1.1.1.202309131626/tools/bin/../lib/gcc/arm-none-eabi/11.3.1/../../../../arm-none-eabi/lib/thumb/v7e-m+fp/hard/libc_nano.a(libc_a-assert.o)
                                         0x3d (size before relaxing)
 .rodata._vfprintf_r.str1.1
                0x0000000008009367       0x11 /Applications/STM32CubeIDE.app/Contents/Eclipse/plugins/com.st.stm32cube.ide.mcu.externaltools.gnu-tools-for-stm32.11.3.rel1.macos64_1.1.1.202309131626/tools/bin/../lib/gcc/arm-none-eabi/11.3.1/../../../../arm-none-eabi/lib/thumb/v7e-m+fp/hard/libc_nano.a(libc_a-nano-vfprintf.o)
 .rodata._printf_i.str1.1
                0x0000000008009378       0x22 /Applications/STM32CubeIDE.app/Contents/Eclipse/plugins/com.st.stm32cube.ide.mcu.externaltools.gnu-tools-for-stm32.11.3.rel1.macos64_1.1.1.202309131626/tools/bin/../lib/gcc/arm-none-eabi/11.3.1/../../../../arm-none-eabi/lib/thumb/v7e-m+fp/hard/libc_nano.a(libc_a-nano-vfprintf_i.o)
                0x000000000800939c                . = ALIGN (0x4)
 *fill*         0x000000000800939a        0x2 

.ARM.extab      0x000000000800939c        0x0
                0x000000000800939c                . = ALIGN (0x4)
 *(.ARM.extab* .gnu.linkonce.armextab.*)
                0x000000000800939c                . = ALIGN (0x4)

.ARM            0x000000000800939c        0x8
                0x000000000800939c                . = ALIGN (0x4)
                0x000000000800939c                __exidx_start = .
 *(.ARM.exidx*)
 .ARM.exidx     0x000000000800939c        0x8 /Applications/STM32CubeIDE.app/Contents/Eclipse/plugins/com.st.stm32cube.ide.mcu.externaltools.gnu-tools-for-stm32.11.3.rel1.macos64_1.1.1.202309131626/tools/bin/../lib/gcc/arm-none-eabi/11.3.1/thumb/v7e-m+fp/hard/libgcc.a(_udivmoddi4.o)
                0x00000000080093a4                __exidx_end = .
                0x00000000080093a4                . = ALIGN (0x4)

.rel.dyn        0x00000000080093a4        0x0
 .rel.iplt      0x00000000080093a4        0x0 /Applications/STM32CubeIDE.app/Contents/Eclipse/plugins/com.st.stm32cube.ide.mcu.externaltools.gnu-tools-for-stm32.11.3.rel1.macos64_1.1.1.202309131626/tools/bin/../lib/gcc/arm-none-eabi/11.3.1/thumb/v7e-m+fp/hard/crtbegin.o

.preinit_array  0x00000000080093a4        0x0
                0x00000000080093a4                . = ALIGN (0x4)
                0x00000000080093a4                PROVIDE (__preinit_array_start = .)
 *(.preinit_array*)
                0x00000000080093a4                PROVIDE (__preinit_array_end = .)
                0x00000000080093a4                . = ALIGN (0x4)

.init_array     0x00000000080093a4        0x4
                0x00000000080093a4                . = ALIGN (0x4)
                0x00000000080093a4                PROVIDE (__init_array_start = .)
 *(SORT_BY_NAME(.init_array.*))
 *(.init_array*)
 .init_array    0x00000000080093a4        0x4 /Applications/STM32CubeIDE.app/Contents/Eclipse/plugins/com.st.stm32cube.ide.mcu.externaltools.gnu-tools-for-stm32.11.3.rel1.macos64_1.1.1.202309131626/tools/bin/../lib/gcc/arm-none-eabi/11.3.1/thumb/v7e-m+fp/hard/crtbegin.o
                0x00000000080093a8                PROVIDE (__init_array_end = .)
                0x00000000080093a8                . = ALIGN (0x4)

.fini_array     0x00000000080093a8        0x4
                0x00000000080093a8                . = ALIGN (0x4)
                [!provide]                        PROVIDE (__fini_array_start = .)
 *(SORT_BY_NAME(.fini_array.*))
 *(.fini_array*)
 .fini_array    0x00000000080093a8        0x4 /Applications/STM32CubeIDE.app/Contents/Eclipse/plugins/com.st.stm32cube.ide.mcu.externaltools.gnu-tools-for-stm32.11.3.rel1.macos64_1.1.1.202309131626/tools/bin/../lib/gcc/arm-none-eabi/11.3.1/thumb/v7e-m+fp/hard/crtbegin.o
                [!provide]                        PROVIDE (__fini_array_end = .)
                0x00000000080093ac                . = ALIGN (0x4)
                0x00000000080093ac                _sidata = LOADADDR (.data)

.data           0x0000000020000000       0x70 load address 0x00000000080093ac
                0x0000000020000000                . = ALIGN (0x4)
                0x0000000020000000                _sdata = .
 *(.data)
 *(.data*)
 .data.countdown_display
                0x0000000020000000        0x1 ./Core/Src/main.o
                0x0000000020000000                countdown_display
 *fill*         0x0000000020000001        0x3 
 .data.SystemCoreClock
                0x0000000020000004        0x4 ./Core/Src/system_stm32l4xx.o
                0x0000000020000004                SystemCoreClock
 .data.uwTickPrio
                0x0000000020000008        0x4 ./Drivers/STM32L4xx_HAL_Driver/Src/stm32l4xx_hal.o
                0x0000000020000008                uwTickPrio
 .data.uwTickFreq
                0x000000002000000c        0x1 ./Drivers/STM32L4xx_HAL_Driver/Src/stm32l4xx_hal.o
                0x000000002000000c                uwTickFreq
 *fill*         0x000000002000000d        0x3 
 .data.uxCriticalNesting
                0x0000000020000010        0x4 ./Middlewares/Third_Party/FreeRTOS/Source/portable/GCC/ARM_CM4F/port.o
 .data.__sglue  0x0000000020000014        0xc /Applications/STM32CubeIDE.app/Contents/Eclipse/plugins/com.st.stm32cube.ide.mcu.externaltools.gnu-tools-for-stm32.11.3.rel1.macos64_1.1.1.202309131626/tools/bin/../lib/gcc/arm-none-eabi/11.3.1/../../../../arm-none-eabi/lib/thumb/v7e-m+fp/hard/libc_nano.a(libc_a-findfp.o)
                0x0000000020000014                __sglue
 .data._impure_data
                0x0000000020000020       0x4c /Applications/STM32CubeIDE.app/Contents/Eclipse/plugins/com.st.stm32cube.ide.mcu.externaltools.gnu-tools-for-stm32.11.3.rel1.macos64_1.1.1.202309131626/tools/bin/../lib/gcc/arm-none-eabi/11.3.1/../../../../arm-none-eabi/lib/thumb/v7e-m+fp/hard/libc_nano.a(libc_a-impure.o)
                0x0000000020000020                _impure_data
 .data._impure_ptr
                0x000000002000006c        0x4 /Applications/STM32CubeIDE.app/Contents/Eclipse/plugins/com.st.stm32cube.ide.mcu.externaltools.gnu-tools-for-stm32.11.3.rel1.macos64_1.1.1.202309131626/tools/bin/../lib/gcc/arm-none-eabi/11.3.1/../../../../arm-none-eabi/lib/thumb/v7e-m+fp/hard/libc_nano.a(libc_a-impure.o)
                0x000000002000006c                _impure_ptr
 *(.RamFunc)
 *(.RamFunc*)
                0x0000000020000070                . = ALIGN (0x4)
                0x0000000020000070                _edata = .

.igot.plt       0x0000000020000070        0x0 load address 0x000000000800941c
 .igot.plt      0x0000000020000070        0x0 /Applications/STM32CubeIDE.app/Contents/Eclipse/plugins/com.st.stm32cube.ide.mcu.externaltools.gnu-tools-for-stm32.11.3.rel1.macos64_1.1.1.202309131626/tools/bin/../lib/gcc/arm-none-eabi/11.3.1/thumb/v7e-m+fp/hard/crtbegin.o
                0x0000000020000070                . = ALIGN (0x4)

.bss            0x0000000020000070     0x4b48 load address 0x000000000800941c
                0x0000000020000070                _sbss = .
                0x0000000020000070                __bss_start__ = _sbss
 *(.bss)
 .bss           0x0000000020000070       0x1c /Applications/STM32CubeIDE.app/Contents/Eclipse/plugins/com.st.stm32cube.ide.mcu.externaltools.gnu-tools-for-stm32.11.3.rel1.macos64_1.1.1.202309131626/tools/bin/../lib/gcc/arm-none-eabi/11.3.1/thumb/v7e-m+fp/hard/crtbegin.o
 *(.bss*)
 .bss.ActDigit  0x000000002000008c        0x1 ./Core/Src/MultiFunctionShield.o
                0x000000002000008c                ActDigit
 *fill*         0x000000002000008d        0x3 
 .bss.SEGMENT_VALUE
                0x0000000020000090        0x4 ./Core/Src/MultiFunctionShield.o
                0x0000000020000090                SEGMENT_VALUE
 .bss.htim17    0x0000000020000094       0x4c ./Core/Src/main.o
                0x0000000020000094                htim17
 .bss.huart2    0x00000000200000e0       0x88 ./Core/Src/main.o
                0x00000000200000e0                huart2
 .bss.SemaphoreToggleHandle
                0x0000000020000168        0x4 ./Core/Src/main.o
                0x0000000020000168                SemaphoreToggleHandle
 .bss.NotifToggleHandle
                0x000000002000016c        0x4 ./Core/Src/main.o
                0x000000002000016c                NotifToggleHandle
 .bss.SW_Timer_ToggleHandle
                0x0000000020000170        0x4 ./Core/Src/main.o
                0x0000000020000170                SW_Timer_ToggleHandle
 .bss.Mutex_CountUpHandle
                0x0000000020000174        0x4 ./Core/Src/main.o
                0x0000000020000174                Mutex_CountUpHandle
 .bss.Mutex_CountDownHandle
                0x0000000020000178        0x4 ./Core/Src/main.o
                0x0000000020000178                Mutex_CountDownHandle
 .bss.SW_Timer_7SegHandle
                0x000000002000017c        0x4 ./Core/Src/main.o
                0x000000002000017c                SW_Timer_7SegHandle
 .bss.UpDownMutexHandle
                0x0000000020000180        0x4 ./Core/Src/main.o
                0x0000000020000180                UpDownMutexHandle
 .bss.Button_1_SemaphoreHandle
                0x0000000020000184        0x4 ./Core/Src/main.o
                0x0000000020000184                Button_1_SemaphoreHandle
 .bss.Button_2_SemaphoreHandle
                0x0000000020000188        0x4 ./Core/Src/main.o
                0x0000000020000188                Button_2_SemaphoreHandle
 .bss.Button_3_SemaphoreHandle
                0x000000002000018c        0x4 ./Core/Src/main.o
                0x000000002000018c                Button_3_SemaphoreHandle
 .bss.Semaphore_CountingHandle
                0x0000000020000190        0x4 ./Core/Src/main.o
                0x0000000020000190                Semaphore_CountingHandle
 .bss.mutex_protected_count
                0x0000000020000194        0x1 ./Core/Src/main.o
                0x0000000020000194                mutex_protected_count
 *fill*         0x0000000020000195        0x3 
 .bss.htim3     0x0000000020000198       0x4c ./Core/Src/stm32l4xx_hal_timebase_tim.o
                0x0000000020000198                htim3
 .bss.__sbrk_heap_end
                0x00000000200001e4        0x4 ./Core/Src/sysmem.o
 .bss.uwTick    0x00000000200001e8        0x4 ./Drivers/STM32L4xx_HAL_Driver/Src/stm32l4xx_hal.o
                0x00000000200001e8                uwTick
 .bss.KernelState
                0x00000000200001ec        0x4 ./Middlewares/Third_Party/FreeRTOS/Source/CMSIS_RTOS_V2/cmsis_os2.o
 .bss.Idle_TCB.3
                0x00000000200001f0       0xa8 ./Middlewares/Third_Party/FreeRTOS/Source/CMSIS_RTOS_V2/cmsis_os2.o
 .bss.Idle_Stack.2
                0x0000000020000298      0x200 ./Middlewares/Third_Party/FreeRTOS/Source/CMSIS_RTOS_V2/cmsis_os2.o
 .bss.Timer_TCB.1
                0x0000000020000498       0xa8 ./Middlewares/Third_Party/FreeRTOS/Source/CMSIS_RTOS_V2/cmsis_os2.o
 .bss.Timer_Stack.0
                0x0000000020000540      0x400 ./Middlewares/Third_Party/FreeRTOS/Source/CMSIS_RTOS_V2/cmsis_os2.o
 .bss.xQueueRegistry
                0x0000000020000940       0x40 ./Middlewares/Third_Party/FreeRTOS/Source/queue.o
                0x0000000020000940                xQueueRegistry
 .bss.pxCurrentTCB
                0x0000000020000980        0x4 ./Middlewares/Third_Party/FreeRTOS/Source/tasks.o
                0x0000000020000980                pxCurrentTCB
 .bss.pxReadyTasksLists
                0x0000000020000984      0x460 ./Middlewares/Third_Party/FreeRTOS/Source/tasks.o
 .bss.xDelayedTaskList1
                0x0000000020000de4       0x14 ./Middlewares/Third_Party/FreeRTOS/Source/tasks.o
 .bss.xDelayedTaskList2
                0x0000000020000df8       0x14 ./Middlewares/Third_Party/FreeRTOS/Source/tasks.o
 .bss.pxDelayedTaskList
                0x0000000020000e0c        0x4 ./Middlewares/Third_Party/FreeRTOS/Source/tasks.o
 .bss.pxOverflowDelayedTaskList
                0x0000000020000e10        0x4 ./Middlewares/Third_Party/FreeRTOS/Source/tasks.o
 .bss.xPendingReadyList
                0x0000000020000e14       0x14 ./Middlewares/Third_Party/FreeRTOS/Source/tasks.o
 .bss.xTasksWaitingTermination
                0x0000000020000e28       0x14 ./Middlewares/Third_Party/FreeRTOS/Source/tasks.o
 .bss.uxDeletedTasksWaitingCleanUp
                0x0000000020000e3c        0x4 ./Middlewares/Third_Party/FreeRTOS/Source/tasks.o
 .bss.xSuspendedTaskList
                0x0000000020000e40       0x14 ./Middlewares/Third_Party/FreeRTOS/Source/tasks.o
 .bss.uxCurrentNumberOfTasks
                0x0000000020000e54        0x4 ./Middlewares/Third_Party/FreeRTOS/Source/tasks.o
 .bss.xTickCount
                0x0000000020000e58        0x4 ./Middlewares/Third_Party/FreeRTOS/Source/tasks.o
 .bss.uxTopReadyPriority
                0x0000000020000e5c        0x4 ./Middlewares/Third_Party/FreeRTOS/Source/tasks.o
 .bss.xSchedulerRunning
                0x0000000020000e60        0x4 ./Middlewares/Third_Party/FreeRTOS/Source/tasks.o
 .bss.xPendedTicks
                0x0000000020000e64        0x4 ./Middlewares/Third_Party/FreeRTOS/Source/tasks.o
 .bss.xYieldPending
                0x0000000020000e68        0x4 ./Middlewares/Third_Party/FreeRTOS/Source/tasks.o
 .bss.xNumOfOverflows
                0x0000000020000e6c        0x4 ./Middlewares/Third_Party/FreeRTOS/Source/tasks.o
 .bss.uxTaskNumber
                0x0000000020000e70        0x4 ./Middlewares/Third_Party/FreeRTOS/Source/tasks.o
 .bss.xNextTaskUnblockTime
                0x0000000020000e74        0x4 ./Middlewares/Third_Party/FreeRTOS/Source/tasks.o
 .bss.xIdleTaskHandle
                0x0000000020000e78        0x4 ./Middlewares/Third_Party/FreeRTOS/Source/tasks.o
 .bss.uxSchedulerSuspended
                0x0000000020000e7c        0x4 ./Middlewares/Third_Party/FreeRTOS/Source/tasks.o
 .bss.xActiveTimerList1
                0x0000000020000e80       0x14 ./Middlewares/Third_Party/FreeRTOS/Source/timers.o
 .bss.xActiveTimerList2
                0x0000000020000e94       0x14 ./Middlewares/Third_Party/FreeRTOS/Source/timers.o
 .bss.pxCurrentTimerList
                0x0000000020000ea8        0x4 ./Middlewares/Third_Party/FreeRTOS/Source/timers.o
 .bss.pxOverflowTimerList
                0x0000000020000eac        0x4 ./Middlewares/Third_Party/FreeRTOS/Source/timers.o
 .bss.xTimerQueue
                0x0000000020000eb0        0x4 ./Middlewares/Third_Party/FreeRTOS/Source/timers.o
 .bss.xTimerTaskHandle
                0x0000000020000eb4        0x4 ./Middlewares/Third_Party/FreeRTOS/Source/timers.o
 .bss.xLastTime.2
                0x0000000020000eb8        0x4 ./Middlewares/Third_Party/FreeRTOS/Source/timers.o
 .bss.ucStaticTimerQueueStorage.1
                0x0000000020000ebc       0xa0 ./Middlewares/Third_Party/FreeRTOS/Source/timers.o
 .bss.xStaticTimerQueue.0
                0x0000000020000f5c       0x50 ./Middlewares/Third_Party/FreeRTOS/Source/timers.o
 .bss.ucMaxSysCallPriority
                0x0000000020000fac        0x1 ./Middlewares/Third_Party/FreeRTOS/Source/portable/GCC/ARM_CM4F/port.o
 *fill*         0x0000000020000fad        0x3 
 .bss.ulMaxPRIGROUPValue
                0x0000000020000fb0        0x4 ./Middlewares/Third_Party/FreeRTOS/Source/portable/GCC/ARM_CM4F/port.o
 .bss.ucHeap    0x0000000020000fb4     0x3a98 ./Middlewares/Third_Party/FreeRTOS/Source/portable/MemMang/heap_4.o
 .bss.xStart    0x0000000020004a4c        0x8 ./Middlewares/Third_Party/FreeRTOS/Source/portable/MemMang/heap_4.o
 .bss.pxEnd     0x0000000020004a54        0x4 ./Middlewares/Third_Party/FreeRTOS/Source/portable/MemMang/heap_4.o
 .bss.xFreeBytesRemaining
                0x0000000020004a58        0x4 ./Middlewares/Third_Party/FreeRTOS/Source/portable/MemMang/heap_4.o
 .bss.xMinimumEverFreeBytesRemaining
                0x0000000020004a5c        0x4 ./Middlewares/Third_Party/FreeRTOS/Source/portable/MemMang/heap_4.o
 .bss.xNumberOfSuccessfulAllocations
                0x0000000020004a60        0x4 ./Middlewares/Third_Party/FreeRTOS/Source/portable/MemMang/heap_4.o
 .bss.xNumberOfSuccessfulFrees
                0x0000000020004a64        0x4 ./Middlewares/Third_Party/FreeRTOS/Source/portable/MemMang/heap_4.o
 .bss.xBlockAllocatedBit
                0x0000000020004a68        0x4 ./Middlewares/Third_Party/FreeRTOS/Source/portable/MemMang/heap_4.o