Archive member included to satisfy reference by file (symbol)

C:/ST/STM32CubeIDE_1.10.1/STM32CubeIDE/plugins/com.st.stm32cube.ide.mcu.externaltools.gnu-tools-for-stm32.11.3.rel1.win32_1.1.100.202309141235/tools/bin/../lib/gcc/arm-none-eabi/11.3.1/../../../../arm-none-eabi/lib/thumb/v7e-m+fp/hard\libc_nano.a(libc_a-exit.o)
                              C:/ST/STM32CubeIDE_1.10.1/STM32CubeIDE/plugins/com.st.stm32cube.ide.mcu.externaltools.gnu-tools-for-stm32.11.3.rel1.win32_1.1.100.202309141235/tools/bin/../lib/gcc/arm-none-eabi/11.3.1/../../../../arm-none-eabi/lib/thumb/v7e-m+fp/hard/crt0.o (exit)
C:/ST/STM32CubeIDE_1.10.1/STM32CubeIDE/plugins/com.st.stm32cube.ide.mcu.externaltools.gnu-tools-for-stm32.11.3.rel1.win32_1.1.100.202309141235/tools/bin/../lib/gcc/arm-none-eabi/11.3.1/../../../../arm-none-eabi/lib/thumb/v7e-m+fp/hard\libc_nano.a(libc_a-rand.o)
                              ./Core/Src/main.o (rand)
C:/ST/STM32CubeIDE_1.10.1/STM32CubeIDE/plugins/com.st.stm32cube.ide.mcu.externaltools.gnu-tools-for-stm32.11.3.rel1.win32_1.1.100.202309141235/tools/bin/../lib/gcc/arm-none-eabi/11.3.1/../../../../arm-none-eabi/lib/thumb/v7e-m+fp/hard\libc_nano.a(libc_a-findfp.o)
                              ./Middlewares/Third_Party/FreeRTOS/Source/tasks.o (__sf)
C:/ST/STM32CubeIDE_1.10.1/STM32CubeIDE/plugins/com.st.stm32cube.ide.mcu.externaltools.gnu-tools-for-stm32.11.3.rel1.win32_1.1.100.202309141235/tools/bin/../lib/gcc/arm-none-eabi/11.3.1/../../../../arm-none-eabi/lib/thumb/v7e-m+fp/hard\libc_nano.a(libc_a-fwalk.o)
                              C:/ST/STM32CubeIDE_1.10.1/STM32CubeIDE/plugins/com.st.stm32cube.ide.mcu.externaltools.gnu-tools-for-stm32.11.3.rel1.win32_1.1.100.202309141235/tools/bin/../lib/gcc/arm-none-eabi/11.3.1/../../../../arm-none-eabi/lib/thumb/v7e-m+fp/hard\libc_nano.a(libc_a-findfp.o) (_fwalk_sglue)
C:/ST/STM32CubeIDE_1.10.1/STM32CubeIDE/plugins/com.st.stm32cube.ide.mcu.externaltools.gnu-tools-for-stm32.11.3.rel1.win32_1.1.100.202309141235/tools/bin/../lib/gcc/arm-none-eabi/11.3.1/../../../../arm-none-eabi/lib/thumb/v7e-m+fp/hard\libc_nano.a(libc_a-printf.o)
                              ./Core/Src/main.o (printf)
C:/ST/STM32CubeIDE_1.10.1/STM32CubeIDE/plugins/com.st.stm32cube.ide.mcu.externaltools.gnu-tools-for-stm32.11.3.rel1.win32_1.1.100.202309141235/tools/bin/../lib/gcc/arm-none-eabi/11.3.1/../../../../arm-none-eabi/lib/thumb/v7e-m+fp/hard\libc_nano.a(libc_a-stdio.o)
                              C:/ST/STM32CubeIDE_1.10.1/STM32CubeIDE/plugins/com.st.stm32cube.ide.mcu.externaltools.gnu-tools-for-stm32.11.3.rel1.win32_1.1.100.202309141235/tools/bin/../lib/gcc/arm-none-eabi/11.3.1/../../../../arm-none-eabi/lib/thumb/v7e-m+fp/hard\libc_nano.a(libc_a-findfp.o) (__sread)
C:/ST/STM32CubeIDE_1.10.1/STM32CubeIDE/plugins/com.st.stm32cube.ide.mcu.externaltools.gnu-tools-for-stm32.11.3.rel1.win32_1.1.100.202309141235/tools/bin/../lib/gcc/arm-none-eabi/11.3.1/../../../../arm-none-eabi/lib/thumb/v7e-m+fp/hard\libc_nano.a(libc_a-memset.o)
                              C:/ST/STM32CubeIDE_1.10.1/STM32CubeIDE/plugins/com.st.stm32cube.ide.mcu.externaltools.gnu-tools-for-stm32.11.3.rel1.win32_1.1.100.202309141235/tools/bin/../lib/gcc/arm-none-eabi/11.3.1/../../../../arm-none-eabi/lib/thumb/v7e-m+fp/hard/crt0.o (memset)
C:/ST/STM32CubeIDE_1.10.1/STM32CubeIDE/plugins/com.st.stm32cube.ide.mcu.externaltools.gnu-tools-for-stm32.11.3.rel1.win32_1.1.100.202309141235/tools/bin/../lib/gcc/arm-none-eabi/11.3.1/../../../../arm-none-eabi/lib/thumb/v7e-m+fp/hard\libc_nano.a(libc_a-closer.o)
                              C:/ST/STM32CubeIDE_1.10.1/STM32CubeIDE/plugins/com.st.stm32cube.ide.mcu.externaltools.gnu-tools-for-stm32.11.3.rel1.win32_1.1.100.202309141235/tools/bin/../lib/gcc/arm-none-eabi/11.3.1/../../../../arm-none-eabi/lib/thumb/v7e-m+fp/hard\libc_nano.a(libc_a-stdio.o) (_close_r)
C:/ST/STM32CubeIDE_1.10.1/STM32CubeIDE/plugins/com.st.stm32cube.ide.mcu.externaltools.gnu-tools-for-stm32.11.3.rel1.win32_1.1.100.202309141235/tools/bin/../lib/gcc/arm-none-eabi/11.3.1/../../../../arm-none-eabi/lib/thumb/v7e-m+fp/hard\libc_nano.a(libc_a-reent.o)
                              ./Middlewares/Third_Party/FreeRTOS/Source/tasks.o (_reclaim_reent)
C:/ST/STM32CubeIDE_1.10.1/STM32CubeIDE/plugins/com.st.stm32cube.ide.mcu.externaltools.gnu-tools-for-stm32.11.3.rel1.win32_1.1.100.202309141235/tools/bin/../lib/gcc/arm-none-eabi/11.3.1/../../../../arm-none-eabi/lib/thumb/v7e-m+fp/hard\libc_nano.a(libc_a-impure.o)
                              ./Middlewares/Third_Party/FreeRTOS/Source/tasks.o (_impure_ptr)
C:/ST/STM32CubeIDE_1.10.1/STM32CubeIDE/plugins/com.st.stm32cube.ide.mcu.externaltools.gnu-tools-for-stm32.11.3.rel1.win32_1.1.100.202309141235/tools/bin/../lib/gcc/arm-none-eabi/11.3.1/../../../../arm-none-eabi/lib/thumb/v7e-m+fp/hard\libc_nano.a(libc_a-lseekr.o)
[...]
Memory Configuration

Name             Origin             Length             Attributes
RAM              0x0000000020000000 0x0000000000018000 xrw
RAM2             0x0000000010000000 0x0000000000008000 xrw
FLASH            0x0000000008000000 0x0000000000100000 xr
*default*        0x0000000000000000 0xffffffffffffffff

Linker script and memory map

LOAD C:/ST/STM32CubeIDE_1.10.1/STM32CubeIDE/plugins/com.st.stm32cube.ide.mcu.externaltools.gnu-tools-for-stm32.11.3.rel1.win32_1.1.100.202309141235/tools/bin/../lib/gcc/arm-none-eabi/11.3.1/thumb/v7e-m+fp/hard/crti.o
LOAD C:/ST/STM32CubeIDE_1.10.1/STM32CubeIDE/plugins/com.st.stm32cube.ide.mcu.externaltools.gnu-tools-for-stm32.11.3.rel1.win32_1.1.100.202309141235/tools/bin/../lib/gcc/arm-none-eabi/11.3.1/thumb/v7e-m+fp/hard/crtbegin.o
LOAD C:/ST/STM32CubeIDE_1.10.1/STM32CubeIDE/plugins/com.st.stm32cube.ide.mcu.externaltools.gnu-tools-for-stm32.11.3.rel1.win32_1.1.100.202309141235/tools/bin/../lib/gcc/arm-none-eabi/11.3.1/../../../../arm-none-eabi/lib/thumb/v7e-m+fp/hard/crt0.o
LOAD ./Core/Src/MultiFunctionShield.o
LOAD ./Core/Src/freertos.o
LOAD ./Core/Src/main.o
LOAD ./Core/Src/stm32l4xx_hal_msp.o
LOAD ./Core/Src/stm32l4xx_hal_timebase_tim.o
LOAD ./Core/Src/stm32l4xx_it.o
LOAD ./Core/Src/syscalls.o
LOAD ./Core/Src/sysmem.o
LOAD ./Core/Src/system_stm32l4xx.o
LOAD ./Core/Startup/startup_stm32l476rgtx.o
LOAD ./Drivers/STM32L4xx_HAL_Driver/Src/stm32l4xx_hal.o
LOAD ./Drivers/STM32L4xx_HAL_Driver/Src/stm32l4xx_hal_cortex.o
LOAD ./Drivers/STM32L4xx_HAL_Driver/Src/stm32l4xx_hal_dma.o
LOAD ./Drivers/STM32L4xx_HAL_Driver/Src/stm32l4xx_hal_dma_ex.o
LOAD ./Drivers/STM32L4xx_HAL_Driver/Src/stm32l4xx_hal_exti.o
LOAD ./Drivers/STM32L4xx_HAL_Driver/Src/stm32l4xx_hal_flash.o
LOAD ./Drivers/STM32L4xx_HAL_Driver/Src/stm32l4xx_hal_flash_ex.o
LOAD ./Drivers/STM32L4xx_HAL_Driver/Src/stm32l4xx_hal_flash_ramfunc.o
LOAD ./Drivers/STM32L4xx_HAL_Driver/Src/stm32l4xx_hal_gpio.o
LOAD ./Drivers/STM32L4xx_HAL_Driver/Src/stm32l4xx_hal_i2c.o
LOAD ./Drivers/STM32L4xx_HAL_Driver/Src/stm32l4xx_hal_i2c_ex.o
LOAD ./Drivers/STM32L4xx_HAL_Driver/Src/stm32l4xx_hal_pwr.o
LOAD ./Drivers/STM32L4xx_HAL_Driver/Src/stm32l4xx_hal_pwr_ex.o
LOAD ./Drivers/STM32L4xx_HAL_Driver/Src/stm32l4xx_hal_rcc.o
LOAD ./Drivers/STM32L4xx_HAL_Driver/Src/stm32l4xx_hal_rcc_ex.o
LOAD ./Drivers/STM32L4xx_HAL_Driver/Src/stm32l4xx_hal_tim.o
LOAD ./Drivers/STM32L4xx_HAL_Driver/Src/stm32l4xx_hal_tim_ex.o
LOAD ./Drivers/STM32L4xx_HAL_Driver/Src/stm32l4xx_hal_uart.o
LOAD ./Drivers/STM32L4xx_HAL_Driver/Src/stm32l4xx_hal_uart_ex.o
LOAD ./Middlewares/Third_Party/FreeRTOS/Source/CMSIS_RTOS_V2/cmsis_os2.o
LOAD ./Middlewares/Third_Party/FreeRTOS/Source/croutine.o
LOAD ./Middlewares/Third_Party/FreeRTOS/Source/event_groups.o
LOAD ./Middlewares/Third_Party/FreeRTOS/Source/list.o
LOAD ./Middlewares/Third_Party/FreeRTOS/Source/queue.o
LOAD ./Middlewares/Third_Party/FreeRTOS/Source/stream_buffer.o
LOAD ./Middlewares/Third_Party/FreeRTOS/Source/tasks.o
LOAD ./Middlewares/Third_Party/FreeRTOS/Source/timers.o
LOAD ./Middlewares/Third_Party/FreeRTOS/Source/portable/GCC/ARM_CM4F/port.o
LOAD ./Middlewares/Third_Party/FreeRTOS/Source/portable/MemMang/heap_4.o
START GROUP
LOAD C:/ST/STM32CubeIDE_1.10.1/STM32CubeIDE/plugins/com.st.stm32cube.ide.mcu.externaltools.gnu-tools-for-stm32.11.3.rel1.win32_1.1.100.202309141235/tools/bin/../lib/gcc/arm-none-eabi/11.3.1/../../../../arm-none-eabi/lib/thumb/v7e-m+fp/hard\libc_nano.a
LOAD C:/ST/STM32CubeIDE_1.10.1/STM32CubeIDE/plugins/com.st.stm32cube.ide.mcu.externaltools.gnu-tools-for-stm32.11.3.rel1.win32_1.1.100.202309141235/tools/bin/../lib/gcc/arm-none-eabi/11.3.1/../../../../arm-none-eabi/lib/thumb/v7e-m+fp/hard\libm.a
END GROUP
START GROUP
LOAD C:/ST/STM32CubeIDE_1.10.1/STM32CubeIDE/plugins/com.st.stm32cube.ide.mcu.externaltools.gnu-tools-for-stm32.11.3.rel1.win32_1.1.100.202309141235/tools/bin/../lib/gcc/arm-none-eabi/11.3.1/thumb/v7e-m+fp/hard\libgcc.a
LOAD C:/ST/STM32CubeIDE_1.10.1/STM32CubeIDE/plugins/com.st.stm32cube.ide.mcu.externaltools.gnu-tools-for-stm32.11.3.rel1.win32_1.1.100.202309141235/tools/bin/../lib/gcc/arm-none-eabi/11.3.1/../../../../arm-none-eabi/lib/thumb/v7e-m+fp/hard\libc_nano.a
END GROUP
START GROUP
LOAD C:/ST/STM32CubeIDE_1.10.1/STM32CubeIDE/plugins/com.st.stm32cube.ide.mcu.externaltools.gnu-tools-for-stm32.11.3.rel1.win32_1.1.100.202309141235/tools/bin/../lib/gcc/arm-none-eabi/11.3.1/thumb/v7e-m+fp/hard\libgcc.a
LOAD C:/ST/STM32CubeIDE_1.10.1/STM32CubeIDE/plugins/com.st.stm32cube.ide.mcu.externaltools.gnu-tools-for-stm32.11.3.rel1.win32_1.1.100.202309141235/tools/bin/../lib/gcc/arm-none-eabi/11.3.1/../../../../arm-none-eabi/lib/thumb/v7e-m+fp/hard\libc_nano.a
LOAD C:/ST/STM32CubeIDE_1.10.1/STM32CubeIDE/plugins/com.st.stm32cube.ide.mcu.externaltools.gnu-tools-for-stm32.11.3.rel1.win32_1.1.100.202309141235/tools/bin/../lib/gcc/arm-none-eabi/11.3.1/../../../../arm-none-eabi/lib/thumb/v7e-m+fp/hard\libnosys.a
END GROUP
START GROUP
LOAD C:/ST/STM32CubeIDE_1.10.1/STM32CubeIDE/plugins/com.st.stm32cube.ide.mcu.externaltools.gnu-tools-for-stm32.11.3.rel1.win32_1.1.100.202309141235/tools/bin/../lib/gcc/arm-none-eabi/11.3.1/thumb/v7e-m+fp/hard\libgcc.a
LOAD C:/ST/STM32CubeIDE_1.10.1/STM32CubeIDE/plugins/com.st.stm32cube.ide.mcu.externaltools.gnu-tools-for-stm32.11.3.rel1.win32_1.1.100.202309141235/tools/bin/../lib/gcc/arm-none-eabi/11.3.1/../../../../arm-none-eabi/lib/thumb/v7e-m+fp/hard\libc_nano.a
LOAD C:/ST/STM32CubeIDE_1.10.1/STM32CubeIDE/plugins/com.st.stm32cube.ide.mcu.externaltools.gnu-tools-for-stm32.11.3.rel1.win32_1.1.100.202309141235/tools/bin/../lib/gcc/arm-none-eabi/11.3.1/../../../../arm-none-eabi/lib/thumb/v7e-m+fp/hard\libnosys.a
END GROUP
LOAD C:/ST/STM32CubeIDE_1.10.1/STM32CubeIDE/plugins/com.st.stm32cube.ide.mcu.externaltools.gnu-tools-for-stm32.11.3.rel1.win32_1.1.100.202309141235/tools/bin/../lib/gcc/arm-none-eabi/11.3.1/thumb/v7e-m+fp/hard/crtend.o
LOAD C:/ST/STM32CubeIDE_1.10.1/STM32CubeIDE/plugins/com.st.stm32cube.ide.mcu.externaltools.gnu-tools-for-stm32.11.3.rel1.win32_1.1.100.202309141235/tools/bin/../lib/gcc/arm-none-eabi/11.3.1/thumb/v7e-m+fp/hard/crtn.o
                0x0000000020018000                _estack = (ORIGIN (RAM) + LENGTH (RAM))
                0x0000000000000200                _Min_Heap_Size = 0x200
                0x0000000000000400                _Min_Stack_Size = 0x400

.isr_vector     0x0000000008000000      0x188
                0x0000000008000000                . = ALIGN (0x4)
 *(.isr_vector)
 .isr_vector    0x0000000008000000      0x188 ./Core/Startup/startup_stm32l476rgtx.o
                0x0000000008000000                g_pfnVectors
                0x0000000008000188                . = ALIGN (0x4)

.text           0x0000000008000190     0x9290
                0x0000000008000190                . = ALIGN (0x4)
 *(.text)
 .text          0x0000000008000190       0x40 C:/ST/STM32CubeIDE_1.10.1/STM32CubeIDE/plugins/com.st.stm32cube.ide.mcu.externaltools.gnu-tools-for-stm32.11.3.rel1.win32_1.1.100.202309141235/tools/bin/../lib/gcc/arm-none-eabi/11.3.1/thumb/v7e-m+fp/hard/crtbegin.o
 .text          0x00000000080001d0       0xa0 C:/ST/STM32CubeIDE_1.10.1/STM32CubeIDE/plugins/com.st.stm32cube.ide.mcu.externaltools.gnu-tools-for-stm32.11.3.rel1.win32_1.1.100.202309141235/tools/bin/../lib/gcc/arm-none-eabi/11.3.1/../../../../arm-none-eabi/lib/thumb/v7e-m+fp/hard\libc_nano.a(libc_a-memchr.o)
                0x00000000080001d0                memchr
 .text          0x0000000008000270       0x30 C:/ST/STM32CubeIDE_1.10.1/STM32CubeIDE/plugins/com.st.stm32cube.ide.mcu.externaltools.gnu-tools-for-stm32.11.3.rel1.win32_1.1.100.202309141235/tools/bin/../lib/gcc/arm-none-eabi/11.3.1/thumb/v7e-m+fp/hard\libgcc.a(_aeabi_uldivmod.o)
                0x0000000008000270                __aeabi_uldivmod
 .text          0x00000000080002a0      0x2c8 C:/ST/STM32CubeIDE_1.10.1/STM32CubeIDE/plugins/com.st.stm32cube.ide.mcu.externaltools.gnu-tools-for-stm32.11.3.rel1.win32_1.1.100.202309141235/tools/bin/../lib/gcc/arm-none-eabi/11.3.1/thumb/v7e-m+fp/hard\libgcc.a(_udivmoddi4.o)
                0x00000000080002a0                __udivmoddi4
 .text          0x0000000008000568        0x4 C:/ST/STM32CubeIDE_1.10.1/STM32CubeIDE/plugins/com.st.stm32cube.ide.mcu.externaltools.gnu-tools-for-stm32.11.3.rel1.win32_1.1.100.202309141235/tools/bin/../lib/gcc/arm-none-eabi/11.3.1/thumb/v7e-m+fp/hard\libgcc.a(_dvmd_tls.o)
                0x0000000008000568                __aeabi_idiv0
                0x0000000008000568                __aeabi_ldiv0
 *(.text*)
 .text.shiftOut
                0x000000000800056c       0x9c ./Core/Src/MultiFunctionShield.o
                0x000000000800056c                shiftOut
 .text.MultiFunctionShield_Single_Digit_Display
                0x0000000008000608       0xb0 ./Core/Src/MultiFunctionShield.o
                0x0000000008000608                MultiFunctionShield_Single_Digit_Display
 .text.MultiFunctionShield_Display_Two_Digits
                0x00000000080006b8       0x94 ./Core/Src/MultiFunctionShield.o
                0x00000000080006b8                MultiFunctionShield_Display_Two_Digits
 .text.Clear_LEDs
                0x000000000800074c       0x3c ./Core/Src/MultiFunctionShield.o
                0x000000000800074c                Clear_LEDs
 .text.MultiFunctionShield_Clear
                0x0000000008000788       0x2c ./Core/Src/MultiFunctionShield.o
                0x0000000008000788                MultiFunctionShield_Clear
 .text.MultiFunctionShield_WriteNumberToSegment
                0x00000000080007b4       0x74 ./Core/Src/MultiFunctionShield.o
                0x00000000080007b4                MultiFunctionShield_WriteNumberToSegment
 .text.MultiFunctionShield__ISRFunc
                0x0000000008000828       0x64 ./Core/Src/MultiFunctionShield.o
                0x0000000008000828                MultiFunctionShield__ISRFunc
 .text.main     0x000000000800088c      0x1bc ./Core/Src/main.o
                0x000000000800088c                main
 .text.SystemClock_Config
                0x0000000008000a48       0xa2 ./Core/Src/main.o
                0x0000000008000a48                SystemClock_Config
 *fill*         0x0000000008000aea        0x2 
 .text.MX_TIM17_Init
                0x0000000008000aec       0x4c ./Core/Src/main.o
 .text.MX_USART2_UART_Init
                0x0000000008000b38       0x60 ./Core/Src/main.o
 .text.MX_GPIO_Init
                0x0000000008000b98      0x1d8 ./Core/Src/main.o
 .text.HAL_GPIO_EXTI_Callback
                0x0000000008000d70       0x74 ./Core/Src/main.o
                0x0000000008000d70                HAL_GPIO_EXTI_Callback
 .text.__io_putchar
                0x0000000008000de4       0x24 ./Core/Src/main.o
                0x0000000008000de4                __io_putchar
 .text.random_wait
                0x0000000008000e08       0x3c ./Core/Src/main.o
                0x0000000008000e08                random_wait
 .text.Semaphore_Toggle_Task
                0x0000000008000e44       0x30 ./Core/Src/main.o
                0x0000000008000e44                Semaphore_Toggle_Task
 .text.NotifyToggleTask
                0x0000000008000e74       0x30 ./Core/Src/main.o
                0x0000000008000e74                NotifyToggleTask
 .text.SW_Timer_Task
                0x0000000008000ea4       0x50 ./Core/Src/main.o
                0x0000000008000ea4                SW_Timer_Task
 .text.Mutex_CountUpTask
                0x0000000008000ef4       0x58 ./Core/Src/main.o
                0x0000000008000ef4                Mutex_CountUpTask
 .text.Mutex_CountDownTask
                0x0000000008000f4c       0x58 ./Core/Src/main.o
                0x0000000008000f4c                Mutex_CountDownTask
 .text.UpdateGlobDisplayProcess
                0x0000000008000fa4       0x20 ./Core/Src/main.o
                0x0000000008000fa4                UpdateGlobDisplayProcess
 .text.ResetGlobalTask
                0x0000000008000fc4       0x50 ./Core/Src/main.o
                0x0000000008000fc4                ResetGlobalTask
 .text.StartDebounce
                0x0000000008001014       0x6c ./Core/Src/main.o
                0x0000000008001014                StartDebounce
 .text.SW_Timer_Countdown
                0x0000000008001080       0x40 ./Core/Src/main.o
                0x0000000008001080                SW_Timer_Countdown
 .text.HAL_TIM_PeriodElapsedCallback
                0x00000000080010c0       0x34 ./Core/Src/main.o
                0x00000000080010c0                HAL_TIM_PeriodElapsedCallback
 .text.Error_Handler
                0x00000000080010f4        0xa ./Core/Src/main.o
                0x00000000080010f4                Error_Handler
 *fill*         0x00000000080010fe        0x2 
 .text.HAL_MspInit
                0x0000000008001100       0x50 ./Core/Src/stm32l4xx_hal_msp.o
                0x0000000008001100                HAL_MspInit
 .text.HAL_TIM_Base_MspInit
                0x0000000008001150       0x4c ./Core/Src/stm32l4xx_hal_msp.o
                0x0000000008001150                HAL_TIM_Base_MspInit
 .text.HAL_UART_MspInit
                0x000000000800119c       0xb8 ./Core/Src/stm32l4xx_hal_msp.o
                0x000000000800119c                HAL_UART_MspInit
 .text.HAL_InitTick
                0x0000000008001254       0xf4 ./Core/Src/stm32l4xx_hal_timebase_tim.o
                0x0000000008001254                HAL_InitTick
 .text.NMI_Handler
                0x0000000008001348        0x6 ./Core/Src/stm32l4xx_it.o
                0x0000000008001348                NMI_Handler
 .text.HardFault_Handler
                0x000000000800134e        0x6 ./Core/Src/stm32l4xx_it.o
                0x000000000800134e                HardFault_Handler
 .text.MemManage_Handler
                0x0000000008001354        0x6 ./Core/Src/stm32l4xx_it.o
                0x0000000008001354                MemManage_Handler
 .text.BusFault_Handler
                0x000000000800135a        0x6 ./Core/Src/stm32l4xx_it.o
                0x000000000800135a                BusFault_Handler
 .text.UsageFault_Handler
                0x0000000008001360        0x6 ./Core/Src/stm32l4xx_it.o
                0x0000000008001360                UsageFault_Handler
 .text.DebugMon_Handler
                0x0000000008001366        0xe ./Core/Src/stm32l4xx_it.o
                0x0000000008001366                DebugMon_Handler
 .text.EXTI0_IRQHandler
                0x0000000008001374        0xe ./Core/Src/stm32l4xx_it.o
                0x0000000008001374                EXTI0_IRQHandler
 .text.EXTI1_IRQHandler
                0x0000000008001382        0xe ./Core/Src/stm32l4xx_it.o
                0x0000000008001382                EXTI1_IRQHandler
 .text.EXTI4_IRQHandler
                0x0000000008001390        0xe ./Core/Src/stm32l4xx_it.o
                0x0000000008001390                EXTI4_IRQHandler
 *fill*         0x000000000800139e        0x2 
 .text.TIM1_TRG_COM_TIM17_IRQHandler
                0x00000000080013a0       0x14 ./Core/Src/stm32l4xx_it.o
                0x00000000080013a0                TIM1_TRG_COM_TIM17_IRQHandler
 .text.TIM3_IRQHandler
                0x00000000080013b4       0x14 ./Core/Src/stm32l4xx_it.o
                0x00000000080013b4                TIM3_IRQHandler
 .text._getpid  0x00000000080013c8       0x10 ./Core/Src/syscalls.o
                0x00000000080013c8                _getpid
 .text._kill    0x00000000080013d8       0x20 ./Core/Src/syscalls.o
                0x00000000080013d8                _kill
 .text._exit    0x00000000080013f8       0x14 ./Core/Src/syscalls.o
                0x00000000080013f8                _exit
 .text._read    0x000000000800140c       0x3a ./Core/Src/syscalls.o
                0x000000000800140c                _read
 .text._write   0x0000000008001446       0x38 ./Core/Src/syscalls.o
                0x0000000008001446                _write
 .text._close   0x000000000800147e       0x18 ./Core/Src/syscalls.o
                0x000000000800147e                _close
 .text._fstat   0x0000000008001496       0x20 ./Core/Src/syscalls.o
                0x0000000008001496                _fstat
 .text._isatty  0x00000000080014b6       0x16 ./Core/Src/syscalls.o
                0x00000000080014b6                _isatty
 .text._lseek   0x00000000080014cc       0x1a ./Core/Src/syscalls.o
                0x00000000080014cc                _lseek
 *fill*         0x00000000080014e6        0x2 
 .text._sbrk    0x00000000080014e8       0x6c ./Core/Src/sysmem.o
                0x00000000080014e8                _sbrk
 .text.SystemInit
                0x0000000008001554       0x24 ./Core/Src/system_stm32l4xx.o
                0x0000000008001554                SystemInit
 .text.Reset_Handler
                0x0000000008001578       0x50 ./Core/Startup/startup_stm32l476rgtx.o
                0x0000000008001578                Reset_Handler
 .text.Default_Handler
                0x00000000080015c8        0x2 ./Core/Startup/startup_stm32l476rgtx.o
                0x00000000080015c8                RTC_Alarm_IRQHandler
                0x00000000080015c8                EXTI2_IRQHandler
                0x00000000080015c8                TIM8_TRG_COM_IRQHandler
                0x00000000080015c8                TIM8_CC_IRQHandler
                0x00000000080015c8                TIM1_CC_IRQHandler
                0x00000000080015c8                TSC_IRQHandler
                0x00000000080015c8                TAMP_STAMP_IRQHandler
                0x00000000080015c8                EXTI3_IRQHandler
                0x00000000080015c8                LPTIM2_IRQHandler
                0x00000000080015c8                DFSDM1_FLT1_IRQHandler
                0x00000000080015c8                I2C3_ER_IRQHandler
                0x00000000080015c8                DFSDM1_FLT2_IRQHandler
                0x00000000080015c8                I2C2_EV_IRQHandler
                0x00000000080015c8                CAN1_RX0_IRQHandler
                0x00000000080015c8                FPU_IRQHandler
                0x00000000080015c8                TIM1_UP_TIM16_IRQHandler
                0x00000000080015c8                ADC1_2_IRQHandler
                0x00000000080015c8                SPI1_IRQHandler
                0x00000000080015c8                TIM6_DAC_IRQHandler
                0x00000000080015c8                TIM8_UP_IRQHandler
                0x00000000080015c8                DMA2_Channel2_IRQHandler
                0x00000000080015c8                DMA1_Channel4_IRQHandler
                0x00000000080015c8                SAI2_IRQHandler
                0x00000000080015c8                DFSDM1_FLT3_IRQHandler
                0x00000000080015c8                USART3_IRQHandler
                0x00000000080015c8                DMA1_Channel7_IRQHandler
                0x00000000080015c8                CAN1_RX1_IRQHandler
                0x00000000080015c8                LCD_IRQHandler
                0x00000000080015c8                UART5_IRQHandler
                0x00000000080015c8                ADC3_IRQHandler
                0x00000000080015c8                TIM4_IRQHandler
                0x00000000080015c8                DMA2_Channel1_IRQHandler
                0x00000000080015c8                QUADSPI_IRQHandler
                0x00000000080015c8                I2C1_EV_IRQHandler
                0x00000000080015c8                DMA1_Channel6_IRQHandler
                0x00000000080015c8                UART4_IRQHandler
                0x00000000080015c8                DMA2_Channel4_IRQHandler
                0x00000000080015c8                RCC_IRQHandler
                0x00000000080015c8                DMA1_Channel1_IRQHandler
                0x00000000080015c8                Default_Handler
                0x00000000080015c8                DMA2_Channel7_IRQHandler
                0x00000000080015c8                EXTI15_10_IRQHandler
                0x00000000080015c8                TIM7_IRQHandler
                0x00000000080015c8                SDMMC1_IRQHandler
                0x00000000080015c8                TIM5_IRQHandler
                0x00000000080015c8                I2C3_EV_IRQHandler
                0x00000000080015c8                EXTI9_5_IRQHandler
                0x00000000080015c8                RTC_WKUP_IRQHandler
                0x00000000080015c8                PVD_PVM_IRQHandler
                0x00000000080015c8                SPI2_IRQHandler
                0x00000000080015c8                CAN1_TX_IRQHandler
                0x00000000080015c8                DMA2_Channel5_IRQHandler
                0x00000000080015c8                DMA1_Channel5_IRQHandler
                0x00000000080015c8                RNG_IRQHandler
                0x00000000080015c8                DMA1_Channel3_IRQHandler
                0x00000000080015c8                COMP_IRQHandler
                0x00000000080015c8                WWDG_IRQHandler
                0x00000000080015c8                LPUART1_IRQHandler
                0x00000000080015c8                DMA2_Channel6_IRQHandler
                0x00000000080015c8                TIM2_IRQHandler
                0x00000000080015c8                USART2_IRQHandler
                0x00000000080015c8                DFSDM1_FLT0_IRQHandler
                0x00000000080015c8                I2C2_ER_IRQHandler
                0x00000000080015c8                DMA1_Channel2_IRQHandler
                0x00000000080015c8                TIM8_BRK_IRQHandler
                0x00000000080015c8                CAN1_SCE_IRQHandler
                0x00000000080015c8                FLASH_IRQHandler
                0x00000000080015c8                USART1_IRQHandler
                0x00000000080015c8                OTG_FS_IRQHandler
                0x00000000080015c8                SPI3_IRQHandler
                0x00000000080015c8                I2C1_ER_IRQHandler
                0x00000000080015c8                FMC_IRQHandler
                0x00000000080015c8                SWPMI1_IRQHandler
                0x00000000080015c8                LPTIM1_IRQHandler
                0x00000000080015c8                SAI1_IRQHandler
                0x00000000080015c8                DMA2_Channel3_IRQHandler
                0x00000000080015c8                TIM1_BRK_TIM15_IRQHandler
 *fill*         0x00000000080015ca        0x2 
 .text.HAL_Init
                0x00000000080015cc       0x40 ./Drivers/STM32L4xx_HAL_Driver/Src/stm32l4xx_hal.o
                0x00000000080015cc                HAL_Init
 .text.HAL_IncTick
                0x000000000800160c       0x28 ./Drivers/STM32L4xx_HAL_Driver/Src/stm32l4xx_hal.o
                0x000000000800160c                HAL_IncTick
 .text.HAL_GetTick
                0x0000000008001634       0x18 ./Drivers/STM32L4xx_HAL_Driver/Src/stm32l4xx_hal.o
                0x0000000008001634                HAL_GetTick
 .text.__NVIC_SetPriorityGrouping
                0x000000000800164c       0x48 ./Drivers/STM32L4xx_HAL_Driver/Src/stm32l4xx_hal_cortex.o
 .text.__NVIC_GetPriorityGrouping
                0x0000000008001694       0x1c ./Drivers/STM32L4xx_HAL_Driver/Src/stm32l4xx_hal_cortex.o
 .text.__NVIC_EnableIRQ
                0x00000000080016b0       0x3c ./Drivers/STM32L4xx_HAL_Driver/Src/stm32l4xx_hal_cortex.o
 .text.__NVIC_SetPriority
                0x00000000080016ec       0x54 ./Drivers/STM32L4xx_HAL_Driver/Src/stm32l4xx_hal_cortex.o
 .text.NVIC_EncodePriority
                0x0000000008001740       0x66 ./Drivers/STM32L4xx_HAL_Driver/Src/stm32l4xx_hal_cortex.o
 .text.HAL_NVIC_SetPriorityGrouping
                0x00000000080017a6       0x16 ./Drivers/STM32L4xx_HAL_Driver/Src/stm32l4xx_hal_cortex.o
                0x00000000080017a6                HAL_NVIC_SetPriorityGrouping
 .text.HAL_NVIC_SetPriority
                0x00000000080017bc       0x38 ./Drivers/STM32L4xx_HAL_Driver/Src/stm32l4xx_hal_cortex.o
                0x00000000080017bc                HAL_NVIC_SetPriority
 .text.HAL_NVIC_EnableIRQ
                0x00000000080017f4       0x1c ./Drivers/STM32L4xx_HAL_Driver/Src/stm32l4xx_hal_cortex.o
                0x00000000080017f4                HAL_NVIC_EnableIRQ
 .text.HAL_GPIO_Init
                0x0000000008001810      0x354 ./Drivers/STM32L4xx_HAL_Driver/Src/stm32l4xx_hal_gpio.o
                0x0000000008001810                HAL_GPIO_Init
 .text.HAL_GPIO_WritePin
                0x0000000008001b64       0x30 ./Drivers/STM32L4xx_HAL_Driver/Src/stm32l4xx_hal_gpio.o
                0x0000000008001b64                HAL_GPIO_WritePin
 .text.HAL_GPIO_TogglePin
                0x0000000008001b94       0x34 ./Drivers/STM32L4xx_HAL_Driver/Src/stm32l4xx_hal_gpio.o
                0x0000000008001b94                HAL_GPIO_TogglePin
 .text.HAL_GPIO_EXTI_IRQHandler
                0x0000000008001bc8       0x30 ./Drivers/STM32L4xx_HAL_Driver/Src/stm32l4xx_hal_gpio.o
                0x0000000008001bc8                HAL_GPIO_EXTI_IRQHandler
 .text.HAL_PWREx_GetVoltageRange
                0x0000000008001bf8       0x1c ./Drivers/STM32L4xx_HAL_Driver/Src/stm32l4xx_hal_pwr_ex.o
                0x0000000008001bf8                HAL_PWREx_GetVoltageRange
 .text.HAL_PWREx_ControlVoltageScaling
                0x0000000008001c14       0xac ./Drivers/STM32L4xx_HAL_Driver/Src/stm32l4xx_hal_pwr_ex.o
                0x0000000008001c14                HAL_PWREx_ControlVoltageScaling
 .text.HAL_RCC_OscConfig
                0x0000000008001cc0      0x7b8 ./Drivers/STM32L4xx_HAL_Driver/Src/stm32l4xx_hal_rcc.o
                0x0000000008001cc0                HAL_RCC_OscConfig
 .text.HAL_RCC_ClockConfig
                0x0000000008002478      0x200 ./Drivers/STM32L4xx_HAL_Driver/Src/stm32l4xx_hal_rcc.o
                0x0000000008002478                HAL_RCC_ClockConfig
 .text.HAL_RCC_GetSysClockFreq
                0x0000000008002678      0x118 ./Drivers/STM32L4xx_HAL_Driver/Src/stm32l4xx_hal_rcc.o
                0x0000000008002678                HAL_RCC_GetSysClockFreq
 .text.HAL_RCC_GetHCLKFreq
                0x0000000008002790       0x18 ./Drivers/STM32L4xx_HAL_Driver/Src/stm32l4xx_hal_rcc.o
                0x0000000008002790                HAL_RCC_GetHCLKFreq
 .text.HAL_RCC_GetPCLK1Freq
                0x00000000080027a8       0x2c ./Drivers/STM32L4xx_HAL_Driver/Src/stm32l4xx_hal_rcc.o
                0x00000000080027a8                HAL_RCC_GetPCLK1Freq
 .text.HAL_RCC_GetPCLK2Freq
                0x00000000080027d4       0x2c ./Drivers/STM32L4xx_HAL_Driver/Src/stm32l4xx_hal_rcc.o
                0x00000000080027d4                HAL_RCC_GetPCLK2Freq
 .text.HAL_RCC_GetClockConfig
                0x0000000008002800       0x64 ./Drivers/STM32L4xx_HAL_Driver/Src/stm32l4xx_hal_rcc.o
                0x0000000008002800                HAL_RCC_GetClockConfig
 .text.RCC_SetFlashLatencyFromMSIRange
                0x0000000008002864       0xc0 ./Drivers/STM32L4xx_HAL_Driver/Src/stm32l4xx_hal_rcc.o
 .text.HAL_RCCEx_PeriphCLKConfig
                0x0000000008002924      0x5d4 ./Drivers/STM32L4xx_HAL_Driver/Src/stm32l4xx_hal_rcc_ex.o
                0x0000000008002924                HAL_RCCEx_PeriphCLKConfig
 .text.RCCEx_PLLSAI1_Config
                0x0000000008002ef8      0x1e8 ./Drivers/STM32L4xx_HAL_Driver/Src/stm32l4xx_hal_rcc_ex.o
 .text.RCCEx_PLLSAI2_Config
                0x00000000080030e0      0x1bc ./Drivers/STM32L4xx_HAL_Driver/Src/stm32l4xx_hal_rcc_ex.o
 .text.HAL_TIM_Base_Init
                0x000000000800329c       0xae ./Drivers/STM32L4xx_HAL_Driver/Src/stm32l4xx_hal_tim.o
                0x000000000800329c                HAL_TIM_Base_Init
 *fill*         0x000000000800334a        0x2 
 .text.HAL_TIM_Base_Start_IT
                0x000000000800334c       0xe0 ./Drivers/STM32L4xx_HAL_Driver/Src/stm32l4xx_hal_tim.o
                0x000000000800334c                HAL_TIM_Base_Start_IT
 .text.HAL_TIM_IRQHandler
                0x000000000800342c      0x204 ./Drivers/STM32L4xx_HAL_Driver/Src/stm32l4xx_hal_tim.o
                0x000000000800342c                HAL_TIM_IRQHandler
 .text.HAL_TIM_OC_DelayElapsedCallback
                0x0000000008003630       0x14 ./Drivers/STM32L4xx_HAL_Driver/Src/stm32l4xx_hal_tim.o
                0x0000000008003630                HAL_TIM_OC_DelayElapsedCallback
 .text.HAL_TIM_IC_CaptureCallback
                0x0000000008003644       0x14 ./Drivers/STM32L4xx_HAL_Driver/Src/stm32l4xx_hal_tim.o
                0x0000000008003644                HAL_TIM_IC_CaptureCallback
 .text.HAL_TIM_PWM_PulseFinishedCallback
                0x0000000008003658       0x14 ./Drivers/STM32L4xx_HAL_Driver/Src/stm32l4xx_hal_tim.o
                0x0000000008003658                HAL_TIM_PWM_PulseFinishedCallback
 .text.HAL_TIM_TriggerCallback
                0x000000000800366c       0x14 ./Drivers/STM32L4xx_HAL_Driver/Src/stm32l4xx_hal_tim.o
                0x000000000800366c                HAL_TIM_TriggerCallback
 .text.TIM_Base_SetConfig
                0x0000000008003680      0x134 ./Drivers/STM32L4xx_HAL_Driver/Src/stm32l4xx_hal_tim.o
                0x0000000008003680                TIM_Base_SetConfig
 .text.HAL_TIMEx_CommutCallback
                0x00000000080037b4       0x14 ./Drivers/STM32L4xx_HAL_Driver/Src/stm32l4xx_hal_tim_ex.o
                0x00000000080037b4                HAL_TIMEx_CommutCallback
 .text.HAL_TIMEx_BreakCallback
                0x00000000080037c8       0x14 ./Drivers/STM32L4xx_HAL_Driver/Src/stm32l4xx_hal_tim_ex.o
                0x00000000080037c8                HAL_TIMEx_BreakCallback
 .text.HAL_TIMEx_Break2Callback
                0x00000000080037dc       0x14 ./Drivers/STM32L4xx_HAL_Driver/Src/stm32l4xx_hal_tim_ex.o
                0x00000000080037dc                HAL_TIMEx_Break2Callback
 .text.HAL_UART_Init
                0x00000000080037f0       0x9c ./Drivers/STM32L4xx_HAL_Driver/Src/stm32l4xx_hal_uart.o
                0x00000000080037f0                HAL_UART_Init
 .text.HAL_UART_Transmit
                0x000000000800388c      0x114 ./Drivers/STM32L4xx_HAL_Driver/Src/stm32l4xx_hal_uart.o
                0x000000000800388c                HAL_UART_Transmit
 .text.UART_SetConfig
                0x00000000080039a0      0x570 ./Drivers/STM32L4xx_HAL_Driver/Src/stm32l4xx_hal_uart.o
                0x00000000080039a0                UART_SetConfig
 .text.UART_AdvFeatureConfig
                0x0000000008003f10      0x144 ./Drivers/STM32L4xx_HAL_Driver/Src/stm32l4xx_hal_uart.o
                0x0000000008003f10                UART_AdvFeatureConfig
 .text.UART_CheckIdleState
                0x0000000008004054      0x150 ./Drivers/STM32L4xx_HAL_Driver/Src/stm32l4xx_hal_uart.o
                0x0000000008004054                UART_CheckIdleState
 .text.UART_WaitOnFlagUntilTimeout
                0x00000000080041a4       0xce ./Drivers/STM32L4xx_HAL_Driver/Src/stm32l4xx_hal_uart.o
                0x00000000080041a4                UART_WaitOnFlagUntilTimeout
 .text.UART_EndRxTransfer
                0x0000000008004272       0xc8 ./Drivers/STM32L4xx_HAL_Driver/Src/stm32l4xx_hal_uart.o
 *fill*         0x000000000800433a        0x2 
 .text.__NVIC_SetPriority
                0x000000000800433c       0x54 ./Middlewares/Third_Party/FreeRTOS/Source/CMSIS_RTOS_V2/cmsis_os2.o
 .text.SysTick_Handler
                0x0000000008004390       0x20 ./Middlewares/Third_Party/FreeRTOS/Source/CMSIS_RTOS_V2/cmsis_os2.o
                0x0000000008004390                SysTick_Handler
 .text.SVC_Setup
                0x00000000080043b0       0x12 ./Middlewares/Third_Party/FreeRTOS/Source/CMSIS_RTOS_V2/cmsis_os2.o
 *fill*         0x00000000080043c2        0x2 
 .text.osKernelInitialize
                0x00000000080043c4       0x48 ./Middlewares/Third_Party/FreeRTOS/Source/CMSIS_RTOS_V2/cmsis_os2.o
                0x00000000080043c4                osKernelInitialize
 .text.osKernelStart
                0x000000000800440c       0x4c ./Middlewares/Third_Party/FreeRTOS/Source/CMSIS_RTOS_V2/cmsis_os2.o
                0x000000000800440c                osKernelStart
 .text.osThreadNew
                0x0000000008004458      0x124 ./Middlewares/Third_Party/FreeRTOS/Source/CMSIS_RTOS_V2/cmsis_os2.o
                0x0000000008004458                osThreadNew
 .text.osDelay  0x000000000800457c       0x36 ./Middlewares/Third_Party/FreeRTOS/Source/CMSIS_RTOS_V2/cmsis_os2.o
                0x000000000800457c                osDelay
 .text.TimerCallback
                0x00000000080045b2       0x2a ./Middlewares/Third_Party/FreeRTOS/Source/CMSIS_RTOS_V2/cmsis_os2.o
 .text.osTimerNew
                0x00000000080045dc       0xf8 ./Middlewares/Third_Party/FreeRTOS/Source/CMSIS_RTOS_V2/cmsis_os2.o
                0x00000000080045dc                osTimerNew
 .text.osTimerStart
                0x00000000080046d4       0x5c ./Middlewares/Third_Party/FreeRTOS/Source/CMSIS_RTOS_V2/cmsis_os2.o
                0x00000000080046d4                osTimerStart
 .text.osTimerStop
                0x0000000008004730       0x6e ./Middlewares/Third_Party/FreeRTOS/Source/CMSIS_RTOS_V2/cmsis_os2.o
                0x0000000008004730                osTimerStop
 .text.osTimerIsRunning
                0x000000000800479e       0x38 ./Middlewares/Third_Party/FreeRTOS/Source/CMSIS_RTOS_V2/cmsis_os2.o
                0x000000000800479e                osTimerIsRunning
 .text.osMutexNew
                0x00000000080047d6      0x10c ./Middlewares/Third_Party/FreeRTOS/Source/CMSIS_RTOS_V2/cmsis_os2.o
                0x00000000080047d6                osMutexNew
 .text.osMutexAcquire
                0x00000000080048e2       0x96 ./Middlewares/Third_Party/FreeRTOS/Source/CMSIS_RTOS_V2/cmsis_os2.o
                0x00000000080048e2                osMutexAcquire
 .text.osMutexRelease
                0x0000000008004978       0x7a ./Middlewares/Third_Party/FreeRTOS/Source/CMSIS_RTOS_V2/cmsis_os2.o
                0x0000000008004978                osMutexRelease
 .text.osSemaphoreNew
                0x00000000080049f2      0x112 ./Middlewares/Third_Party/FreeRTOS/Source/CMSIS_RTOS_V2/cmsis_os2.o
                0x00000000080049f2                osSemaphoreNew
 .text.osSemaphoreAcquire
                0x0000000008004b04       0xa4 ./Middlewares/Third_Party/FreeRTOS/Source/CMSIS_RTOS_V2/cmsis_os2.o
                0x0000000008004b04                osSemaphoreAcquire
 .text.osSemaphoreRelease
                0x0000000008004ba8       0x88 ./Middlewares/Third_Party/FreeRTOS/Source/CMSIS_RTOS_V2/cmsis_os2.o
                0x0000000008004ba8                osSemaphoreRelease
 .text.vApplicationGetIdleTaskMemory
                0x0000000008004c30       0x34 ./Middlewares/Third_Party/FreeRTOS/Source/CMSIS_RTOS_V2/cmsis_os2.o
                0x0000000008004c30                vApplicationGetIdleTaskMemory
 .text.vApplicationGetTimerTaskMemory
                0x0000000008004c64       0x34 ./Middlewares/Third_Party/FreeRTOS/Source/CMSIS_RTOS_V2/cmsis_os2.o
                0x0000000008004c64                vApplicationGetTimerTaskMemory
 .text.vListInitialise
                0x0000000008004c98       0x40 ./Middlewares/Third_Party/FreeRTOS/Source/list.o
                0x0000000008004c98                vListInitialise
 .text.vListInitialiseItem
                0x0000000008004cd8       0x1a ./Middlewares/Third_Party/FreeRTOS/Source/list.o
                0x0000000008004cd8                vListInitialiseItem
 .text.vListInsertEnd
                0x0000000008004cf2       0x48 ./Middlewares/Third_Party/FreeRTOS/Source/list.o
                0x0000000008004cf2                vListInsertEnd
 .text.vListInsert
                0x0000000008004d3a       0x72 ./Middlewares/Third_Party/FreeRTOS/Source/list.o
                0x0000000008004d3a                vListInsert
 .text.uxListRemove
                0x0000000008004dac       0x54 ./Middlewares/Third_Party/FreeRTOS/Source/list.o
                0x0000000008004dac                uxListRemove
 .text.xQueueGenericReset
                0x0000000008004e00       0xd0 ./Middlewares/Third_Party/FreeRTOS/Source/queue.o
                0x0000000008004e00                xQueueGenericReset
 .text.xQueueGenericCreateStatic
                0x0000000008004ed0       0xf0 ./Middlewares/Third_Party/FreeRTOS/Source/queue.o
                0x0000000008004ed0                xQueueGenericCreateStatic
 .text.xQueueGenericCreate
                0x0000000008004fc0       0x74 ./Middlewares/Third_Party/FreeRTOS/Source/queue.o
                0x0000000008004fc0                xQueueGenericCreate
 .text.prvInitialiseNewQueue
                0x0000000008005034       0x46 ./Middlewares/Third_Party/FreeRTOS/Source/queue.o
 .text.prvInitialiseMutex
                0x000000000800507a       0x34 ./Middlewares/Third_Party/FreeRTOS/Source/queue.o
 .text.xQueueCreateMutex
                0x00000000080050ae       0x30 ./Middlewares/Third_Party/FreeRTOS/Source/queue.o
                0x00000000080050ae                xQueueCreateMutex
 .text.xQueueCreateMutexStatic
                0x00000000080050de       0x36 ./Middlewares/Third_Party/FreeRTOS/Source/queue.o
                0x00000000080050de                xQueueCreateMutexStatic
 .text.xQueueGiveMutexRecursive
                0x0000000008005114       0x68 ./Middlewares/Third_Party/FreeRTOS/Source/queue.o
                0x0000000008005114                xQueueGiveMutexRecursive
 .text.xQueueTakeMutexRecursive
                0x000000000800517c       0x6c ./Middlewares/Third_Party/FreeRTOS/Source/queue.o
                0x000000000800517c                xQueueTakeMutexRecursive
 .text.xQueueCreateCountingSemaphoreStatic
                0x00000000080051e8       0x6e ./Middlewares/Third_Party/FreeRTOS/Source/queue.o
                0x00000000080051e8                xQueueCreateCountingSemaphoreStatic
 .text.xQueueCreateCountingSemaphore
                0x0000000008005256       0x66 ./Middlewares/Third_Party/FreeRTOS/Source/queue.o
                0x0000000008005256                xQueueCreateCountingSemaphore
 .text.xQueueGenericSend
                0x00000000080052bc      0x1fc ./Middlewares/Third_Party/FreeRTOS/Source/queue.o
                0x00000000080052bc                xQueueGenericSend
 .text.xQueueGenericSendFromISR
                0x00000000080054b8      0x136 ./Middlewares/Third_Party/FreeRTOS/Source/queue.o
                0x00000000080054b8                xQueueGenericSendFromISR
 .text.xQueueGiveFromISR
                0x00000000080055ee      0x11a ./Middlewares/Third_Party/FreeRTOS/Source/queue.o
                0x00000000080055ee                xQueueGiveFromISR
 .text.xQueueReceive
                0x0000000008005708      0x1c0 ./Middlewares/Third_Party/FreeRTOS/Source/queue.o
                0x0000000008005708                xQueueReceive
 .text.xQueueSemaphoreTake
                0x00000000080058c8      0x218 ./Middlewares/Third_Party/FreeRTOS/Source/queue.o
                0x00000000080058c8                xQueueSemaphoreTake
 .text.xQueueReceiveFromISR
                0x0000000008005ae0      0x100 ./Middlewares/Third_Party/FreeRTOS/Source/queue.o
                0x0000000008005ae0                xQueueReceiveFromISR
 .text.vQueueDelete
                0x0000000008005be0       0x46 ./Middlewares/Third_Party/FreeRTOS/Source/queue.o
                0x0000000008005be0                vQueueDelete
 .text.prvGetDisinheritPriorityAfterTimeout
                0x0000000008005c26       0x30 ./Middlewares/Third_Party/FreeRTOS/Source/queue.o
 .text.prvCopyDataToQueue
                0x0000000008005c56       0xd4 ./Middlewares/Third_Party/FreeRTOS/Source/queue.o
 .text.prvCopyDataFromQueue
                0x0000000008005d2a       0x4c ./Middlewares/Third_Party/FreeRTOS/Source/queue.o
 .text.prvUnlockQueue
                0x0000000008005d76       0xa4 ./Middlewares/Third_Party/FreeRTOS/Source/queue.o
 .text.prvIsQueueEmpty
                0x0000000008005e1a       0x2c ./Middlewares/Third_Party/FreeRTOS/Source/queue.o
 .text.prvIsQueueFull
                0x0000000008005e46       0x30 ./Middlewares/Third_Party/FreeRTOS/Source/queue.o
 *fill*         0x0000000008005e76        0x2 
 .text.vQueueAddToRegistry
                0x0000000008005e78       0x54 ./Middlewares/Third_Party/FreeRTOS/Source/queue.o
                0x0000000008005e78                vQueueAddToRegistry
 .text.vQueueUnregisterQueue
                0x0000000008005ecc       0x54 ./Middlewares/Third_Party/FreeRTOS/Source/queue.o
                0x0000000008005ecc                vQueueUnregisterQueue
 .text.vQueueWaitForMessageRestricted
                0x0000000008005f20       0x68 ./Middlewares/Third_Party/FreeRTOS/Source/queue.o
                0x0000000008005f20                vQueueWaitForMessageRestricted
 .text.xTaskCreateStatic
                0x0000000008005f88       0xba ./Middlewares/Third_Party/FreeRTOS/Source/tasks.o
                0x0000000008005f88                xTaskCreateStatic
 .text.xTaskCreate
                0x0000000008006042       0x8a ./Middlewares/Third_Party/FreeRTOS/Source/tasks.o
                0x0000000008006042                xTaskCreate
 .text.prvInitialiseNewTask
                0x00000000080060cc      0x14c ./Middlewares/Third_Party/FreeRTOS/Source/tasks.o
 .text.prvAddNewTaskToReadyList
                0x0000000008006218       0xe0 ./Middlewares/Third_Party/FreeRTOS/Source/tasks.o
 .text.vTaskDelay
                0x00000000080062f8       0x68 ./Middlewares/Third_Party/FreeRTOS/Source/tasks.o
                0x00000000080062f8                vTaskDelay
 .text.vTaskStartScheduler
                0x0000000008006360       0xe0 ./Middlewares/Third_Party/FreeRTOS/Source/tasks.o
                0x0000000008006360                vTaskStartScheduler
 .text.vTaskSuspendAll
                0x0000000008006440       0x1c ./Middlewares/Third_Party/FreeRTOS/Source/tasks.o
                0x0000000008006440                vTaskSuspendAll
 .text.xTaskResumeAll
                0x000000000800645c      0x13c ./Middlewares/Third_Party/FreeRTOS/Source/tasks.o
                0x000000000800645c                xTaskResumeAll
 .text.xTaskGetTickCount
                0x0000000008006598       0x20 ./Middlewares/Third_Party/FreeRTOS/Source/tasks.o
                0x0000000008006598                xTaskGetTickCount
 .text.xTaskIncrementTick
                0x00000000080065b8      0x174 ./Middlewares/Third_Party/FreeRTOS/Source/tasks.o
                0x00000000080065b8                xTaskIncrementTick
 .text.vTaskSwitchContext
                0x000000000800672c       0xc8 ./Middlewares/Third_Party/FreeRTOS/Source/tasks.o
                0x000000000800672c                vTaskSwitchContext
 .text.vTaskPlaceOnEventList
                0x00000000080067f4       0x48 ./Middlewares/Third_Party/FreeRTOS/Source/tasks.o
                0x00000000080067f4                vTaskPlaceOnEventList
 .text.vTaskPlaceOnEventListRestricted
                0x000000000800683c       0x58 ./Middlewares/Third_Party/FreeRTOS/Source/tasks.o
                0x000000000800683c                vTaskPlaceOnEventListRestricted
 .text.xTaskRemoveFromEventList
                0x0000000008006894       0xc8 ./Middlewares/Third_Party/FreeRTOS/Source/tasks.o
                0x0000000008006894                xTaskRemoveFromEventList
 .text.vTaskInternalSetTimeOutState
                0x000000000800695c       0x2c ./Middlewares/Third_Party/FreeRTOS/Source/tasks.o
                0x000000000800695c                vTaskInternalSetTimeOutState
 .text.xTaskCheckForTimeOut
                0x0000000008006988       0xc4 ./Middlewares/Third_Party/FreeRTOS/Source/tasks.o
                0x0000000008006988                xTaskCheckForTimeOut
 .text.vTaskMissedYield
                0x0000000008006a4c       0x18 ./Middlewares/Third_Party/FreeRTOS/Source/tasks.o
                0x0000000008006a4c                vTaskMissedYield
 .text.prvIdleTask
                0x0000000008006a64       0x30 ./Middlewares/Third_Party/FreeRTOS/Source/tasks.o
 .text.prvInitialiseTaskLists
                0x0000000008006a94       0x80 ./Middlewares/Third_Party/FreeRTOS/Source/tasks.o
 .text.prvCheckTasksWaitingTermination
                0x0000000008006b14       0x5c ./Middlewares/Third_Party/FreeRTOS/Source/tasks.o
 .text.prvDeleteTCB
                0x0000000008006b70       0x68 ./Middlewares/Third_Party/FreeRTOS/Source/tasks.o
 .text.prvResetNextTaskUnblockTime
                0x0000000008006bd8       0x40 ./Middlewares/Third_Party/FreeRTOS/Source/tasks.o
 .text.xTaskGetCurrentTaskHandle
                0x0000000008006c18       0x20 ./Middlewares/Third_Party/FreeRTOS/Source/tasks.o
                0x0000000008006c18                xTaskGetCurrentTaskHandle
 .text.xTaskGetSchedulerState
                0x0000000008006c38       0x3c ./Middlewares/Third_Party/FreeRTOS/Source/tasks.o
                0x0000000008006c38                xTaskGetSchedulerState
 .text.xTaskPriorityInherit
                0x0000000008006c74       0xd0 ./Middlewares/Third_Party/FreeRTOS/Source/tasks.o
                0x0000000008006c74                xTaskPriorityInherit
 .text.xTaskPriorityDisinherit
                0x0000000008006d44       0xdc ./Middlewares/Third_Party/FreeRTOS/Source/tasks.o
                0x0000000008006d44                xTaskPriorityDisinherit
 .text.vTaskPriorityDisinheritAfterTimeout
                0x0000000008006e20      0x104 ./Middlewares/Third_Party/FreeRTOS/Source/tasks.o
                0x0000000008006e20                vTaskPriorityDisinheritAfterTimeout
 .text.pvTaskIncrementMutexHeldCount
                0x0000000008006f24       0x28 ./Middlewares/Third_Party/FreeRTOS/Source/tasks.o
                0x0000000008006f24                pvTaskIncrementMutexHeldCount
 .text.xTaskNotifyWait
                0x0000000008006f4c       0xc0 ./Middlewares/Third_Party/FreeRTOS/Source/tasks.o
                0x0000000008006f4c                xTaskNotifyWait
 .text.xTaskGenericNotifyFromISR
                0x000000000800700c      0x1c8 ./Middlewares/Third_Party/FreeRTOS/Source/tasks.o
                0x000000000800700c                xTaskGenericNotifyFromISR
 .text.prvAddCurrentTaskToDelayedList
                0x00000000080071d4       0xa8 ./Middlewares/Third_Party/FreeRTOS/Source/tasks.o
 .text.xTimerCreateTimerTask
                0x000000000800727c       0x90 ./Middlewares/Third_Party/FreeRTOS/Source/timers.o
                0x000000000800727c                xTimerCreateTimerTask
 .text.xTimerCreate
                0x000000000800730c       0x42 ./Middlewares/Third_Party/FreeRTOS/Source/timers.o
                0x000000000800730c                xTimerCreate
 .text.xTimerCreateStatic
                0x000000000800734e       0x7c ./Middlewares/Third_Party/FreeRTOS/Source/timers.o
                0x000000000800734e                xTimerCreateStatic
 .text.prvInitialiseNewTimer
                0x00000000080073ca       0x76 ./Middlewares/Third_Party/FreeRTOS/Source/timers.o
 .text.xTimerGenericCommand
                0x0000000008007440       0x9c ./Middlewares/Third_Party/FreeRTOS/Source/timers.o
                0x0000000008007440                xTimerGenericCommand
 .text.prvProcessExpiredTimer
                0x00000000080074dc       0x98 ./Middlewares/Third_Party/FreeRTOS/Source/timers.o
 .text.prvTimerTask
                0x0000000008007574       0x24 ./Middlewares/Third_Party/FreeRTOS/Source/timers.o
 .text.prvProcessTimerOrBlockTask
                0x0000000008007598       0x9c ./Middlewares/Third_Party/FreeRTOS/Source/timers.o
 .text.prvGetNextExpireTime
                0x0000000008007634       0x48 ./Middlewares/Third_Party/FreeRTOS/Source/timers.o
 .text.prvSampleTimeNow
                0x000000000800767c       0x40 ./Middlewares/Third_Party/FreeRTOS/Source/timers.o
 .text.prvInsertTimerInActiveList
                0x00000000080076bc       0x84 ./Middlewares/Third_Party/FreeRTOS/Source/timers.o
 .text.prvProcessReceivedCommands
                0x0000000008007740      0x1c4 ./Middlewares/Third_Party/FreeRTOS/Source/timers.o
 .text.prvSwitchTimerLists
                0x0000000008007904       0xc8 ./Middlewares/Third_Party/FreeRTOS/Source/timers.o
 .text.prvCheckForValidListAndQueue
                0x00000000080079cc       0x80 ./Middlewares/Third_Party/FreeRTOS/Source/timers.o
 .text.xTimerIsTimerActive
                0x0000000008007a4c       0x52 ./Middlewares/Third_Party/FreeRTOS/Source/timers.o
                0x0000000008007a4c                xTimerIsTimerActive
 .text.pvTimerGetTimerID
                0x0000000008007a9e       0x40 ./Middlewares/Third_Party/FreeRTOS/Source/timers.o
                0x0000000008007a9e                pvTimerGetTimerID
 *fill*         0x0000000008007ade        0x2 
 .text.pxPortInitialiseStack
                0x0000000008007ae0       0x68 ./Middlewares/Third_Party/FreeRTOS/Source/portable/GCC/ARM_CM4F/port.o
                0x0000000008007ae0                pxPortInitialiseStack
 .text.prvTaskExitError
                0x0000000008007b48       0x58 ./Middlewares/Third_Party/FreeRTOS/Source/portable/GCC/ARM_CM4F/port.o
 .text.SVC_Handler
                0x0000000008007ba0       0x28 ./Middlewares/Third_Party/FreeRTOS/Source/portable/GCC/ARM_CM4F/port.o
                0x0000000008007ba0                SVC_Handler
 .text.prvPortStartFirstTask
                0x0000000008007bc8       0x28 ./Middlewares/Third_Party/FreeRTOS/Source/portable/GCC/ARM_CM4F/port.o
 .text.xPortStartScheduler
                0x0000000008007bf0      0x144 ./Middlewares/Third_Party/FreeRTOS/Source/portable/GCC/ARM_CM4F/port.o
                0x0000000008007bf0                xPortStartScheduler
 .text.vPortEnterCritical
                0x0000000008007d34       0x60 ./Middlewares/Third_Party/FreeRTOS/Source/portable/GCC/ARM_CM4F/port.o
                0x0000000008007d34                vPortEnterCritical
 .text.vPortExitCritical
                0x0000000008007d94       0x54 ./Middlewares/Third_Party/FreeRTOS/Source/portable/GCC/ARM_CM4F/port.o
                0x0000000008007d94                vPortExitCritical
 *fill*         0x0000000008007de8        0x8 
 .text.PendSV_Handler
                0x0000000008007df0       0x68 ./Middlewares/Third_Party/FreeRTOS/Source/portable/GCC/ARM_CM4F/port.o
                0x0000000008007df0                PendSV_Handler
 .text.xPortSysTickHandler
                0x0000000008007e58       0x44 ./Middlewares/Third_Party/FreeRTOS/Source/portable/GCC/ARM_CM4F/port.o
                0x0000000008007e58                xPortSysTickHandler
 .text.vPortSetupTimerInterrupt
                0x0000000008007e9c       0x48 ./Middlewares/Third_Party/FreeRTOS/Source/portable/GCC/ARM_CM4F/port.o
                0x0000000008007e9c                vPortSetupTimerInterrupt
 .text.vPortEnableVFP
                0x0000000008007ee4       0x14 ./Middlewares/Third_Party/FreeRTOS/Source/portable/GCC/ARM_CM4F/port.o
 .text.vPortValidateInterruptPriority
                0x0000000008007ef8       0x80 ./Middlewares/Third_Party/FreeRTOS/Source/portable/GCC/ARM_CM4F/port.o
                0x0000000008007ef8                vPortValidateInterruptPriority
 .text.pvPortMalloc
                0x0000000008007f78      0x198 ./Middlewares/Third_Party/FreeRTOS/Source/portable/MemMang/heap_4.o
                0x0000000008007f78                pvPortMalloc
 .text.vPortFree
                0x0000000008008110       0xc4 ./Middlewares/Third_Party/FreeRTOS/Source/portable/MemMang/heap_4.o
                0x0000000008008110                vPortFree
 .text.prvHeapInit
                0x00000000080081d4       0xc4 ./Middlewares/Third_Party/FreeRTOS/Source/portable/MemMang/heap_4.o
 .text.prvInsertBlockIntoFreeList
                0x0000000008008298       0xb4 ./Middlewares/Third_Party/FreeRTOS/Source/portable/MemMang/heap_4.o
 .text.rand     0x000000000800834c       0x7c C:/ST/STM32CubeIDE_1.10.1/STM32CubeIDE/plugins/com.st.stm32cube.ide.mcu.externaltools.gnu-tools-for-stm32.11.3.rel1.win32_1.1.100.202309141235/tools/bin/../lib/gcc/arm-none-eabi/11.3.1/../../../../arm-none-eabi/lib/thumb/v7e-m+fp/hard\libc_nano.a(libc_a-rand.o)
                0x000000000800834c                rand
 .text.std      0x00000000080083c8       0x6c C:/ST/STM32CubeIDE_1.10.1/STM32CubeIDE/plugins/com.st.stm32cube.ide.mcu.externaltools.gnu-tools-for-stm32.11.3.rel1.win32_1.1.100.202309141235/tools/bin/../lib/gcc/arm-none-eabi/11.3.1/../../../../arm-none-eabi/lib/thumb/v7e-m+fp/hard\libc_nano.a(libc_a-findfp.o)
 .text.stdio_exit_handler
                0x0000000008008434       0x18 C:/ST/STM32CubeIDE_1.10.1/STM32CubeIDE/plugins/com.st.stm32cube.ide.mcu.externaltools.gnu-tools-for-stm32.11.3.rel1.win32_1.1.100.202309141235/tools/bin/../lib/gcc/arm-none-eabi/11.3.1/../../../../arm-none-eabi/lib/thumb/v7e-m+fp/hard\libc_nano.a(libc_a-findfp.o)
 .text.cleanup_stdio
                0x000000000800844c       0x40 C:/ST/STM32CubeIDE_1.10.1/STM32CubeIDE/plugins/com.st.stm32cube.ide.mcu.externaltools.gnu-tools-for-stm32.11.3.rel1.win32_1.1.100.202309141235/tools/bin/../lib/gcc/arm-none-eabi/11.3.1/../../../../arm-none-eabi/lib/thumb/v7e-m+fp/hard\libc_nano.a(libc_a-findfp.o)
 .text.global_stdio_init.part.0
                0x000000000800848c       0x3c C:/ST/STM32CubeIDE_1.10.1/STM32CubeIDE/plugins/com.st.stm32cube.ide.mcu.externaltools.gnu-tools-for-stm32.11.3.rel1.win32_1.1.100.202309141235/tools/bin/../lib/gcc/arm-none-eabi/11.3.1/../../../../arm-none-eabi/lib/thumb/v7e-m+fp/hard\libc_nano.a(libc_a-findfp.o)
 .text.__sfp_lock_acquire
                0x00000000080084c8        0xc C:/ST/STM32CubeIDE_1.10.1/STM32CubeIDE/plugins/com.st.stm32cube.ide.mcu.externaltools.gnu-tools-for-stm32.11.3.rel1.win32_1.1.100.202309141235/tools/bin/../lib/gcc/arm-none-eabi/11.3.1/../../../../arm-none-eabi/lib/thumb/v7e-m+fp/hard\libc_nano.a(libc_a-findfp.o)
                0x00000000080084c8                __sfp_lock_acquire
 .text.__sfp_lock_release
                0x00000000080084d4        0xc C:/ST/STM32CubeIDE_1.10.1/STM32CubeIDE/plugins/com.st.stm32cube.ide.mcu.externaltools.gnu-tools-for-stm32.11.3.rel1.win32_1.1.100.202309141235/tools/bin/../lib/gcc/arm-none-eabi/11.3.1/../../../../arm-none-eabi/lib/thumb/v7e-m+fp/hard\libc_nano.a(libc_a-findfp.o)
                0x00000000080084d4                __sfp_lock_release
 .text.__sinit  0x00000000080084e0       0x30 C:/ST/STM32CubeIDE_1.10.1/STM32CubeIDE/plugins/com.st.stm32cube.ide.mcu.externaltools.gnu-tools-for-stm32.11.3.rel1.win32_1.1.100.202309141235/tools/bin/../lib/gcc/arm-none-eabi/11.3.1/../../../../arm-none-eabi/lib/thumb/v7e-m+fp/hard\libc_nano.a(libc_a-findfp.o)
                0x00000000080084e0                __sinit
 .text._fwalk_sglue
                0x0000000008008510       0x3c C:/ST/STM32CubeIDE_1.10.1/STM32CubeIDE/plugins/com.st.stm32cube.ide.mcu.externaltools.gnu-tools-for-stm32.11.3.rel1.win32_1.1.100.202309141235/tools/bin/../lib/gcc/arm-none-eabi/11.3.1/../../../../arm-none-eabi/lib/thumb/v7e-m+fp/hard\libc_nano.a(libc_a-fwalk.o)
                0x0000000008008510                _fwalk_sglue
 .text.printf   0x000000000800854c       0x24 C:/ST/STM32CubeIDE_1.10.1/STM32CubeIDE/plugins/com.st.stm32cube.ide.mcu.externaltools.gnu-tools-for-stm32.11.3.rel1.win32_1.1.100.202309141235/tools/bin/../lib/gcc/arm-none-eabi/11.3.1/../../../../arm-none-eabi/lib/thumb/v7e-m+fp/hard\libc_nano.a(libc_a-printf.o)
                0x000000000800854c                iprintf
                0x000000000800854c                printf
 .text.__sread  0x0000000008008570       0x22 C:/ST/STM32CubeIDE_1.10.1/STM32CubeIDE/plugins/com.st.stm32cube.ide.mcu.externaltools.gnu-tools-for-stm32.11.3.rel1.win32_1.1.100.202309141235/tools/bin/../lib/gcc/arm-none-eabi/11.3.1/../../../../arm-none-eabi/lib/thumb/v7e-m+fp/hard\libc_nano.a(libc_a-stdio.o)
                0x0000000008008570                __sread
 .text.__swrite
                0x0000000008008592       0x38 C:/ST/STM32CubeIDE_1.10.1/STM32CubeIDE/plugins/com.st.stm32cube.ide.mcu.externaltools.gnu-tools-for-stm32.11.3.rel1.win32_1.1.100.202309141235/tools/bin/../lib/gcc/arm-none-eabi/11.3.1/../../../../arm-none-eabi/lib/thumb/v7e-m+fp/hard\libc_nano.a(libc_a-stdio.o)
                0x0000000008008592                __swrite
 .text.__sseek  0x00000000080085ca       0x24 C:/ST/STM32CubeIDE_1.10.1/STM32CubeIDE/plugins/com.st.stm32cube.ide.mcu.externaltools.gnu-tools-for-stm32.11.3.rel1.win32_1.1.100.202309141235/tools/bin/../lib/gcc/arm-none-eabi/11.3.1/../../../../arm-none-eabi/lib/thumb/v7e-m+fp/hard\libc_nano.a(libc_a-stdio.o)
                0x00000000080085ca                __sseek
 .text.__sclose
                0x00000000080085ee        0x8 C:/ST/STM32CubeIDE_1.10.1/STM32CubeIDE/plugins/com.st.stm32cube.ide.mcu.externaltools.gnu-tools-for-stm32.11.3.rel1.win32_1.1.100.202309141235/tools/bin/../lib/gcc/arm-none-eabi/11.3.1/../../../../arm-none-eabi/lib/thumb/v7e-m+fp/hard\libc_nano.a(libc_a-stdio.o)
                0x00000000080085ee                __sclose
 .text.memset   0x00000000080085f6       0x10 C:/ST/STM32CubeIDE_1.10.1/STM32CubeIDE/plugins/com.st.stm32cube.ide.mcu.externaltools.gnu-tools-for-stm32.11.3.rel1.win32_1.1.100.202309141235/tools/bin/../lib/gcc/arm-none-eabi/11.3.1/../../../../arm-none-eabi/lib/thumb/v7e-m+fp/hard\libc_nano.a(libc_a-memset.o)
                0x00000000080085f6                memset
 *fill*         0x0000000008008606        0x2 
 .text._close_r
                0x0000000008008608       0x20 C:/ST/STM32CubeIDE_1.10.1/STM32CubeIDE/plugins/com.st.stm32cube.ide.mcu.externaltools.gnu-tools-for-stm32.11.3.rel1.win32_1.1.100.202309141235/tools/bin/../lib/gcc/arm-none-eabi/11.3.1/../../../../arm-none-eabi/lib/thumb/v7e-m+fp/hard\libc_nano.a(libc_a-closer.o)
                0x0000000008008608                _close_r
 .text._reclaim_reent
                0x0000000008008628       0xac C:/ST/STM32CubeIDE_1.10.1/STM32CubeIDE/plugins/com.st.stm32cube.ide.mcu.externaltools.gnu-tools-for-stm32.11.3.rel1.win32_1.1.100.202309141235/tools/bin/../lib/gcc/arm-none-eabi/11.3.1/../../../../arm-none-eabi/lib/thumb/v7e-m+fp/hard\libc_nano.a(libc_a-reent.o)
                0x0000000008008628                _reclaim_reent
 .text._lseek_r
                0x00000000080086d4       0x24 C:/ST/STM32CubeIDE_1.10.1/STM32CubeIDE/plugins/com.st.stm32cube.ide.mcu.externaltools.gnu-tools-for-stm32.11.3.rel1.win32_1.1.100.202309141235/tools/bin/../lib/gcc/arm-none-eabi/11.3.1/../../../../arm-none-eabi/lib/thumb/v7e-m+fp/hard\libc_nano.a(libc_a-lseekr.o)
                0x00000000080086d4                _lseek_r
 .text._read_r  0x00000000080086f8       0x24 C:/ST/STM32CubeIDE_1.10.1/STM32CubeIDE/plugins/com.st.stm32cube.ide.mcu.externaltools.gnu-tools-for-stm32.11.3.rel1.win32_1.1.100.202309141235/tools/bin/../lib/gcc/arm-none-eabi/11.3.1/../../../../arm-none-eabi/lib/thumb/v7e-m+fp/hard\libc_nano.a(libc_a-readr.o)
                0x00000000080086f8                _read_r
 .text._write_r
                0x000000000800871c       0x24 C:/ST/STM32CubeIDE_1.10.1/STM32CubeIDE/plugins/com.st.stm32cube.ide.mcu.externaltools.gnu-tools-for-stm32.11.3.rel1.win32_1.1.100.202309141235/tools/bin/../lib/gcc/arm-none-eabi/11.3.1/../../../../arm-none-eabi/lib/thumb/v7e-m+fp/hard\libc_nano.a(libc_a-writer.o)
                0x000000000800871c                _write_r
 .text.__errno  0x0000000008008740        0xc C:/ST/STM32CubeIDE_1.10.1/STM32CubeIDE/plugins/com.st.stm32cube.ide.mcu.externaltools.gnu-tools-for-stm32.11.3.rel1.win32_1.1.100.202309141235/tools/bin/../lib/gcc/arm-none-eabi/11.3.1/../../../../arm-none-eabi/lib/thumb/v7e-m+fp/hard\libc_nano.a(libc_a-errno.o)
                0x0000000008008740                __errno
 .text.__libc_init_array
                0x000000000800874c       0x48 C:/ST/STM32CubeIDE_1.10.1/STM32CubeIDE/plugins/com.st.stm32cube.ide.mcu.externaltools.gnu-tools-for-stm32.11.3.rel1.win32_1.1.100.202309141235/tools/bin/../lib/gcc/arm-none-eabi/11.3.1/../../../../arm-none-eabi/lib/thumb/v7e-m+fp/hard\libc_nano.a(libc_a-init.o)
                0x000000000800874c                __libc_init_array
 .text.__retarget_lock_init_recursive
                0x0000000008008794        0x2 C:/ST/STM32CubeIDE_1.10.1/STM32CubeIDE/plugins/com.st.stm32cube.ide.mcu.externaltools.gnu-tools-for-stm32.11.3.rel1.win32_1.1.100.202309141235/tools/bin/../lib/gcc/arm-none-eabi/11.3.1/../../../../arm-none-eabi/lib/thumb/v7e-m+fp/hard\libc_nano.a(libc_a-lock.o)
                0x0000000008008794                __retarget_lock_init_recursive
 .text.__retarget_lock_acquire_recursive
                0x0000000008008796        0x2 C:/ST/STM32CubeIDE_1.10.1/STM32CubeIDE/plugins/com.st.stm32cube.ide.mcu.externaltools.gnu-tools-for-stm32.11.3.rel1.win32_1.1.100.202309141235/tools/bin/../lib/gcc/arm-none-eabi/11.3.1/../../../../arm-none-eabi/lib/thumb/v7e-m+fp/hard\libc_nano.a(libc_a-lock.o)
                0x0000000008008796                __retarget_lock_acquire_recursive
 .text.__retarget_lock_release_recursive
                0x0000000008008798        0x2 C:/ST/STM32CubeIDE_1.10.1/STM32CubeIDE/plugins/com.st.stm32cube.ide.mcu.externaltools.gnu-tools-for-stm32.11.3.rel1.win32_1.1.100.202309141235/tools/bin/../lib/gcc/arm-none-eabi/11.3.1/../../../../arm-none-eabi/lib/thumb/v7e-m+fp/hard\libc_nano.a(libc_a-lock.o)
                0x0000000008008798                __retarget_lock_release_recursive
 .text.memcpy   0x000000000800879a       0x1c C:/ST/STM32CubeIDE_1.10.1/STM32CubeIDE/plugins/com.st.stm32cube.ide.mcu.externaltools.gnu-tools-for-stm32.11.3.rel1.win32_1.1.100.202309141235/tools/bin/../lib/gcc/arm-none-eabi/11.3.1/../../../../arm-none-eabi/lib/thumb/v7e-m+fp/hard\libc_nano.a(libc_a-memcpy-stub.o)
                0x000000000800879a                memcpy
 *fill*         0x00000000080087b6        0x2 
 .text.__assert_func
                0x00000000080087b8       0x3c C:/ST/STM32CubeIDE_1.10.1/STM32CubeIDE/plugins/com.st.stm32cube.ide.mcu.externaltools.gnu-tools-for-stm32.11.3.rel1.win32_1.1.100.202309141235/tools/bin/../lib/gcc/arm-none-eabi/11.3.1/../../../../arm-none-eabi/lib/thumb/v7e-m+fp/hard\libc_nano.a(libc_a-assert.o)
                0x00000000080087b8                __assert_func
 .text._free_r  0x00000000080087f4       0x98 C:/ST/STM32CubeIDE_1.10.1/STM32CubeIDE/plugins/com.st.stm32cube.ide.mcu.externaltools.gnu-tools-for-stm32.11.3.rel1.win32_1.1.100.202309141235/tools/bin/../lib/gcc/arm-none-eabi/11.3.1/../../../../arm-none-eabi/lib/thumb/v7e-m+fp/hard\libc_nano.a(libc_a-freer.o)
                0x00000000080087f4                _free_r
 .text.malloc   0x000000000800888c       0x10 C:/ST/STM32CubeIDE_1.10.1/STM32CubeIDE/plugins/com.st.stm32cube.ide.mcu.externaltools.gnu-tools-for-stm32.11.3.rel1.win32_1.1.100.202309141235/tools/bin/../lib/gcc/arm-none-eabi/11.3.1/../../../../arm-none-eabi/lib/thumb/v7e-m+fp/hard\libc_nano.a(libc_a-malloc.o)
                0x000000000800888c                malloc
 .text.sbrk_aligned
                0x000000000800889c       0x40 C:/ST/STM32CubeIDE_1.10.1/STM32CubeIDE/plugins/com.st.stm32cube.ide.mcu.externaltools.gnu-tools-for-stm32.11.3.rel1.win32_1.1.100.202309141235/tools/bin/../lib/gcc/arm-none-eabi/11.3.1/../../../../arm-none-eabi/lib/thumb/v7e-m+fp/hard\libc_nano.a(libc_a-mallocr.o)
 .text._malloc_r
                0x00000000080088dc      0x100 C:/ST/STM32CubeIDE_1.10.1/STM32CubeIDE/plugins/com.st.stm32cube.ide.mcu.externaltools.gnu-tools-for-stm32.11.3.rel1.win32_1.1.100.202309141235/tools/bin/../lib/gcc/arm-none-eabi/11.3.1/../../../../arm-none-eabi/lib/thumb/v7e-m+fp/hard\libc_nano.a(libc_a-mallocr.o)
                0x00000000080088dc                _malloc_r
 .text.__malloc_lock
                0x00000000080089dc        0xc C:/ST/STM32CubeIDE_1.10.1/STM32CubeIDE/plugins/com.st.stm32cube.ide.mcu.externaltools.gnu-tools-for-stm32.11.3.rel1.win32_1.1.100.202309141235/tools/bin/../lib/gcc/arm-none-eabi/11.3.1/../../../../arm-none-eabi/lib/thumb/v7e-m+fp/hard\libc_nano.a(libc_a-mlock.o)
                0x00000000080089dc                __malloc_lock
 .text.__malloc_unlock
                0x00000000080089e8        0xc C:/ST/STM32CubeIDE_1.10.1/STM32CubeIDE/plugins/com.st.stm32cube.ide.mcu.externaltools.gnu-tools-for-stm32.11.3.rel1.win32_1.1.100.202309141235/tools/bin/../lib/gcc/arm-none-eabi/11.3.1/../../../../arm-none-eabi/lib/thumb/v7e-m+fp/hard\libc_nano.a(libc_a-mlock.o)
                0x00000000080089e8                __malloc_unlock
 .text.__sfputc_r
                0x00000000080089f4       0x2e C:/ST/STM32CubeIDE_1.10.1/STM32CubeIDE/plugins/com.st.stm32cube.ide.mcu.externaltools.gnu-tools-for-stm32.11.3.rel1.win32_1.1.100.202309141235/tools/bin/../lib/gcc/arm-none-eabi/11.3.1/../../../../arm-none-eabi/lib/thumb/v7e-m+fp/hard\libc_nano.a(libc_a-nano-vfprintf.o)
 .text.__sfputs_r
                0x0000000008008a22       0x24 C:/ST/STM32CubeIDE_1.10.1/STM32CubeIDE/plugins/com.st.stm32cube.ide.mcu.externaltools.gnu-tools-for-stm32.11.3.rel1.win32_1.1.100.202309141235/tools/bin/../lib/gcc/arm-none-eabi/11.3.1/../../../../arm-none-eabi/lib/thumb/v7e-m+fp/hard\libc_nano.a(libc_a-nano-vfprintf.o)
                0x0000000008008a22                __sfputs_r
 *fill*         0x0000000008008a46        0x2 
 .text._vfprintf_r
                0x0000000008008a48      0x234 C:/ST/STM32CubeIDE_1.10.1/STM32CubeIDE/plugins/com.st.stm32cube.ide.mcu.externaltools.gnu-tools-for-stm32.11.3.rel1.win32_1.1.100.202309141235/tools/bin/../lib/gcc/arm-none-eabi/11.3.1/../../../../arm-none-eabi/lib/thumb/v7e-m+fp/hard\libc_nano.a(libc_a-nano-vfprintf.o)
                0x0000000008008a48                _vfprintf_r
                0x0000000008008a48                _vfiprintf_r
 .text._printf_common
                0x0000000008008c7c       0xda C:/ST/STM32CubeIDE_1.10.1/STM32CubeIDE/plugins/com.st.stm32cube.ide.mcu.externaltools.gnu-tools-for-stm32.11.3.rel1.win32_1.1.100.202309141235/tools/bin/../lib/gcc/arm-none-eabi/11.3.1/../../../../arm-none-eabi/lib/thumb/v7e-m+fp/hard\libc_nano.a(libc_a-nano-vfprintf_i.o)
                0x0000000008008c7c                _printf_common
 *fill*         0x0000000008008d56        0x2 
 .text._printf_i
                0x0000000008008d58      0x244 C:/ST/STM32CubeIDE_1.10.1/STM32CubeIDE/plugins/com.st.stm32cube.ide.mcu.externaltools.gnu-tools-for-stm32.11.3.rel1.win32_1.1.100.202309141235/tools/bin/../lib/gcc/arm-none-eabi/11.3.1/../../../../arm-none-eabi/lib/thumb/v7e-m+fp/hard\libc_nano.a(libc_a-nano-vfprintf_i.o)
                0x0000000008008d58                _printf_i
 .text.__sflush_r
                0x0000000008008f9c      0x10c C:/ST/STM32CubeIDE_1.10.1/STM32CubeIDE/plugins/com.st.stm32cube.ide.mcu.externaltools.gnu-tools-for-stm32.11.3.rel1.win32_1.1.100.202309141235/tools/bin/../lib/gcc/arm-none-eabi/11.3.1/../../../../arm-none-eabi/lib/thumb/v7e-m+fp/hard\libc_nano.a(libc_a-fflush.o)
                0x0000000008008f9c                __sflush_r
 .text._fflush_r
                0x00000000080090a8       0x50 C:/ST/STM32CubeIDE_1.10.1/STM32CubeIDE/plugins/com.st.stm32cube.ide.mcu.externaltools.gnu-tools-for-stm32.11.3.rel1.win32_1.1.100.202309141235/tools/bin/../lib/gcc/arm-none-eabi/11.3.1/../../../../arm-none-eabi/lib/thumb/v7e-m+fp/hard\libc_nano.a(libc_a-fflush.o)
                0x00000000080090a8                _fflush_r
 .text.fprintf  0x00000000080090f8       0x24 C:/ST/STM32CubeIDE_1.10.1/STM32CubeIDE/plugins/com.st.stm32cube.ide.mcu.externaltools.gnu-tools-for-stm32.11.3.rel1.win32_1.1.100.202309141235/tools/bin/../lib/gcc/arm-none-eabi/11.3.1/../../../../arm-none-eabi/lib/thumb/v7e-m+fp/hard\libc_nano.a(libc_a-fprintf.o)
                0x00000000080090f8                fiprintf
                0x00000000080090f8                fprintf
 .text.__swbuf_r
                0x000000000800911c       0x7a C:/ST/STM32CubeIDE_1.10.1/STM32CubeIDE/plugins/com.st.stm32cube.ide.mcu.externaltools.gnu-tools-for-stm32.11.3.rel1.win32_1.1.100.202309141235/tools/bin/../lib/gcc/arm-none-eabi/11.3.1/../../../../arm-none-eabi/lib/thumb/v7e-m+fp/hard\libc_nano.a(libc_a-wbuf.o)
                0x000000000800911c                __swbuf_r
 *fill*         0x0000000008009196        0x2 
 .text.__swsetup_r
                0x0000000008009198       0xb0 C:/ST/STM32CubeIDE_1.10.1/STM32CubeIDE/plugins/com.st.stm32cube.ide.mcu.externaltools.gnu-tools-for-stm32.11.3.rel1.win32_1.1.100.202309141235/tools/bin/../lib/gcc/arm-none-eabi/11.3.1/../../../../arm-none-eabi/lib/thumb/v7e-m+fp/hard\libc_nano.a(libc_a-wsetup.o)
                0x0000000008009198                __swsetup_r
 .text._sbrk_r  0x0000000008009248       0x20 C:/ST/STM32CubeIDE_1.10.1/STM32CubeIDE/plugins/com.st.stm32cube.ide.mcu.externaltools.gnu-tools-for-stm32.11.3.rel1.win32_1.1.100.202309141235/tools/bin/../lib/gcc/arm-none-eabi/11.3.1/../../../../arm-none-eabi/lib/thumb/v7e-m+fp/hard\libc_nano.a(libc_a-sbrkr.o)
                0x0000000008009248                _sbrk_r
 .text.abort    0x0000000008009268        0xe C:/ST/STM32CubeIDE_1.10.1/STM32CubeIDE/plugins/com.st.stm32cube.ide.mcu.externaltools.gnu-tools-for-stm32.11.3.rel1.win32_1.1.100.202309141235/tools/bin/../lib/gcc/arm-none-eabi/11.3.1/../../../../arm-none-eabi/lib/thumb/v7e-m+fp/hard\libc_nano.a(libc_a-abort.o)
                0x0000000008009268                abort
 .text.__swhatbuf_r
                0x0000000008009276       0x4c C:/ST/STM32CubeIDE_1.10.1/STM32CubeIDE/plugins/com.st.stm32cube.ide.mcu.externaltools.gnu-tools-for-stm32.11.3.rel1.win32_1.1.100.202309141235/tools/bin/../lib/gcc/arm-none-eabi/11.3.1/../../../../arm-none-eabi/lib/thumb/v7e-m+fp/hard\libc_nano.a(libc_a-makebuf.o)
                0x0000000008009276                __swhatbuf_r
 .text.__smakebuf_r
                0x00000000080092c2       0x78 C:/ST/STM32CubeIDE_1.10.1/STM32CubeIDE/plugins/com.st.stm32cube.ide.mcu.externaltools.gnu-tools-for-stm32.11.3.rel1.win32_1.1.100.202309141235/tools/bin/../lib/gcc/arm-none-eabi/11.3.1/../../../../arm-none-eabi/lib/thumb/v7e-m+fp/hard\libc_nano.a(libc_a-makebuf.o)
                0x00000000080092c2                __smakebuf_r
 .text._raise_r
                0x000000000800933a       0x50 C:/ST/STM32CubeIDE_1.10.1/STM32CubeIDE/plugins/com.st.stm32cube.ide.mcu.externaltools.gnu-tools-for-stm32.11.3.rel1.win32_1.1.100.202309141235/tools/bin/../lib/gcc/arm-none-eabi/11.3.1/../../../../arm-none-eabi/lib/thumb/v7e-m+fp/hard\libc_nano.a(libc_a-signal.o)
                0x000000000800933a                _raise_r
 *fill*         0x000000000800938a        0x2 
 .text.raise    0x000000000800938c       0x10 C:/ST/STM32CubeIDE_1.10.1/STM32CubeIDE/plugins/com.st.stm32cube.ide.mcu.externaltools.gnu-tools-for-stm32.11.3.rel1.win32_1.1.100.202309141235/tools/bin/../lib/gcc/arm-none-eabi/11.3.1/../../../../arm-none-eabi/lib/thumb/v7e-m+fp/hard\libc_nano.a(libc_a-signal.o)
                0x000000000800938c                raise
 .text._fstat_r
                0x000000000800939c       0x24 C:/ST/STM32CubeIDE_1.10.1/STM32CubeIDE/plugins/com.st.stm32cube.ide.mcu.externaltools.gnu-tools-for-stm32.11.3.rel1.win32_1.1.100.202309141235/tools/bin/../lib/gcc/arm-none-eabi/11.3.1/../../../../arm-none-eabi/lib/thumb/v7e-m+fp/hard\libc_nano.a(libc_a-fstatr.o)
                0x000000000800939c                _fstat_r
 .text._isatty_r
                0x00000000080093c0       0x20 C:/ST/STM32CubeIDE_1.10.1/STM32CubeIDE/plugins/com.st.stm32cube.ide.mcu.externaltools.gnu-tools-for-stm32.11.3.rel1.win32_1.1.100.202309141235/tools/bin/../lib/gcc/arm-none-eabi/11.3.1/../../../../arm-none-eabi/lib/thumb/v7e-m+fp/hard\libc_nano.a(libc_a-isattyr.o)
                0x00000000080093c0                _isatty_r
 .text._kill_r  0x00000000080093e0       0x24 C:/ST/STM32CubeIDE_1.10.1/STM32CubeIDE/plugins/com.st.stm32cube.ide.mcu.externaltools.gnu-tools-for-stm32.11.3.rel1.win32_1.1.100.202309141235/tools/bin/../lib/gcc/arm-none-eabi/11.3.1/../../../../arm-none-eabi/lib/thumb/v7e-m+fp/hard\libc_nano.a(libc_a-signalr.o)
                0x00000000080093e0                _kill_r
 .text._getpid_r
                0x0000000008009404        0x4 C:/ST/STM32CubeIDE_1.10.1/STM32CubeIDE/plugins/com.st.stm32cube.ide.mcu.externaltools.gnu-tools-for-stm32.11.3.rel1.win32_1.1.100.202309141235/tools/bin/../lib/gcc/arm-none-eabi/11.3.1/../../../../arm-none-eabi/lib/thumb/v7e-m+fp/hard\libc_nano.a(libc_a-signalr.o)
                0x0000000008009404                _getpid_r
 *(.glue_7)
 .glue_7        0x0000000008009408        0x0 linker stubs
 *(.glue_7t)
 .glue_7t       0x0000000008009408        0x0 linker stubs
 *(.eh_frame)
 .eh_frame      0x0000000008009408        0x0 C:/ST/STM32CubeIDE_1.10.1/STM32CubeIDE/plugins/com.st.stm32cube.ide.mcu.externaltools.gnu-tools-for-stm32.11.3.rel1.win32_1.1.100.202309141235/tools/bin/../lib/gcc/arm-none-eabi/11.3.1/thumb/v7e-m+fp/hard/crtbegin.o
 *(.init)
 .init          0x0000000008009408        0x4 C:/ST/STM32CubeIDE_1.10.1/STM32CubeIDE/plugins/com.st.stm32cube.ide.mcu.externaltools.gnu-tools-for-stm32.11.3.rel1.win32_1.1.100.202309141235/tools/bin/../lib/gcc/arm-none-eabi/11.3.1/thumb/v7e-m+fp/hard/crti.o
                0x0000000008009408                _init
 .init          0x000000000800940c        0x8 C:/ST/STM32CubeIDE_1.10.1/STM32CubeIDE/plugins/com.st.stm32cube.ide.mcu.externaltools.gnu-tools-for-stm32.11.3.rel1.win32_1.1.100.202309141235/tools/bin/../lib/gcc/arm-none-eabi/11.3.1/thumb/v7e-m+fp/hard/crtn.o
 *(.fini)
 .fini          0x0000000008009414        0x4 C:/ST/STM32CubeIDE_1.10.1/STM32CubeIDE/plugins/com.st.stm32cube.ide.mcu.externaltools.gnu-tools-for-stm32.11.3.rel1.win32_1.1.100.202309141235/tools/bin/../lib/gcc/arm-none-eabi/11.3.1/thumb/v7e-m+fp/hard/crti.o
                0x0000000008009414                _fini
 .fini          0x0000000008009418        0x8 C:/ST/STM32CubeIDE_1.10.1/STM32CubeIDE/plugins/com.st.stm32cube.ide.mcu.externaltools.gnu-tools-for-stm32.11.3.rel1.win32_1.1.100.202309141235/tools/bin/../lib/gcc/arm-none-eabi/11.3.1/thumb/v7e-m+fp/hard/crtn.o
                0x0000000008009420                . = ALIGN (0x4)
                0x0000000008009420                _etext = .

.vfp11_veneer   0x0000000008009420        0x0
 .vfp11_veneer  0x0000000008009420        0x0 linker stubs

.v4_bx          0x0000000008009420        0x0
 .v4_bx         0x0000000008009420        0x0 linker stubs

.iplt           0x0000000008009420        0x0
 .iplt          0x0000000008009420        0x0 C:/ST/STM32CubeIDE_1.10.1/STM32CubeIDE/plugins/com.st.stm32cube.ide.mcu.externaltools.gnu-tools-for-stm32.11.3.rel1.win32_1.1.100.202309141235/tools/bin/../lib/gcc/arm-none-eabi/11.3.1/thumb/v7e-m+fp/hard/crtbegin.o

.rodata         0x0000000008009420      0x3e4
                0x0000000008009420                . = ALIGN (0x4)
 *(.rodata)
 .rodata        0x0000000008009420      0x114 ./Core/Src/main.o
 .rodata        0x0000000008009534        0x5 ./Middlewares/Third_Party/FreeRTOS/Source/tasks.o
 *fill*         0x0000000008009539        0x3 
 .rodata        0x000000000800953c        0xd ./Middlewares/Third_Party/FreeRTOS/Source/timers.o
 *(.rodata*)
 *fill*         0x0000000008009549        0x3 
 .rodata.SEGMENT_MAP
                0x000000000800954c        0xa ./Core/Src/MultiFunctionShield.o
                0x000000000800954c                SEGMENT_MAP
 *fill*         0x0000000008009556        0x2 
 .rodata.SEGMENT_SELECT
                0x0000000008009558        0x4 ./Core/Src/MultiFunctionShield.o
                0x0000000008009558                SEGMENT_SELECT
 .rodata.SemaphoreToggle_attributes
                0x000000000800955c       0x24 ./Core/Src/main.o
                0x000000000800955c                SemaphoreToggle_attributes
 .rodata.NotifyToggle_attributes
                0x0000000008009580       0x24 ./Core/Src/main.o
                0x0000000008009580                NotifyToggle_attributes
 .rodata.SW_Timer_Toggle_attributes
                0x00000000080095a4       0x24 ./Core/Src/main.o
                0x00000000080095a4                SW_Timer_Toggle_attributes
 .rodata.Mutex_CountUp_attributes
                0x00000000080095c8       0x24 ./Core/Src/main.o
                0x00000000080095c8                Mutex_CountUp_attributes
 .rodata.Mutex_CountDown_attributes
                0x00000000080095ec       0x24 ./Core/Src/main.o
                0x00000000080095ec                Mutex_CountDown_attributes
 .rodata.UpdateGlobDisp_attributes
                0x0000000008009610       0x24 ./Core/Src/main.o
                0x0000000008009610                UpdateGlobDisp_attributes
 .rodata.ResetGlobal_attributes
                0x0000000008009634       0x24 ./Core/Src/main.o
                0x0000000008009634                ResetGlobal_attributes
 .rodata.DebounceTask_attributes
                0x0000000008009658       0x24 ./Core/Src/main.o
                0x0000000008009658                DebounceTask_attributes
 .rodata.SW_Timer_7Seg_attributes
                0x000000000800967c       0x10 ./Core/Src/main.o
                0x000000000800967c                SW_Timer_7Seg_attributes
 .rodata.UpDownMutex_attributes
                0x000000000800968c       0x10 ./Core/Src/main.o
                0x000000000800968c                UpDownMutex_attributes
 .rodata.Button_1_Semaphore_attributes
                0x000000000800969c       0x10 ./Core/Src/main.o
                0x000000000800969c                Button_1_Semaphore_attributes
 .rodata.Button_2_Semaphore_attributes
                0x00000000080096ac       0x10 ./Core/Src/main.o
                0x00000000080096ac                Button_2_Semaphore_attributes
 .rodata.Button_3_Semaphore_attributes
                0x00000000080096bc       0x10 ./Core/Src/main.o
                0x00000000080096bc                Button_3_Semaphore_attributes
 .rodata.Semaphore_Counting_attributes
                0x00000000080096cc       0x10 ./Core/Src/main.o
                0x00000000080096cc                Semaphore_Counting_attributes
 .rodata.AHBPrescTable
                0x00000000080096dc       0x10 ./Core/Src/system_stm32l4xx.o
                0x00000000080096dc                AHBPrescTable
 .rodata.APBPrescTable
                0x00000000080096ec        0x8 ./Core/Src/system_stm32l4xx.o
                0x00000000080096ec                APBPrescTable
 .rodata.MSIRangeTable
                0x00000000080096f4       0x30 ./Core/Src/system_stm32l4xx.o
                0x00000000080096f4                MSIRangeTable
 .rodata.srand.str1.1
                0x0000000008009724       0x6f C:/ST/STM32CubeIDE_1.10.1/STM32CubeIDE/plugins/com.st.stm32cube.ide.mcu.externaltools.gnu-tools-for-stm32.11.3.rel1.win32_1.1.100.202309141235/tools/bin/../lib/gcc/arm-none-eabi/11.3.1/../../../../arm-none-eabi/lib/thumb/v7e-m+fp/hard\libc_nano.a(libc_a-rand.o)
 .rodata.__assert_func.str1.1
                0x0000000008009793       0x3c C:/ST/STM32CubeIDE_1.10.1/STM32CubeIDE/plugins/com.st.stm32cube.ide.mcu.externaltools.gnu-tools-for-stm32.11.3.rel1.win32_1.1.100.202309141235/tools/bin/../lib/gcc/arm-none-eabi/11.3.1/../../../../arm-none-eabi/lib/thumb/v7e-m+fp/hard\libc_nano.a(libc_a-assert.o)
                                         0x3d (size before relaxing)
 .rodata._vfprintf_r.str1.1
                0x00000000080097cf       0x11 C:/ST/STM32CubeIDE_1.10.1/STM32CubeIDE/plugins/com.st.stm32cube.ide.mcu.externaltools.gnu-tools-for-stm32.11.3.rel1.win32_1.1.100.202309141235/tools/bin/../lib/gcc/arm-none-eabi/11.3.1/../../../../arm-none-eabi/lib/thumb/v7e-m+fp/hard\libc_nano.a(libc_a-nano-vfprintf.o)
 .rodata._printf_i.str1.1
                0x00000000080097e0       0x22 C:/ST/STM32CubeIDE_1.10.1/STM32CubeIDE/plugins/com.st.stm32cube.ide.mcu.externaltools.gnu-tools-for-stm32.11.3.rel1.win32_1.1.100.202309141235/tools/bin/../lib/gcc/arm-none-eabi/11.3.1/../../../../arm-none-eabi/lib/thumb/v7e-m+fp/hard\libc_nano.a(libc_a-nano-vfprintf_i.o)
                0x0000000008009804                . = ALIGN (0x4)
 *fill*         0x0000000008009802        0x2 

.ARM.extab      0x0000000008009804        0x0
                0x0000000008009804                . = ALIGN (0x4)
 *(.ARM.extab* .gnu.linkonce.armextab.*)
                0x0000000008009804                . = ALIGN (0x4)

.ARM            0x0000000008009804        0x8
                0x0000000008009804                . = ALIGN (0x4)
                0x0000000008009804                __exidx_start = .
 *(.ARM.exidx*)
 .ARM.exidx     0x0000000008009804        0x8 C:/ST/STM32CubeIDE_1.10.1/STM32CubeIDE/plugins/com.st.stm32cube.ide.mcu.externaltools.gnu-tools-for-stm32.11.3.rel1.win32_1.1.100.202309141235/tools/bin/../lib/gcc/arm-none-eabi/11.3.1/thumb/v7e-m+fp/hard\libgcc.a(_udivmoddi4.o)
                0x000000000800980c                __exidx_end = .
                0x000000000800980c                . = ALIGN (0x4)

.rel.dyn        0x000000000800980c        0x0
 .rel.iplt      0x000000000800980c        0x0 C:/ST/STM32CubeIDE_1.10.1/STM32CubeIDE/plugins/com.st.stm32cube.ide.mcu.externaltools.gnu-tools-for-stm32.11.3.rel1.win32_1.1.100.202309141235/tools/bin/../lib/gcc/arm-none-eabi/11.3.1/thumb/v7e-m+fp/hard/crtbegin.o

.preinit_array  0x000000000800980c        0x0
                0x000000000800980c                . = ALIGN (0x4)
                0x000000000800980c                PROVIDE (__preinit_array_start = .)
 *(.preinit_array*)
                0x000000000800980c                PROVIDE (__preinit_array_end = .)
                0x000000000800980c                . = ALIGN (0x4)

.init_array     0x000000000800980c        0x4
                0x000000000800980c                . = ALIGN (0x4)
                0x000000000800980c                PROVIDE (__init_array_start = .)
 *(SORT_BY_NAME(.init_array.*))
 *(.init_array*)
 .init_array    0x000000000800980c        0x4 C:/ST/STM32CubeIDE_1.10.1/STM32CubeIDE/plugins/com.st.stm32cube.ide.mcu.externaltools.gnu-tools-for-stm32.11.3.rel1.win32_1.1.100.202309141235/tools/bin/../lib/gcc/arm-none-eabi/11.3.1/thumb/v7e-m+fp/hard/crtbegin.o
                0x0000000008009810                PROVIDE (__init_array_end = .)
                0x0000000008009810                . = ALIGN (0x4)

.fini_array     0x0000000008009810        0x4
                0x0000000008009810                . = ALIGN (0x4)
                [!provide]                        PROVIDE (__fini_array_start = .)
 *(SORT_BY_NAME(.fini_array.*))
 *(.fini_array*)
 .fini_array    0x0000000008009810        0x4 C:/ST/STM32CubeIDE_1.10.1/STM32CubeIDE/plugins/com.st.stm32cube.ide.mcu.externaltools.gnu-tools-for-stm32.11.3.rel1.win32_1.1.100.202309141235/tools/bin/../lib/gcc/arm-none-eabi/11.3.1/thumb/v7e-m+fp/hard/crtbegin.o
                [!provide]                        PROVIDE (__fini_array_end = .)
                0x0000000008009814                . = ALIGN (0x4)
                0x0000000008009814                _sidata = LOADADDR (.data)

.data           0x0000000020000000       0x70 load address 0x0000000008009814
                0x0000000020000000                . = ALIGN (0x4)
                0x0000000020000000                _sdata = .
 *(.data)
 *(.data*)
 .data.countdown_display
                0x0000000020000000        0x1 ./Core/Src/main.o
                0x0000000020000000                countdown_display
 .data.mutex_protected_count
                0x0000000020000001        0x1 ./Core/Src/main.o
                0x0000000020000001                mutex_protected_count
 *fill*         0x0000000020000002        0x2 
 .data.SystemCoreClock
                0x0000000020000004        0x4 ./Core/Src/system_stm32l4xx.o
                0x0000000020000004                SystemCoreClock
 .data.uwTickPrio
                0x0000000020000008        0x4 ./Drivers/STM32L4xx_HAL_Driver/Src/stm32l4xx_hal.o
                0x0000000020000008                uwTickPrio
 .data.uwTickFreq
                0x000000002000000c        0x1 ./Drivers/STM32L4xx_HAL_Driver/Src/stm32l4xx_hal.o
                0x000000002000000c                uwTickFreq
 *fill*         0x000000002000000d        0x3 
 .data.uxCriticalNesting
                0x0000000020000010        0x4 ./Middlewares/Third_Party/FreeRTOS/Source/portable/GCC/ARM_CM4F/port.o
 .data.__sglue  0x0000000020000014        0xc C:/ST/STM32CubeIDE_1.10.1/STM32CubeIDE/plugins/com.st.stm32cube.ide.mcu.externaltools.gnu-tools-for-stm32.11.3.rel1.win32_1.1.100.202309141235/tools/bin/../lib/gcc/arm-none-eabi/11.3.1/../../../../arm-none-eabi/lib/thumb/v7e-m+fp/hard\libc_nano.a(libc_a-findfp.o)
                0x0000000020000014                __sglue
 .data._impure_data
                0x0000000020000020       0x4c C:/ST/STM32CubeIDE_1.10.1/STM32CubeIDE/plugins/com.st.stm32cube.ide.mcu.externaltools.gnu-tools-for-stm32.11.3.rel1.win32_1.1.100.202309141235/tools/bin/../lib/gcc/arm-none-eabi/11.3.1/../../../../arm-none-eabi/lib/thumb/v7e-m+fp/hard\libc_nano.a(libc_a-impure.o)
                0x0000000020000020                _impure_data
 .data._impure_ptr
                0x000000002000006c        0x4 C:/ST/STM32CubeIDE_1.10.1/STM32CubeIDE/plugins/com.st.stm32cube.ide.mcu.externaltools.gnu-tools-for-stm32.11.3.rel1.win32_1.1.100.202309141235/tools/bin/../lib/gcc/arm-none-eabi/11.3.1/../../../../arm-none-eabi/lib/thumb/v7e-m+fp/hard\libc_nano.a(libc_a-impure.o)
                0x000000002000006c                _impure_ptr
 *(.RamFunc)
 *(.RamFunc*)
                0x0000000020000070                . = ALIGN (0x4)
                0x0000000020000070                _edata = .

.igot.plt       0x0000000020000070        0x0 load address 0x0000000008009884
 .igot.plt      0x0000000020000070        0x0 C:/ST/STM32CubeIDE_1.10.1/STM32CubeIDE/plugins/com.st.stm32cube.ide.mcu.externaltools.gnu-tools-for-stm32.11.3.rel1.win32_1.1.100.202309141235/tools/bin/../lib/gcc/arm-none-eabi/11.3.1/thumb/v7e-m+fp/hard/crtbegin.o
                0x0000000020000070                . = ALIGN (0x4)

.bss            0x0000000020000070     0x4b50 load address 0x0000000008009884
                0x0000000020000070                _sbss = .
                0x0000000020000070                __bss_start__ = _sbss
 *(.bss)
 .bss           0x0000000020000070       0x1c C:/ST/STM32CubeIDE_1.10.1/STM32CubeIDE/plugins/com.st.stm32cube.ide.mcu.externaltools.gnu-tools-for-stm32.11.3.rel1.win32_1.1.100.202309141235/tools/bin/../lib/gcc/arm-none-eabi/11.3.1/thumb/v7e-m+fp/hard/crtbegin.o
 *(.bss*)
 .bss.ActDigit  0x000000002000008c        0x1 ./Core/Src/MultiFunctionShield.o
                0x000000002000008c                ActDigit
 *fill*         0x000000002000008d        0x3 
 .bss.SEGMENT_VALUE
                0x0000000020000090        0x4 ./Core/Src/MultiFunctionShield.o
                0x0000000020000090                SEGMENT_VALUE
 .bss.htim17    0x0000000020000094       0x4c ./Core/Src/main.o
                0x0000000020000094                htim17
 .bss.huart2    0x00000000200000e0       0x88 ./Core/Src/main.o
                0x00000000200000e0                huart2
 .bss.SemaphoreToggleHandle
                0x0000000020000168        0x4 ./Core/Src/main.o
                0x0000000020000168                SemaphoreToggleHandle
 .bss.NotifyToggleHandle
                0x000000002000016c        0x4 ./Core/Src/main.o
                0x000000002000016c                NotifyToggleHandle
 .bss.SW_Timer_ToggleHandle
                0x0000000020000170        0x4 ./Core/Src/main.o
                0x0000000020000170                SW_Timer_ToggleHandle
 .bss.Mutex_CountUpHandle
                0x0000000020000174        0x4 ./Core/Src/main.o
                0x0000000020000174                Mutex_CountUpHandle
 .bss.Mutex_CountDownHandle
                0x0000000020000178        0x4 ./Core/Src/main.o
                0x0000000020000178                Mutex_CountDownHandle
 .bss.UpdateGlobDispHandle
                0x000000002000017c        0x4 ./Core/Src/main.o
                0x000000002000017c                UpdateGlobDispHandle
 .bss.ResetGlobalHandle
                0x0000000020000180        0x4 ./Core/Src/main.o
                0x0000000020000180                ResetGlobalHandle
 .bss.DebounceTaskHandle
                0x0000000020000184        0x4 ./Core/Src/main.o
                0x0000000020000184                DebounceTaskHandle
 .bss.SW_Timer_7SegHandle
                0x0000000020000188        0x4 ./Core/Src/main.o
                0x0000000020000188                SW_Timer_7SegHandle
 .bss.UpDownMutexHandle
                0x000000002000018c        0x4 ./Core/Src/main.o
                0x000000002000018c                UpDownMutexHandle
 .bss.Button_1_SemaphoreHandle
                0x0000000020000190        0x4 ./Core/Src/main.o
                0x0000000020000190                Button_1_SemaphoreHandle
 .bss.Button_2_SemaphoreHandle
                0x0000000020000194        0x4 ./Core/Src/main.o
                0x0000000020000194                Button_2_SemaphoreHandle
 .bss.Button_3_SemaphoreHandle
                0x0000000020000198        0x4 ./Core/Src/main.o
                0x0000000020000198                Button_3_SemaphoreHandle
 .bss.Semaphore_CountingHandle
                0x000000002000019c        0x4 ./Core/Src/main.o
                0x000000002000019c                Semaphore_CountingHandle
 .bss.htim3     0x00000000200001a0       0x4c ./Core/Src/stm32l4xx_hal_timebase_tim.o
                0x00000000200001a0                htim3
 .bss.__sbrk_heap_end
                0x00000000200001ec        0x4 ./Core/Src/sysmem.o
 .bss.uwTick    0x00000000200001f0        0x4 ./Drivers/STM32L4xx_HAL_Driver/Src/stm32l4xx_hal.o
                0x00000000200001f0                uwTick
 .bss.KernelState
                0x00000000200001f4        0x4 ./Middlewares/Third_Party/FreeRTOS/Source/CMSIS_RTOS_V2/cmsis_os2.o
 .bss.Idle_TCB.3
                0x00000000200001f8       0xa8 ./Middlewares/Third_Party/FreeRTOS/Source/CMSIS_RTOS_V2/cmsis_os2.o
 .bss.Idle_Stack.2
                0x00000000200002a0      0x200 ./Middlewares/Third_Party/FreeRTOS/Source/CMSIS_RTOS_V2/cmsis_os2.o
 .bss.Timer_TCB.1
                0x00000000200004a0       0xa8 ./Middlewares/Third_Party/FreeRTOS/Source/CMSIS_RTOS_V2/cmsis_os2.o
 .bss.Timer_Stack.0
                0x0000000020000548      0x400 ./Middlewares/Third_Party/FreeRTOS/Source/CMSIS_RTOS_V2/cmsis_os2.o
 .bss.xQueueRegistry
                0x0000000020000948       0x40 ./Middlewares/Third_Party/FreeRTOS/Source/queue.o
                0x0000000020000948                xQueueRegistry
 .bss.pxCurrentTCB
                0x0000000020000988        0x4 ./Middlewares/Third_Party/FreeRTOS/Source/tasks.o
                0x0000000020000988                pxCurrentTCB
 .bss.pxReadyTasksLists
                0x000000002000098c      0x460 ./Middlewares/Third_Party/FreeRTOS/Source/tasks.o
 .bss.xDelayedTaskList1
                0x0000000020000dec       0x14 ./Middlewares/Third_Party/FreeRTOS/Source/tasks.o
 .bss.xDelayedTaskList2
                0x0000000020000e00       0x14 ./Middlewares/Third_Party/FreeRTOS/Source/tasks.o
 .bss.pxDelayedTaskList
                0x0000000020000e14        0x4 ./Middlewares/Third_Party/FreeRTOS/Source/tasks.o
 .bss.pxOverflowDelayedTaskList
                0x0000000020000e18        0x4 ./Middlewares/Third_Party/FreeRTOS/Source/tasks.o
 .bss.xPendingReadyList
                0x0000000020000e1c       0x14 ./Middlewares/Third_Party/FreeRTOS/Source/tasks.o
 .bss.xTasksWaitingTermination
                0x0000000020000e30       0x14 ./Middlewares/Third_Party/FreeRTOS/Source/tasks.o
 .bss.uxDeletedTasksWaitingCleanUp
                0x0000000020000e44        0x4 ./Middlewares/Third_Party/FreeRTOS/Source/tasks.o
 .bss.xSuspendedTaskList
                0x0000000020000e48       0x14 ./Middlewares/Third_Party/FreeRTOS/Source/tasks.o
 .bss.uxCurrentNumberOfTasks
                0x0000000020000e5c        0x4 ./Middlewares/Third_Party/FreeRTOS/Source/tasks.o
 .bss.xTickCount
                0x0000000020000e60        0x4 ./Middlewares/Third_Party/FreeRTOS/Source/tasks.o
 .bss.uxTopReadyPriority
                0x0000000020000e64        0x4 ./Middlewares/Third_Party/FreeRTOS/Source/tasks.o
 .bss.xSchedulerRunning
                0x0000000020000e68        0x4 ./Middlewares/Third_Party/FreeRTOS/Source/tasks.o
 .bss.xPendedTicks
                0x0000000020000e6c        0x4 ./Middlewares/Third_Party/FreeRTOS/Source/tasks.o
 .bss.xYieldPending
                0x0000000020000e70        0x4 ./Middlewares/Third_Party/FreeRTOS/Source/tasks.o
 .bss.xNumOfOverflows
                0x0000000020000e74        0x4 ./Middlewares/Third_Party/FreeRTOS/Source/tasks.o
 .bss.uxTaskNumber
                0x0000000020000e78        0x4 ./Middlewares/Third_Party/FreeRTOS/Source/tasks.o
 .bss.xNextTaskUnblockTime
                0x0000000020000e7c        0x4 ./Middlewares/Third_Party/FreeRTOS/Source/tasks.o
 .bss.xIdleTaskHandle
                0x0000000020000e80        0x4 ./Middlewares/Third_Party/FreeRTOS/Source/tasks.o
 .bss.uxSchedulerSuspended
                0x0000000020000e84        0x4 ./Middlewares/Third_Party/FreeRTOS/Source/tasks.o
 .bss.xActiveTimerList1
                0x0000000020000e88       0x14 ./Middlewares/Third_Party/FreeRTOS/Source/timers.o
 .bss.xActiveTimerList2
                0x0000000020000e9c       0x14 ./Middlewares/Third_Party/FreeRTOS/Source/timers.o
 .bss.pxCurrentTimerList
                0x0000000020000eb0        0x4 ./Middlewares/Third_Party/FreeRTOS/Source/timers.o
 .bss.pxOverflowTimerList
                0x0000000020000eb4        0x4 ./Middlewares/Third_Party/FreeRTOS/Source/timers.o
 .bss.xTimerQueue
                0x0000000020000eb8        0x4 ./Middlewares/Third_Party/FreeRTOS/Source/timers.o
 .bss.xTimerTaskHandle
                0x0000000020000ebc        0x4 ./Middlewares/Third_Party/FreeRTOS/Source/timers.o
 .bss.xLastTime.2
                0x0000000020000ec0        0x4 ./Middlewares/Third_Party/FreeRTOS/Source/timers.o
 .bss.ucStaticTimerQueueStorage.1
                0x0000000020000ec4       0xa0 ./Middlewares/Third_Party/FreeRTOS/Source/timers.o
 .bss.xStaticTimerQueue.0
                0x0000000020000f64       0x50 ./Middlewares/Third_Party/FreeRTOS/Source/timers.o
 .bss.ucMaxSysCallPriority
                0x0000000020000fb4        0x1 ./Middlewares/Third_Party/FreeRTOS/Source/portable/GCC/ARM_CM4F/port.o
 *fill*         0x0000000020000fb5        0x3 
 .bss.ulMaxPRIGROUPValue
                0x0000000020000fb8        0x4 ./Middlewares/Third_Party/FreeRTOS/Source/portable/GCC/ARM_CM4F/port.o
 .bss.ucHeap    0x0000000020000fbc     0x3a98 ./Middlewares/Third_Party/FreeRTOS/Source/portable/MemMang/heap_4.o
 .bss.xStart    0x0000000020004a54        0x8 ./Middlewares/Third_Party/FreeRTOS/Source/portable/MemMang/heap_4.o
 .bss.pxEnd     0x0000000020004a5c        0x4 ./Middlewares/Third_Party/FreeRTOS/Source/portable/MemMang/heap_4.o
 .bss.xFreeBytesRemaining
                0x0000000020004a60        0x4 ./Middlewares/Third_Party/FreeRTOS/Source/portable/MemMang/heap_4.o