Archive member included to satisfy reference by file (symbol)

C:/ST/STM32CubeIDE_1.13.1/STM32CubeIDE/plugins/com.st.stm32cube.ide.mcu.externaltools.gnu-tools-for-stm32.12.3.rel1.win32_1.1.0.202410251130/tools/bin/../lib/gcc/arm-none-eabi/12.3.1/../../../../arm-none-eabi/lib/thumb/v7e-m+fp/hard\libc_nano.a(libc_a-exit.o)
                              C:/ST/STM32CubeIDE_1.13.1/STM32CubeIDE/plugins/com.st.stm32cube.ide.mcu.externaltools.gnu-tools-for-stm32.12.3.rel1.win32_1.1.0.202410251130/tools/bin/../lib/gcc/arm-none-eabi/12.3.1/../../../../arm-none-eabi/lib/thumb/v7e-m+fp/hard/crt0.o (exit)
C:/ST/STM32CubeIDE_1.13.1/STM32CubeIDE/plugins/com.st.stm32cube.ide.mcu.externaltools.gnu-tools-for-stm32.12.3.rel1.win32_1.1.0.202410251130/tools/bin/../lib/gcc/arm-none-eabi/12.3.1/../../../../arm-none-eabi/lib/thumb/v7e-m+fp/hard\libc_nano.a(libc_a-rand.o)
                              ./Core/Src/main.o (rand)
C:/ST/STM32CubeIDE_1.13.1/STM32CubeIDE/plugins/com.st.stm32cube.ide.mcu.externaltools.gnu-tools-for-stm32.12.3.rel1.win32_1.1.0.202410251130/tools/bin/../lib/gcc/arm-none-eabi/12.3.1/../../../../arm-none-eabi/lib/thumb/v7e-m+fp/hard\libc_nano.a(libc_a-findfp.o)
                              ./Middlewares/Third_Party/FreeRTOS/Source/tasks.o (__sf)
C:/ST/STM32CubeIDE_1.13.1/STM32CubeIDE/plugins/com.st.stm32cube.ide.mcu.externaltools.gnu-tools-for-stm32.12.3.rel1.win32_1.1.0.202410251130/tools/bin/../lib/gcc/arm-none-eabi/12.3.1/../../../../arm-none-eabi/lib/thumb/v7e-m+fp/hard\libc_nano.a(libc_a-fwalk.o)
                              C:/ST/STM32CubeIDE_1.13.1/STM32CubeIDE/plugins/com.st.stm32cube.ide.mcu.externaltools.gnu-tools-for-stm32.12.3.rel1.win32_1.1.0.202410251130/tools/bin/../lib/gcc/arm-none-eabi/12.3.1/../../../../arm-none-eabi/lib/thumb/v7e-m+fp/hard\libc_nano.a(libc_a-findfp.o) (_fwalk_sglue)
C:/ST/STM32CubeIDE_1.13.1/STM32CubeIDE/plugins/com.st.stm32cube.ide.mcu.externaltools.gnu-tools-for-stm32.12.3.rel1.win32_1.1.0.202410251130/tools/bin/../lib/gcc/arm-none-eabi/12.3.1/../../../../arm-none-eabi/lib/thumb/v7e-m+fp/hard\libc_nano.a(libc_a-printf.o)
                              ./Core/Src/main.o (printf)
C:/ST/STM32CubeIDE_1.13.1/STM32CubeIDE/plugins/com.st.stm32cube.ide.mcu.externaltools.gnu-tools-for-stm32.12.3.rel1.win32_1.1.0.202410251130/tools/bin/../lib/gcc/arm-none-eabi/12.3.1/../../../../arm-none-eabi/lib/thumb/v7e-m+fp/hard\libc_nano.a(libc_a-stdio.o)
                              C:/ST/STM32CubeIDE_1.13.1/STM32CubeIDE/plugins/com.st.stm32cube.ide.mcu.externaltools.gnu-tools-for-stm32.12.3.rel1.win32_1.1.0.202410251130/tools/bin/../lib/gcc/arm-none-eabi/12.3.1/../../../../arm-none-eabi/lib/thumb/v7e-m+fp/hard\libc_nano.a(libc_a-findfp.o) (__sread)
C:/ST/STM32CubeIDE_1.13.1/STM32CubeIDE/plugins/com.st.stm32cube.ide.mcu.externaltools.gnu-tools-for-stm32.12.3.rel1.win32_1.1.0.202410251130/tools/bin/../lib/gcc/arm-none-eabi/12.3.1/../../../../arm-none-eabi/lib/thumb/v7e-m+fp/hard\libc_nano.a(libc_a-memset.o)
                              C:/ST/STM32CubeIDE_1.13.1/STM32CubeIDE/plugins/com.st.stm32cube.ide.mcu.externaltools.gnu-tools-for-stm32.12.3.rel1.win32_1.1.0.202410251130/tools/bin/../lib/gcc/arm-none-eabi/12.3.1/../../../../arm-none-eabi/lib/thumb/v7e-m+fp/hard/crt0.o (memset)
C:/ST/STM32CubeIDE_1.13.1/STM32CubeIDE/plugins/com.st.stm32cube.ide.mcu.externaltools.gnu-tools-for-stm32.12.3.rel1.win32_1.1.0.202410251130/tools/bin/../lib/gcc/arm-none-eabi/12.3.1/../../../../arm-none-eabi/lib/thumb/v7e-m+fp/hard\libc_nano.a(libc_a-closer.o)
                              C:/ST/STM32CubeIDE_1.13.1/STM32CubeIDE/plugins/com.st.stm32cube.ide.mcu.externaltools.gnu-tools-for-stm32.12.3.rel1.win32_1.1.0.202410251130/tools/bin/../lib/gcc/arm-none-eabi/12.3.1/../../../../arm-none-eabi/lib/thumb/v7e-m+fp/hard\libc_nano.a(libc_a-stdio.o) (_close_r)
C:/ST/STM32CubeIDE_1.13.1/STM32CubeIDE/plugins/com.st.stm32cube.ide.mcu.externaltools.gnu-tools-for-stm32.12.3.rel1.win32_1.1.0.202410251130/tools/bin/../lib/gcc/arm-none-eabi/12.3.1/../../../../arm-none-eabi/lib/thumb/v7e-m+fp/hard\libc_nano.a(libc_a-reent.o)
                              ./Middlewares/Third_Party/FreeRTOS/Source/tasks.o (_reclaim_reent)
C:/ST/STM32CubeIDE_1.13.1/STM32CubeIDE/plugins/com.st.stm32cube.ide.mcu.externaltools.gnu-tools-for-stm32.12.3.rel1.win32_1.1.0.202410251130/tools/bin/../lib/gcc/arm-none-eabi/12.3.1/../../../../arm-none-eabi/lib/thumb/v7e-m+fp/hard\libc_nano.a(libc_a-impure.o)
                              ./Middlewares/Third_Party/FreeRTOS/Source/tasks.o (_impure_ptr)
C:/ST/STM32CubeIDE_1.13.1/STM32CubeIDE/plugins/com.st.stm32cube.ide.mcu.externaltools.gnu-tools-for-stm32.12.3.rel1.win32_1.1.0.202410251130/tools/bin/../lib/gcc/arm-none-eabi/12.3.1/../../../../arm-none-eabi/lib/thumb/v7e-m+fp/hard\libc_nano.a(libc_a-lseekr.o)
[...]
Memory Configuration

Name             Origin             Length             Attributes
RAM              0x20000000         0x00018000         xrw
RAM2             0x10000000         0x00008000         xrw
FLASH            0x08000000         0x00100000         xr
*default*        0x00000000         0xffffffff

Linker script and memory map

LOAD C:/ST/STM32CubeIDE_1.13.1/STM32CubeIDE/plugins/com.st.stm32cube.ide.mcu.externaltools.gnu-tools-for-stm32.12.3.rel1.win32_1.1.0.202410251130/tools/bin/../lib/gcc/arm-none-eabi/12.3.1/thumb/v7e-m+fp/hard/crti.o
LOAD C:/ST/STM32CubeIDE_1.13.1/STM32CubeIDE/plugins/com.st.stm32cube.ide.mcu.externaltools.gnu-tools-for-stm32.12.3.rel1.win32_1.1.0.202410251130/tools/bin/../lib/gcc/arm-none-eabi/12.3.1/thumb/v7e-m+fp/hard/crtbegin.o
LOAD C:/ST/STM32CubeIDE_1.13.1/STM32CubeIDE/plugins/com.st.stm32cube.ide.mcu.externaltools.gnu-tools-for-stm32.12.3.rel1.win32_1.1.0.202410251130/tools/bin/../lib/gcc/arm-none-eabi/12.3.1/../../../../arm-none-eabi/lib/thumb/v7e-m+fp/hard/crt0.o
LOAD ./Core/Src/MultiFunctionShield.o
LOAD ./Core/Src/freertos.o
LOAD ./Core/Src/main.o
LOAD ./Core/Src/stm32l4xx_hal_msp.o
LOAD ./Core/Src/stm32l4xx_hal_timebase_tim.o
LOAD ./Core/Src/stm32l4xx_it.o
LOAD ./Core/Src/syscalls.o
LOAD ./Core/Src/sysmem.o
LOAD ./Core/Src/system_stm32l4xx.o
LOAD ./Core/Startup/startup_stm32l476rgtx.o
LOAD ./Drivers/STM32L4xx_HAL_Driver/Src/stm32l4xx_hal.o
LOAD ./Drivers/STM32L4xx_HAL_Driver/Src/stm32l4xx_hal_cortex.o
LOAD ./Drivers/STM32L4xx_HAL_Driver/Src/stm32l4xx_hal_dma.o
LOAD ./Drivers/STM32L4xx_HAL_Driver/Src/stm32l4xx_hal_dma_ex.o
LOAD ./Drivers/STM32L4xx_HAL_Driver/Src/stm32l4xx_hal_exti.o
LOAD ./Drivers/STM32L4xx_HAL_Driver/Src/stm32l4xx_hal_flash.o
LOAD ./Drivers/STM32L4xx_HAL_Driver/Src/stm32l4xx_hal_flash_ex.o
LOAD ./Drivers/STM32L4xx_HAL_Driver/Src/stm32l4xx_hal_flash_ramfunc.o
LOAD ./Drivers/STM32L4xx_HAL_Driver/Src/stm32l4xx_hal_gpio.o
LOAD ./Drivers/STM32L4xx_HAL_Driver/Src/stm32l4xx_hal_i2c.o
LOAD ./Drivers/STM32L4xx_HAL_Driver/Src/stm32l4xx_hal_i2c_ex.o
LOAD ./Drivers/STM32L4xx_HAL_Driver/Src/stm32l4xx_hal_pwr.o
LOAD ./Drivers/STM32L4xx_HAL_Driver/Src/stm32l4xx_hal_pwr_ex.o
LOAD ./Drivers/STM32L4xx_HAL_Driver/Src/stm32l4xx_hal_rcc.o
LOAD ./Drivers/STM32L4xx_HAL_Driver/Src/stm32l4xx_hal_rcc_ex.o
LOAD ./Drivers/STM32L4xx_HAL_Driver/Src/stm32l4xx_hal_tim.o
LOAD ./Drivers/STM32L4xx_HAL_Driver/Src/stm32l4xx_hal_tim_ex.o
LOAD ./Drivers/STM32L4xx_HAL_Driver/Src/stm32l4xx_hal_uart.o
LOAD ./Drivers/STM32L4xx_HAL_Driver/Src/stm32l4xx_hal_uart_ex.o
LOAD ./Middlewares/Third_Party/FreeRTOS/Source/CMSIS_RTOS_V2/cmsis_os2.o
LOAD ./Middlewares/Third_Party/FreeRTOS/Source/croutine.o
LOAD ./Middlewares/Third_Party/FreeRTOS/Source/event_groups.o
LOAD ./Middlewares/Third_Party/FreeRTOS/Source/list.o
LOAD ./Middlewares/Third_Party/FreeRTOS/Source/queue.o
LOAD ./Middlewares/Third_Party/FreeRTOS/Source/stream_buffer.o
LOAD ./Middlewares/Third_Party/FreeRTOS/Source/tasks.o
LOAD ./Middlewares/Third_Party/FreeRTOS/Source/timers.o
LOAD ./Middlewares/Third_Party/FreeRTOS/Source/portable/GCC/ARM_CM4F/port.o
LOAD ./Middlewares/Third_Party/FreeRTOS/Source/portable/MemMang/heap_4.o
START GROUP
LOAD C:/ST/STM32CubeIDE_1.13.1/STM32CubeIDE/plugins/com.st.stm32cube.ide.mcu.externaltools.gnu-tools-for-stm32.12.3.rel1.win32_1.1.0.202410251130/tools/bin/../lib/gcc/arm-none-eabi/12.3.1/../../../../arm-none-eabi/lib/thumb/v7e-m+fp/hard\libc_nano.a
LOAD C:/ST/STM32CubeIDE_1.13.1/STM32CubeIDE/plugins/com.st.stm32cube.ide.mcu.externaltools.gnu-tools-for-stm32.12.3.rel1.win32_1.1.0.202410251130/tools/bin/../lib/gcc/arm-none-eabi/12.3.1/../../../../arm-none-eabi/lib/thumb/v7e-m+fp/hard\libm.a
END GROUP
START GROUP
LOAD C:/ST/STM32CubeIDE_1.13.1/STM32CubeIDE/plugins/com.st.stm32cube.ide.mcu.externaltools.gnu-tools-for-stm32.12.3.rel1.win32_1.1.0.202410251130/tools/bin/../lib/gcc/arm-none-eabi/12.3.1/thumb/v7e-m+fp/hard\libgcc.a
LOAD C:/ST/STM32CubeIDE_1.13.1/STM32CubeIDE/plugins/com.st.stm32cube.ide.mcu.externaltools.gnu-tools-for-stm32.12.3.rel1.win32_1.1.0.202410251130/tools/bin/../lib/gcc/arm-none-eabi/12.3.1/../../../../arm-none-eabi/lib/thumb/v7e-m+fp/hard\libc_nano.a
END GROUP
START GROUP
LOAD C:/ST/STM32CubeIDE_1.13.1/STM32CubeIDE/plugins/com.st.stm32cube.ide.mcu.externaltools.gnu-tools-for-stm32.12.3.rel1.win32_1.1.0.202410251130/tools/bin/../lib/gcc/arm-none-eabi/12.3.1/thumb/v7e-m+fp/hard\libgcc.a
LOAD C:/ST/STM32CubeIDE_1.13.1/STM32CubeIDE/plugins/com.st.stm32cube.ide.mcu.externaltools.gnu-tools-for-stm32.12.3.rel1.win32_1.1.0.202410251130/tools/bin/../lib/gcc/arm-none-eabi/12.3.1/../../../../arm-none-eabi/lib/thumb/v7e-m+fp/hard\libc_nano.a
LOAD C:/ST/STM32CubeIDE_1.13.1/STM32CubeIDE/plugins/com.st.stm32cube.ide.mcu.externaltools.gnu-tools-for-stm32.12.3.rel1.win32_1.1.0.202410251130/tools/bin/../lib/gcc/arm-none-eabi/12.3.1/../../../../arm-none-eabi/lib/thumb/v7e-m+fp/hard\libnosys.a
END GROUP
START GROUP
LOAD C:/ST/STM32CubeIDE_1.13.1/STM32CubeIDE/plugins/com.st.stm32cube.ide.mcu.externaltools.gnu-tools-for-stm32.12.3.rel1.win32_1.1.0.202410251130/tools/bin/../lib/gcc/arm-none-eabi/12.3.1/thumb/v7e-m+fp/hard\libgcc.a
LOAD C:/ST/STM32CubeIDE_1.13.1/STM32CubeIDE/plugins/com.st.stm32cube.ide.mcu.externaltools.gnu-tools-for-stm32.12.3.rel1.win32_1.1.0.202410251130/tools/bin/../lib/gcc/arm-none-eabi/12.3.1/../../../../arm-none-eabi/lib/thumb/v7e-m+fp/hard\libc_nano.a
LOAD C:/ST/STM32CubeIDE_1.13.1/STM32CubeIDE/plugins/com.st.stm32cube.ide.mcu.externaltools.gnu-tools-for-stm32.12.3.rel1.win32_1.1.0.202410251130/tools/bin/../lib/gcc/arm-none-eabi/12.3.1/../../../../arm-none-eabi/lib/thumb/v7e-m+fp/hard\libnosys.a
END GROUP
LOAD C:/ST/STM32CubeIDE_1.13.1/STM32CubeIDE/plugins/com.st.stm32cube.ide.mcu.externaltools.gnu-tools-for-stm32.12.3.rel1.win32_1.1.0.202410251130/tools/bin/../lib/gcc/arm-none-eabi/12.3.1/thumb/v7e-m+fp/hard/crtend.o
LOAD C:/ST/STM32CubeIDE_1.13.1/STM32CubeIDE/plugins/com.st.stm32cube.ide.mcu.externaltools.gnu-tools-for-stm32.12.3.rel1.win32_1.1.0.202410251130/tools/bin/../lib/gcc/arm-none-eabi/12.3.1/thumb/v7e-m+fp/hard/crtn.o
                0x20018000                        _estack = (ORIGIN (RAM) + LENGTH (RAM))
                0x00000200                        _Min_Heap_Size = 0x200
                0x00000400                        _Min_Stack_Size = 0x400

.isr_vector     0x08000000      0x188
                0x08000000                        . = ALIGN (0x4)
 *(.isr_vector)
 .isr_vector    0x08000000      0x188 ./Core/Startup/startup_stm32l476rgtx.o
                0x08000000                g_pfnVectors
                0x08000188                        . = ALIGN (0x4)

.text           0x08000190     0x92fc
                0x08000190                        . = ALIGN (0x4)
 *(.text)
 .text          0x08000190       0x40 C:/ST/STM32CubeIDE_1.13.1/STM32CubeIDE/plugins/com.st.stm32cube.ide.mcu.externaltools.gnu-tools-for-stm32.12.3.rel1.win32_1.1.0.202410251130/tools/bin/../lib/gcc/arm-none-eabi/12.3.1/thumb/v7e-m+fp/hard/crtbegin.o
 .text          0x080001d0       0xa0 C:/ST/STM32CubeIDE_1.13.1/STM32CubeIDE/plugins/com.st.stm32cube.ide.mcu.externaltools.gnu-tools-for-stm32.12.3.rel1.win32_1.1.0.202410251130/tools/bin/../lib/gcc/arm-none-eabi/12.3.1/../../../../arm-none-eabi/lib/thumb/v7e-m+fp/hard\libc_nano.a(libc_a-memchr.o)
                0x080001d0                memchr
 .text          0x08000270       0x30 C:/ST/STM32CubeIDE_1.13.1/STM32CubeIDE/plugins/com.st.stm32cube.ide.mcu.externaltools.gnu-tools-for-stm32.12.3.rel1.win32_1.1.0.202410251130/tools/bin/../lib/gcc/arm-none-eabi/12.3.1/thumb/v7e-m+fp/hard\libgcc.a(_aeabi_uldivmod.o)
                0x08000270                __aeabi_uldivmod
 .text          0x080002a0      0x2bc C:/ST/STM32CubeIDE_1.13.1/STM32CubeIDE/plugins/com.st.stm32cube.ide.mcu.externaltools.gnu-tools-for-stm32.12.3.rel1.win32_1.1.0.202410251130/tools/bin/../lib/gcc/arm-none-eabi/12.3.1/thumb/v7e-m+fp/hard\libgcc.a(_udivmoddi4.o)
                0x080002a0                __udivmoddi4
 .text          0x0800055c        0x4 C:/ST/STM32CubeIDE_1.13.1/STM32CubeIDE/plugins/com.st.stm32cube.ide.mcu.externaltools.gnu-tools-for-stm32.12.3.rel1.win32_1.1.0.202410251130/tools/bin/../lib/gcc/arm-none-eabi/12.3.1/thumb/v7e-m+fp/hard\libgcc.a(_dvmd_tls.o)
                0x0800055c                __aeabi_idiv0
                0x0800055c                __aeabi_ldiv0
 *(.text*)
 .text.shiftOut
                0x08000560       0x9c ./Core/Src/MultiFunctionShield.o
                0x08000560                shiftOut
 .text.MultiFunctionShield_Single_Digit_Display
                0x080005fc       0xb0 ./Core/Src/MultiFunctionShield.o
                0x080005fc                MultiFunctionShield_Single_Digit_Display
 .text.MultiFunctionShield_Display_Two_Digits
                0x080006ac       0x94 ./Core/Src/MultiFunctionShield.o
                0x080006ac                MultiFunctionShield_Display_Two_Digits
 .text.Clear_LEDs
                0x08000740       0x3c ./Core/Src/MultiFunctionShield.o
                0x08000740                Clear_LEDs
 .text.MultiFunctionShield_Clear
                0x0800077c       0x2c ./Core/Src/MultiFunctionShield.o
                0x0800077c                MultiFunctionShield_Clear
 .text.MultiFunctionShield_WriteNumberToSegment
                0x080007a8       0x74 ./Core/Src/MultiFunctionShield.o
                0x080007a8                MultiFunctionShield_WriteNumberToSegment
 .text.MultiFunctionShield__ISRFunc
                0x0800081c       0x64 ./Core/Src/MultiFunctionShield.o
                0x0800081c                MultiFunctionShield__ISRFunc
 .text.main     0x08000880      0x1bc ./Core/Src/main.o
                0x08000880                main
 .text.SystemClock_Config
                0x08000a3c       0xa2 ./Core/Src/main.o
                0x08000a3c                SystemClock_Config
 *fill*         0x08000ade        0x2 
 .text.MX_TIM17_Init
                0x08000ae0       0x4c ./Core/Src/main.o
 .text.MX_USART2_UART_Init
                0x08000b2c       0x60 ./Core/Src/main.o
 .text.MX_GPIO_Init
                0x08000b8c      0x1cc ./Core/Src/main.o
 .text.HAL_GPIO_EXTI_Callback
                0x08000d58       0x74 ./Core/Src/main.o
                0x08000d58                HAL_GPIO_EXTI_Callback
 .text.__io_putchar
                0x08000dcc       0x24 ./Core/Src/main.o
                0x08000dcc                __io_putchar
 .text.random_wait
                0x08000df0       0x3c ./Core/Src/main.o
                0x08000df0                random_wait
 .text.Default_Task
                0x08000e2c       0x10 ./Core/Src/main.o
                0x08000e2c                Default_Task
 .text.NotifyToggleTask
                0x08000e3c       0x2e ./Core/Src/main.o
                0x08000e3c                NotifyToggleTask
 *fill*         0x08000e6a        0x2 
 .text.SW_Timer_Task
                0x08000e6c       0x50 ./Core/Src/main.o
                0x08000e6c                SW_Timer_Task
 .text.Mutex_CountUpTask
                0x08000ebc       0x58 ./Core/Src/main.o
                0x08000ebc                Mutex_CountUpTask
 .text.Mutex_CountDownTask
                0x08000f14       0x54 ./Core/Src/main.o
                0x08000f14                Mutex_CountDownTask
 .text.UpdateGlobDisplayProcess
                0x08000f68       0x24 ./Core/Src/main.o
                0x08000f68                UpdateGlobDisplayProcess
 .text.ResetGlobalTask
                0x08000f8c       0x54 ./Core/Src/main.o
                0x08000f8c                ResetGlobalTask
 .text.StartDebounce
                0x08000fe0       0x6c ./Core/Src/main.o
                0x08000fe0                StartDebounce
 .text.SW_Timer_Countdown
                0x0800104c       0x40 ./Core/Src/main.o
                0x0800104c                SW_Timer_Countdown
 .text.HAL_TIM_PeriodElapsedCallback
                0x0800108c       0x34 ./Core/Src/main.o
                0x0800108c                HAL_TIM_PeriodElapsedCallback
 .text.Error_Handler
                0x080010c0        0xc ./Core/Src/main.o
                0x080010c0                Error_Handler
 .text.HAL_MspInit
                0x080010cc       0x50 ./Core/Src/stm32l4xx_hal_msp.o
                0x080010cc                HAL_MspInit
 .text.HAL_TIM_Base_MspInit
                0x0800111c       0x4c ./Core/Src/stm32l4xx_hal_msp.o
                0x0800111c                HAL_TIM_Base_MspInit
 .text.HAL_UART_MspInit
                0x08001168       0xb8 ./Core/Src/stm32l4xx_hal_msp.o
                0x08001168                HAL_UART_MspInit
 .text.HAL_InitTick
                0x08001220       0xf4 ./Core/Src/stm32l4xx_hal_timebase_tim.o
                0x08001220                HAL_InitTick
 .text.NMI_Handler
                0x08001314        0x8 ./Core/Src/stm32l4xx_it.o
                0x08001314                NMI_Handler
 .text.HardFault_Handler
                0x0800131c        0x8 ./Core/Src/stm32l4xx_it.o
                0x0800131c                HardFault_Handler
 .text.MemManage_Handler
                0x08001324        0x8 ./Core/Src/stm32l4xx_it.o
                0x08001324                MemManage_Handler
 .text.BusFault_Handler
                0x0800132c        0x8 ./Core/Src/stm32l4xx_it.o
                0x0800132c                BusFault_Handler
 .text.UsageFault_Handler
                0x08001334        0x8 ./Core/Src/stm32l4xx_it.o
                0x08001334                UsageFault_Handler
 .text.DebugMon_Handler
                0x0800133c        0xe ./Core/Src/stm32l4xx_it.o
                0x0800133c                DebugMon_Handler
 .text.EXTI0_IRQHandler
                0x0800134a        0xe ./Core/Src/stm32l4xx_it.o
                0x0800134a                EXTI0_IRQHandler
 .text.EXTI1_IRQHandler
                0x08001358        0xe ./Core/Src/stm32l4xx_it.o
                0x08001358                EXTI1_IRQHandler
 .text.EXTI4_IRQHandler
                0x08001366        0xe ./Core/Src/stm32l4xx_it.o
                0x08001366                EXTI4_IRQHandler
 .text.TIM1_TRG_COM_TIM17_IRQHandler
                0x08001374       0x14 ./Core/Src/stm32l4xx_it.o
                0x08001374                TIM1_TRG_COM_TIM17_IRQHandler
 .text.TIM3_IRQHandler
                0x08001388       0x14 ./Core/Src/stm32l4xx_it.o
                0x08001388                TIM3_IRQHandler
 .text._getpid  0x0800139c       0x10 ./Core/Src/syscalls.o
                0x0800139c                _getpid
 .text._kill    0x080013ac       0x20 ./Core/Src/syscalls.o
                0x080013ac                _kill
 .text._exit    0x080013cc       0x16 ./Core/Src/syscalls.o
                0x080013cc                _exit
 .text._read    0x080013e2       0x3a ./Core/Src/syscalls.o
                0x080013e2                _read
 .text._write   0x0800141c       0x38 ./Core/Src/syscalls.o
                0x0800141c                _write
 .text._close   0x08001454       0x18 ./Core/Src/syscalls.o
                0x08001454                _close
 .text._fstat   0x0800146c       0x20 ./Core/Src/syscalls.o
                0x0800146c                _fstat
 .text._isatty  0x0800148c       0x16 ./Core/Src/syscalls.o
                0x0800148c                _isatty
 .text._lseek   0x080014a2       0x1a ./Core/Src/syscalls.o
                0x080014a2                _lseek
 .text._sbrk    0x080014bc       0x6c ./Core/Src/sysmem.o
                0x080014bc                _sbrk
 .text.SystemInit
                0x08001528       0x24 ./Core/Src/system_stm32l4xx.o
                0x08001528                SystemInit
 .text.Reset_Handler
                0x0800154c       0x50 ./Core/Startup/startup_stm32l476rgtx.o
                0x0800154c                Reset_Handler
 .text.Default_Handler
                0x0800159c        0x2 ./Core/Startup/startup_stm32l476rgtx.o
                0x0800159c                RTC_Alarm_IRQHandler
                0x0800159c                EXTI2_IRQHandler
                0x0800159c                TIM8_TRG_COM_IRQHandler
                0x0800159c                TIM8_CC_IRQHandler
                0x0800159c                TIM1_CC_IRQHandler
                0x0800159c                TSC_IRQHandler
                0x0800159c                TAMP_STAMP_IRQHandler
                0x0800159c                EXTI3_IRQHandler
                0x0800159c                LPTIM2_IRQHandler
                0x0800159c                DFSDM1_FLT1_IRQHandler
                0x0800159c                I2C3_ER_IRQHandler
                0x0800159c                DFSDM1_FLT2_IRQHandler
                0x0800159c                I2C2_EV_IRQHandler
                0x0800159c                CAN1_RX0_IRQHandler
                0x0800159c                FPU_IRQHandler
                0x0800159c                TIM1_UP_TIM16_IRQHandler
                0x0800159c                ADC1_2_IRQHandler
                0x0800159c                SPI1_IRQHandler
                0x0800159c                TIM6_DAC_IRQHandler
                0x0800159c                TIM8_UP_IRQHandler
                0x0800159c                DMA2_Channel2_IRQHandler
                0x0800159c                DMA1_Channel4_IRQHandler
                0x0800159c                SAI2_IRQHandler
                0x0800159c                DFSDM1_FLT3_IRQHandler
                0x0800159c                USART3_IRQHandler
                0x0800159c                DMA1_Channel7_IRQHandler
                0x0800159c                CAN1_RX1_IRQHandler
                0x0800159c                LCD_IRQHandler
                0x0800159c                UART5_IRQHandler
                0x0800159c                ADC3_IRQHandler
                0x0800159c                TIM4_IRQHandler
                0x0800159c                DMA2_Channel1_IRQHandler
                0x0800159c                QUADSPI_IRQHandler
                0x0800159c                I2C1_EV_IRQHandler
                0x0800159c                DMA1_Channel6_IRQHandler
                0x0800159c                UART4_IRQHandler
                0x0800159c                DMA2_Channel4_IRQHandler
                0x0800159c                RCC_IRQHandler
                0x0800159c                DMA1_Channel1_IRQHandler
                0x0800159c                Default_Handler
                0x0800159c                DMA2_Channel7_IRQHandler
                0x0800159c                EXTI15_10_IRQHandler
                0x0800159c                TIM7_IRQHandler
                0x0800159c                SDMMC1_IRQHandler
                0x0800159c                TIM5_IRQHandler
                0x0800159c                I2C3_EV_IRQHandler
                0x0800159c                EXTI9_5_IRQHandler
                0x0800159c                RTC_WKUP_IRQHandler
                0x0800159c                PVD_PVM_IRQHandler
                0x0800159c                SPI2_IRQHandler
                0x0800159c                CAN1_TX_IRQHandler
                0x0800159c                DMA2_Channel5_IRQHandler
                0x0800159c                DMA1_Channel5_IRQHandler
                0x0800159c                RNG_IRQHandler
                0x0800159c                DMA1_Channel3_IRQHandler
                0x0800159c                COMP_IRQHandler
                0x0800159c                WWDG_IRQHandler
                0x0800159c                LPUART1_IRQHandler
                0x0800159c                DMA2_Channel6_IRQHandler
                0x0800159c                TIM2_IRQHandler
                0x0800159c                USART2_IRQHandler
                0x0800159c                DFSDM1_FLT0_IRQHandler
                0x0800159c                I2C2_ER_IRQHandler
                0x0800159c                DMA1_Channel2_IRQHandler
                0x0800159c                TIM8_BRK_IRQHandler
                0x0800159c                CAN1_SCE_IRQHandler
                0x0800159c                FLASH_IRQHandler
                0x0800159c                USART1_IRQHandler
                0x0800159c                OTG_FS_IRQHandler
                0x0800159c                SPI3_IRQHandler
                0x0800159c                I2C1_ER_IRQHandler
                0x0800159c                FMC_IRQHandler
                0x0800159c                SWPMI1_IRQHandler
                0x0800159c                LPTIM1_IRQHandler
                0x0800159c                SAI1_IRQHandler
                0x0800159c                DMA2_Channel3_IRQHandler
                0x0800159c                TIM1_BRK_TIM15_IRQHandler
 *fill*         0x0800159e        0x2 
 .text.HAL_Init
                0x080015a0       0x40 ./Drivers/STM32L4xx_HAL_Driver/Src/stm32l4xx_hal.o
                0x080015a0                HAL_Init
 .text.HAL_IncTick
                0x080015e0       0x28 ./Drivers/STM32L4xx_HAL_Driver/Src/stm32l4xx_hal.o
                0x080015e0                HAL_IncTick
 .text.HAL_GetTick
                0x08001608       0x18 ./Drivers/STM32L4xx_HAL_Driver/Src/stm32l4xx_hal.o
                0x08001608                HAL_GetTick
 .text.__NVIC_SetPriorityGrouping
                0x08001620       0x48 ./Drivers/STM32L4xx_HAL_Driver/Src/stm32l4xx_hal_cortex.o
 .text.__NVIC_GetPriorityGrouping
                0x08001668       0x1c ./Drivers/STM32L4xx_HAL_Driver/Src/stm32l4xx_hal_cortex.o
 .text.__NVIC_EnableIRQ
                0x08001684       0x3c ./Drivers/STM32L4xx_HAL_Driver/Src/stm32l4xx_hal_cortex.o
 .text.__NVIC_SetPriority
                0x080016c0       0x54 ./Drivers/STM32L4xx_HAL_Driver/Src/stm32l4xx_hal_cortex.o
 .text.NVIC_EncodePriority
                0x08001714       0x66 ./Drivers/STM32L4xx_HAL_Driver/Src/stm32l4xx_hal_cortex.o
 .text.HAL_NVIC_SetPriorityGrouping
                0x0800177a       0x16 ./Drivers/STM32L4xx_HAL_Driver/Src/stm32l4xx_hal_cortex.o
                0x0800177a                HAL_NVIC_SetPriorityGrouping
 .text.HAL_NVIC_SetPriority
                0x08001790       0x38 ./Drivers/STM32L4xx_HAL_Driver/Src/stm32l4xx_hal_cortex.o
                0x08001790                HAL_NVIC_SetPriority
 .text.HAL_NVIC_EnableIRQ
                0x080017c8       0x1c ./Drivers/STM32L4xx_HAL_Driver/Src/stm32l4xx_hal_cortex.o
                0x080017c8                HAL_NVIC_EnableIRQ
 .text.HAL_GPIO_Init
                0x080017e4      0x354 ./Drivers/STM32L4xx_HAL_Driver/Src/stm32l4xx_hal_gpio.o
                0x080017e4                HAL_GPIO_Init
 .text.HAL_GPIO_WritePin
                0x08001b38       0x30 ./Drivers/STM32L4xx_HAL_Driver/Src/stm32l4xx_hal_gpio.o
                0x08001b38                HAL_GPIO_WritePin
 .text.HAL_GPIO_TogglePin
                0x08001b68       0x34 ./Drivers/STM32L4xx_HAL_Driver/Src/stm32l4xx_hal_gpio.o
                0x08001b68                HAL_GPIO_TogglePin
 .text.HAL_GPIO_EXTI_IRQHandler
                0x08001b9c       0x30 ./Drivers/STM32L4xx_HAL_Driver/Src/stm32l4xx_hal_gpio.o
                0x08001b9c                HAL_GPIO_EXTI_IRQHandler
 .text.HAL_PWREx_GetVoltageRange
                0x08001bcc       0x1c ./Drivers/STM32L4xx_HAL_Driver/Src/stm32l4xx_hal_pwr_ex.o
                0x08001bcc                HAL_PWREx_GetVoltageRange
 .text.HAL_PWREx_ControlVoltageScaling
                0x08001be8       0xac ./Drivers/STM32L4xx_HAL_Driver/Src/stm32l4xx_hal_pwr_ex.o
                0x08001be8                HAL_PWREx_ControlVoltageScaling
 .text.HAL_RCC_OscConfig
                0x08001c94      0x7b8 ./Drivers/STM32L4xx_HAL_Driver/Src/stm32l4xx_hal_rcc.o
                0x08001c94                HAL_RCC_OscConfig
 .text.HAL_RCC_ClockConfig
                0x0800244c      0x200 ./Drivers/STM32L4xx_HAL_Driver/Src/stm32l4xx_hal_rcc.o
                0x0800244c                HAL_RCC_ClockConfig
 .text.HAL_RCC_GetSysClockFreq
                0x0800264c      0x118 ./Drivers/STM32L4xx_HAL_Driver/Src/stm32l4xx_hal_rcc.o
                0x0800264c                HAL_RCC_GetSysClockFreq
 .text.HAL_RCC_GetHCLKFreq
                0x08002764       0x18 ./Drivers/STM32L4xx_HAL_Driver/Src/stm32l4xx_hal_rcc.o
                0x08002764                HAL_RCC_GetHCLKFreq
 .text.HAL_RCC_GetPCLK1Freq
                0x0800277c       0x2c ./Drivers/STM32L4xx_HAL_Driver/Src/stm32l4xx_hal_rcc.o
                0x0800277c                HAL_RCC_GetPCLK1Freq
 .text.HAL_RCC_GetPCLK2Freq
                0x080027a8       0x2c ./Drivers/STM32L4xx_HAL_Driver/Src/stm32l4xx_hal_rcc.o
                0x080027a8                HAL_RCC_GetPCLK2Freq
 .text.HAL_RCC_GetClockConfig
                0x080027d4       0x64 ./Drivers/STM32L4xx_HAL_Driver/Src/stm32l4xx_hal_rcc.o
                0x080027d4                HAL_RCC_GetClockConfig
 .text.RCC_SetFlashLatencyFromMSIRange
                0x08002838       0xc0 ./Drivers/STM32L4xx_HAL_Driver/Src/stm32l4xx_hal_rcc.o
 .text.HAL_RCCEx_PeriphCLKConfig
                0x080028f8      0x5d4 ./Drivers/STM32L4xx_HAL_Driver/Src/stm32l4xx_hal_rcc_ex.o
                0x080028f8                HAL_RCCEx_PeriphCLKConfig
 .text.RCCEx_PLLSAI1_Config
                0x08002ecc      0x1e8 ./Drivers/STM32L4xx_HAL_Driver/Src/stm32l4xx_hal_rcc_ex.o
 .text.RCCEx_PLLSAI2_Config
                0x080030b4      0x1bc ./Drivers/STM32L4xx_HAL_Driver/Src/stm32l4xx_hal_rcc_ex.o
 .text.HAL_TIM_Base_Init
                0x08003270       0xae ./Drivers/STM32L4xx_HAL_Driver/Src/stm32l4xx_hal_tim.o
                0x08003270                HAL_TIM_Base_Init
 *fill*         0x0800331e        0x2 
 .text.HAL_TIM_Base_Start_IT
                0x08003320       0xe0 ./Drivers/STM32L4xx_HAL_Driver/Src/stm32l4xx_hal_tim.o
                0x08003320                HAL_TIM_Base_Start_IT
 .text.HAL_TIM_IRQHandler
                0x08003400      0x204 ./Drivers/STM32L4xx_HAL_Driver/Src/stm32l4xx_hal_tim.o
                0x08003400                HAL_TIM_IRQHandler
 .text.HAL_TIM_OC_DelayElapsedCallback
                0x08003604       0x14 ./Drivers/STM32L4xx_HAL_Driver/Src/stm32l4xx_hal_tim.o
                0x08003604                HAL_TIM_OC_DelayElapsedCallback
 .text.HAL_TIM_IC_CaptureCallback
                0x08003618       0x14 ./Drivers/STM32L4xx_HAL_Driver/Src/stm32l4xx_hal_tim.o
                0x08003618                HAL_TIM_IC_CaptureCallback
 .text.HAL_TIM_PWM_PulseFinishedCallback
                0x0800362c       0x14 ./Drivers/STM32L4xx_HAL_Driver/Src/stm32l4xx_hal_tim.o
                0x0800362c                HAL_TIM_PWM_PulseFinishedCallback
 .text.HAL_TIM_TriggerCallback
                0x08003640       0x14 ./Drivers/STM32L4xx_HAL_Driver/Src/stm32l4xx_hal_tim.o
                0x08003640                HAL_TIM_TriggerCallback
 .text.TIM_Base_SetConfig
                0x08003654      0x134 ./Drivers/STM32L4xx_HAL_Driver/Src/stm32l4xx_hal_tim.o
                0x08003654                TIM_Base_SetConfig
 .text.HAL_TIMEx_CommutCallback
                0x08003788       0x14 ./Drivers/STM32L4xx_HAL_Driver/Src/stm32l4xx_hal_tim_ex.o
                0x08003788                HAL_TIMEx_CommutCallback
 .text.HAL_TIMEx_BreakCallback
                0x0800379c       0x14 ./Drivers/STM32L4xx_HAL_Driver/Src/stm32l4xx_hal_tim_ex.o
                0x0800379c                HAL_TIMEx_BreakCallback
 .text.HAL_TIMEx_Break2Callback
                0x080037b0       0x14 ./Drivers/STM32L4xx_HAL_Driver/Src/stm32l4xx_hal_tim_ex.o
                0x080037b0                HAL_TIMEx_Break2Callback
 .text.HAL_UART_Init
                0x080037c4       0x9c ./Drivers/STM32L4xx_HAL_Driver/Src/stm32l4xx_hal_uart.o
                0x080037c4                HAL_UART_Init
 .text.HAL_UART_Transmit
                0x08003860      0x112 ./Drivers/STM32L4xx_HAL_Driver/Src/stm32l4xx_hal_uart.o
                0x08003860                HAL_UART_Transmit
 *fill*         0x08003972        0x2 
 .text.UART_SetConfig
                0x08003974      0x570 ./Drivers/STM32L4xx_HAL_Driver/Src/stm32l4xx_hal_uart.o
                0x08003974                UART_SetConfig
 .text.UART_AdvFeatureConfig
                0x08003ee4      0x144 ./Drivers/STM32L4xx_HAL_Driver/Src/stm32l4xx_hal_uart.o
                0x08003ee4                UART_AdvFeatureConfig
 .text.UART_CheckIdleState
                0x08004028      0x150 ./Drivers/STM32L4xx_HAL_Driver/Src/stm32l4xx_hal_uart.o
                0x08004028                UART_CheckIdleState
 .text.UART_WaitOnFlagUntilTimeout
                0x08004178       0xce ./Drivers/STM32L4xx_HAL_Driver/Src/stm32l4xx_hal_uart.o
                0x08004178                UART_WaitOnFlagUntilTimeout
 .text.UART_EndRxTransfer
                0x08004246       0xc8 ./Drivers/STM32L4xx_HAL_Driver/Src/stm32l4xx_hal_uart.o
 *fill*         0x0800430e        0x2 
 .text.__NVIC_SetPriority
                0x08004310       0x54 ./Middlewares/Third_Party/FreeRTOS/Source/CMSIS_RTOS_V2/cmsis_os2.o
 .text.SysTick_Handler
                0x08004364       0x20 ./Middlewares/Third_Party/FreeRTOS/Source/CMSIS_RTOS_V2/cmsis_os2.o
                0x08004364                SysTick_Handler
 .text.SVC_Setup
                0x08004384       0x12 ./Middlewares/Third_Party/FreeRTOS/Source/CMSIS_RTOS_V2/cmsis_os2.o
 *fill*         0x08004396        0x2 
 .text.osKernelInitialize
                0x08004398       0x48 ./Middlewares/Third_Party/FreeRTOS/Source/CMSIS_RTOS_V2/cmsis_os2.o
                0x08004398                osKernelInitialize
 .text.osKernelStart
                0x080043e0       0x4c ./Middlewares/Third_Party/FreeRTOS/Source/CMSIS_RTOS_V2/cmsis_os2.o
                0x080043e0                osKernelStart
 .text.osThreadNew
                0x0800442c      0x124 ./Middlewares/Third_Party/FreeRTOS/Source/CMSIS_RTOS_V2/cmsis_os2.o
                0x0800442c                osThreadNew
 .text.osDelay  0x08004550       0x36 ./Middlewares/Third_Party/FreeRTOS/Source/CMSIS_RTOS_V2/cmsis_os2.o
                0x08004550                osDelay
 .text.TimerCallback
                0x08004586       0x2a ./Middlewares/Third_Party/FreeRTOS/Source/CMSIS_RTOS_V2/cmsis_os2.o
 .text.osTimerNew
                0x080045b0       0xf8 ./Middlewares/Third_Party/FreeRTOS/Source/CMSIS_RTOS_V2/cmsis_os2.o
                0x080045b0                osTimerNew
 .text.osTimerStart
                0x080046a8       0x5c ./Middlewares/Third_Party/FreeRTOS/Source/CMSIS_RTOS_V2/cmsis_os2.o
                0x080046a8                osTimerStart
 .text.osTimerStop
                0x08004704       0x6e ./Middlewares/Third_Party/FreeRTOS/Source/CMSIS_RTOS_V2/cmsis_os2.o
                0x08004704                osTimerStop
 .text.osTimerIsRunning
                0x08004772       0x38 ./Middlewares/Third_Party/FreeRTOS/Source/CMSIS_RTOS_V2/cmsis_os2.o
                0x08004772                osTimerIsRunning
 .text.osMutexNew
                0x080047aa      0x10c ./Middlewares/Third_Party/FreeRTOS/Source/CMSIS_RTOS_V2/cmsis_os2.o
                0x080047aa                osMutexNew
 .text.osMutexAcquire
                0x080048b6       0x96 ./Middlewares/Third_Party/FreeRTOS/Source/CMSIS_RTOS_V2/cmsis_os2.o
                0x080048b6                osMutexAcquire
 .text.osMutexRelease
                0x0800494c       0x7a ./Middlewares/Third_Party/FreeRTOS/Source/CMSIS_RTOS_V2/cmsis_os2.o
                0x0800494c                osMutexRelease
 .text.osSemaphoreNew
                0x080049c6      0x112 ./Middlewares/Third_Party/FreeRTOS/Source/CMSIS_RTOS_V2/cmsis_os2.o
                0x080049c6                osSemaphoreNew
 .text.osSemaphoreAcquire
                0x08004ad8       0xa4 ./Middlewares/Third_Party/FreeRTOS/Source/CMSIS_RTOS_V2/cmsis_os2.o
                0x08004ad8                osSemaphoreAcquire
 .text.osSemaphoreRelease
                0x08004b7c       0x88 ./Middlewares/Third_Party/FreeRTOS/Source/CMSIS_RTOS_V2/cmsis_os2.o
                0x08004b7c                osSemaphoreRelease
 .text.vApplicationGetIdleTaskMemory
                0x08004c04       0x34 ./Middlewares/Third_Party/FreeRTOS/Source/CMSIS_RTOS_V2/cmsis_os2.o
                0x08004c04                vApplicationGetIdleTaskMemory
 .text.vApplicationGetTimerTaskMemory
                0x08004c38       0x34 ./Middlewares/Third_Party/FreeRTOS/Source/CMSIS_RTOS_V2/cmsis_os2.o
                0x08004c38                vApplicationGetTimerTaskMemory
 .text.vListInitialise
                0x08004c6c       0x40 ./Middlewares/Third_Party/FreeRTOS/Source/list.o
                0x08004c6c                vListInitialise
 .text.vListInitialiseItem
                0x08004cac       0x1a ./Middlewares/Third_Party/FreeRTOS/Source/list.o
                0x08004cac                vListInitialiseItem
 .text.vListInsertEnd
                0x08004cc6       0x48 ./Middlewares/Third_Party/FreeRTOS/Source/list.o
                0x08004cc6                vListInsertEnd
 .text.vListInsert
                0x08004d0e       0x72 ./Middlewares/Third_Party/FreeRTOS/Source/list.o
                0x08004d0e                vListInsert
 .text.uxListRemove
                0x08004d80       0x54 ./Middlewares/Third_Party/FreeRTOS/Source/list.o
                0x08004d80                uxListRemove
 .text.xQueueGenericReset
                0x08004dd4       0xd4 ./Middlewares/Third_Party/FreeRTOS/Source/queue.o
                0x08004dd4                xQueueGenericReset
 .text.xQueueGenericCreateStatic
                0x08004ea8       0xfa ./Middlewares/Third_Party/FreeRTOS/Source/queue.o
                0x08004ea8                xQueueGenericCreateStatic
 .text.xQueueGenericCreate
                0x08004fa2       0x76 ./Middlewares/Third_Party/FreeRTOS/Source/queue.o
                0x08004fa2                xQueueGenericCreate
 .text.prvInitialiseNewQueue
                0x08005018       0x46 ./Middlewares/Third_Party/FreeRTOS/Source/queue.o
 .text.prvInitialiseMutex
                0x0800505e       0x34 ./Middlewares/Third_Party/FreeRTOS/Source/queue.o
 .text.xQueueCreateMutex
                0x08005092       0x30 ./Middlewares/Third_Party/FreeRTOS/Source/queue.o
                0x08005092                xQueueCreateMutex
 .text.xQueueCreateMutexStatic
                0x080050c2       0x36 ./Middlewares/Third_Party/FreeRTOS/Source/queue.o
                0x080050c2                xQueueCreateMutexStatic
 .text.xQueueGiveMutexRecursive
                0x080050f8       0x6a ./Middlewares/Third_Party/FreeRTOS/Source/queue.o
                0x080050f8                xQueueGiveMutexRecursive
 .text.xQueueTakeMutexRecursive
                0x08005162       0x6e ./Middlewares/Third_Party/FreeRTOS/Source/queue.o
                0x08005162                xQueueTakeMutexRecursive
 .text.xQueueCreateCountingSemaphoreStatic
                0x080051d0       0x72 ./Middlewares/Third_Party/FreeRTOS/Source/queue.o
                0x080051d0                xQueueCreateCountingSemaphoreStatic
 .text.xQueueCreateCountingSemaphore
                0x08005242       0x6a ./Middlewares/Third_Party/FreeRTOS/Source/queue.o
                0x08005242                xQueueCreateCountingSemaphore
 .text.xQueueGenericSend
                0x080052ac      0x204 ./Middlewares/Third_Party/FreeRTOS/Source/queue.o
                0x080052ac                xQueueGenericSend
 .text.xQueueGenericSendFromISR
                0x080054b0      0x13c ./Middlewares/Third_Party/FreeRTOS/Source/queue.o
                0x080054b0                xQueueGenericSendFromISR
 .text.xQueueGiveFromISR
                0x080055ec      0x120 ./Middlewares/Third_Party/FreeRTOS/Source/queue.o
                0x080055ec                xQueueGiveFromISR
 .text.xQueueReceive
                0x0800570c      0x1c4 ./Middlewares/Third_Party/FreeRTOS/Source/queue.o
                0x0800570c                xQueueReceive
 .text.xQueueSemaphoreTake
                0x080058d0      0x220 ./Middlewares/Third_Party/FreeRTOS/Source/queue.o
                0x080058d0                xQueueSemaphoreTake
 .text.xQueueReceiveFromISR
                0x08005af0      0x104 ./Middlewares/Third_Party/FreeRTOS/Source/queue.o
                0x08005af0                xQueueReceiveFromISR
 .text.vQueueDelete
                0x08005bf4       0x48 ./Middlewares/Third_Party/FreeRTOS/Source/queue.o
                0x08005bf4                vQueueDelete
 .text.prvGetDisinheritPriorityAfterTimeout
                0x08005c3c       0x30 ./Middlewares/Third_Party/FreeRTOS/Source/queue.o
 .text.prvCopyDataToQueue
                0x08005c6c       0xd4 ./Middlewares/Third_Party/FreeRTOS/Source/queue.o
 .text.prvCopyDataFromQueue
                0x08005d40       0x4c ./Middlewares/Third_Party/FreeRTOS/Source/queue.o
 .text.prvUnlockQueue
                0x08005d8c       0xa4 ./Middlewares/Third_Party/FreeRTOS/Source/queue.o
 .text.prvIsQueueEmpty
                0x08005e30       0x2c ./Middlewares/Third_Party/FreeRTOS/Source/queue.o
 .text.prvIsQueueFull
                0x08005e5c       0x30 ./Middlewares/Third_Party/FreeRTOS/Source/queue.o
 .text.vQueueAddToRegistry
                0x08005e8c       0x54 ./Middlewares/Third_Party/FreeRTOS/Source/queue.o
                0x08005e8c                vQueueAddToRegistry
 .text.vQueueUnregisterQueue
                0x08005ee0       0x54 ./Middlewares/Third_Party/FreeRTOS/Source/queue.o
                0x08005ee0                vQueueUnregisterQueue
 .text.vQueueWaitForMessageRestricted
                0x08005f34       0x68 ./Middlewares/Third_Party/FreeRTOS/Source/queue.o
                0x08005f34                vQueueWaitForMessageRestricted
 .text.xTaskCreateStatic
                0x08005f9c       0xc0 ./Middlewares/Third_Party/FreeRTOS/Source/tasks.o
                0x08005f9c                xTaskCreateStatic
 .text.xTaskCreate
                0x0800605c       0x8a ./Middlewares/Third_Party/FreeRTOS/Source/tasks.o
                0x0800605c                xTaskCreate
 *fill*         0x080060e6        0x2 
 .text.prvInitialiseNewTask
                0x080060e8      0x150 ./Middlewares/Third_Party/FreeRTOS/Source/tasks.o
 .text.prvAddNewTaskToReadyList
                0x08006238       0xe0 ./Middlewares/Third_Party/FreeRTOS/Source/tasks.o
 .text.vTaskDelay
                0x08006318       0x6c ./Middlewares/Third_Party/FreeRTOS/Source/tasks.o
                0x08006318                vTaskDelay
 .text.vTaskStartScheduler
                0x08006384       0xe0 ./Middlewares/Third_Party/FreeRTOS/Source/tasks.o
                0x08006384                vTaskStartScheduler
 .text.vTaskSuspendAll
                0x08006464       0x1c ./Middlewares/Third_Party/FreeRTOS/Source/tasks.o
                0x08006464                vTaskSuspendAll
 .text.xTaskResumeAll
                0x08006480      0x13c ./Middlewares/Third_Party/FreeRTOS/Source/tasks.o
                0x08006480                xTaskResumeAll
 .text.xTaskGetTickCount
                0x080065bc       0x20 ./Middlewares/Third_Party/FreeRTOS/Source/tasks.o
                0x080065bc                xTaskGetTickCount
 .text.xTaskIncrementTick
                0x080065dc      0x174 ./Middlewares/Third_Party/FreeRTOS/Source/tasks.o
                0x080065dc                xTaskIncrementTick
 .text.vTaskSwitchContext
                0x08006750       0xcc ./Middlewares/Third_Party/FreeRTOS/Source/tasks.o
                0x08006750                vTaskSwitchContext
 .text.vTaskPlaceOnEventList
                0x0800681c       0x4c ./Middlewares/Third_Party/FreeRTOS/Source/tasks.o
                0x0800681c                vTaskPlaceOnEventList
 .text.vTaskPlaceOnEventListRestricted
                0x08006868       0x58 ./Middlewares/Third_Party/FreeRTOS/Source/tasks.o
                0x08006868                vTaskPlaceOnEventListRestricted
 .text.xTaskRemoveFromEventList
                0x080068c0       0xc8 ./Middlewares/Third_Party/FreeRTOS/Source/tasks.o
                0x080068c0                xTaskRemoveFromEventList
 .text.vTaskInternalSetTimeOutState
                0x08006988       0x2c ./Middlewares/Third_Party/FreeRTOS/Source/tasks.o
                0x08006988                vTaskInternalSetTimeOutState
 .text.xTaskCheckForTimeOut
                0x080069b4       0xc8 ./Middlewares/Third_Party/FreeRTOS/Source/tasks.o
                0x080069b4                xTaskCheckForTimeOut
 .text.vTaskMissedYield
                0x08006a7c       0x18 ./Middlewares/Third_Party/FreeRTOS/Source/tasks.o
                0x08006a7c                vTaskMissedYield
 .text.prvIdleTask
                0x08006a94       0x30 ./Middlewares/Third_Party/FreeRTOS/Source/tasks.o
 .text.prvInitialiseTaskLists
                0x08006ac4       0x80 ./Middlewares/Third_Party/FreeRTOS/Source/tasks.o
 .text.prvCheckTasksWaitingTermination
                0x08006b44       0x5c ./Middlewares/Third_Party/FreeRTOS/Source/tasks.o
 .text.prvDeleteTCB
                0x08006ba0       0x6a ./Middlewares/Third_Party/FreeRTOS/Source/tasks.o
 *fill*         0x08006c0a        0x2 
 .text.prvResetNextTaskUnblockTime
                0x08006c0c       0x40 ./Middlewares/Third_Party/FreeRTOS/Source/tasks.o
 .text.xTaskGetCurrentTaskHandle
                0x08006c4c       0x20 ./Middlewares/Third_Party/FreeRTOS/Source/tasks.o
                0x08006c4c                xTaskGetCurrentTaskHandle
 .text.xTaskGetSchedulerState
                0x08006c6c       0x3c ./Middlewares/Third_Party/FreeRTOS/Source/tasks.o
                0x08006c6c                xTaskGetSchedulerState
 .text.xTaskPriorityInherit
                0x08006ca8       0xd0 ./Middlewares/Third_Party/FreeRTOS/Source/tasks.o
                0x08006ca8                xTaskPriorityInherit
 .text.xTaskPriorityDisinherit
                0x08006d78       0xe0 ./Middlewares/Third_Party/FreeRTOS/Source/tasks.o
                0x08006d78                xTaskPriorityDisinherit
 .text.vTaskPriorityDisinheritAfterTimeout
                0x08006e58      0x108 ./Middlewares/Third_Party/FreeRTOS/Source/tasks.o
                0x08006e58                vTaskPriorityDisinheritAfterTimeout
 .text.pvTaskIncrementMutexHeldCount
                0x08006f60       0x28 ./Middlewares/Third_Party/FreeRTOS/Source/tasks.o
                0x08006f60                pvTaskIncrementMutexHeldCount
 .text.xTaskNotifyWait
                0x08006f88       0xc0 ./Middlewares/Third_Party/FreeRTOS/Source/tasks.o
                0x08006f88                xTaskNotifyWait
 .text.xTaskGenericNotifyFromISR
                0x08007048      0x1cc ./Middlewares/Third_Party/FreeRTOS/Source/tasks.o
                0x08007048                xTaskGenericNotifyFromISR
 .text.prvAddCurrentTaskToDelayedList
                0x08007214       0xa8 ./Middlewares/Third_Party/FreeRTOS/Source/tasks.o
 .text.xTimerCreateTimerTask
                0x080072bc       0x94 ./Middlewares/Third_Party/FreeRTOS/Source/timers.o
                0x080072bc                xTimerCreateTimerTask
 .text.xTimerCreate
                0x08007350       0x42 ./Middlewares/Third_Party/FreeRTOS/Source/timers.o
                0x08007350                xTimerCreate
 .text.xTimerCreateStatic
                0x08007392       0x80 ./Middlewares/Third_Party/FreeRTOS/Source/timers.o
                0x08007392                xTimerCreateStatic
 .text.prvInitialiseNewTimer
                0x08007412       0x78 ./Middlewares/Third_Party/FreeRTOS/Source/timers.o
 *fill*         0x0800748a        0x2 
 .text.xTimerGenericCommand
                0x0800748c       0x9c ./Middlewares/Third_Party/FreeRTOS/Source/timers.o
                0x0800748c                xTimerGenericCommand
 .text.prvProcessExpiredTimer
                0x08007528       0x9c ./Middlewares/Third_Party/FreeRTOS/Source/timers.o
 .text.prvTimerTask
                0x080075c4       0x26 ./Middlewares/Third_Party/FreeRTOS/Source/timers.o
 *fill*         0x080075ea        0x2 
 .text.prvProcessTimerOrBlockTask
                0x080075ec       0x9c ./Middlewares/Third_Party/FreeRTOS/Source/timers.o
 .text.prvGetNextExpireTime
                0x08007688       0x48 ./Middlewares/Third_Party/FreeRTOS/Source/timers.o
 .text.prvSampleTimeNow
                0x080076d0       0x40 ./Middlewares/Third_Party/FreeRTOS/Source/timers.o
 .text.prvInsertTimerInActiveList
                0x08007710       0x84 ./Middlewares/Third_Party/FreeRTOS/Source/timers.o
 .text.prvProcessReceivedCommands
                0x08007794      0x1cc ./Middlewares/Third_Party/FreeRTOS/Source/timers.o
 .text.prvSwitchTimerLists
                0x08007960       0xcc ./Middlewares/Third_Party/FreeRTOS/Source/timers.o
 .text.prvCheckForValidListAndQueue
                0x08007a2c       0x80 ./Middlewares/Third_Party/FreeRTOS/Source/timers.o
 .text.xTimerIsTimerActive
                0x08007aac       0x54 ./Middlewares/Third_Party/FreeRTOS/Source/timers.o
                0x08007aac                xTimerIsTimerActive
 .text.pvTimerGetTimerID
                0x08007b00       0x42 ./Middlewares/Third_Party/FreeRTOS/Source/timers.o
                0x08007b00                pvTimerGetTimerID
 *fill*         0x08007b42        0x2 
 .text.pxPortInitialiseStack
                0x08007b44       0x68 ./Middlewares/Third_Party/FreeRTOS/Source/portable/GCC/ARM_CM4F/port.o
                0x08007b44                pxPortInitialiseStack
 .text.prvTaskExitError
                0x08007bac       0x5c ./Middlewares/Third_Party/FreeRTOS/Source/portable/GCC/ARM_CM4F/port.o
 *fill*         0x08007c08        0x8 
 .text.SVC_Handler
                0x08007c10       0x28 ./Middlewares/Third_Party/FreeRTOS/Source/portable/GCC/ARM_CM4F/port.o
                0x08007c10                SVC_Handler
 .text.prvPortStartFirstTask
                0x08007c38       0x28 ./Middlewares/Third_Party/FreeRTOS/Source/portable/GCC/ARM_CM4F/port.o
 .text.xPortStartScheduler
                0x08007c60      0x148 ./Middlewares/Third_Party/FreeRTOS/Source/portable/GCC/ARM_CM4F/port.o
                0x08007c60                xPortStartScheduler
 .text.vPortEnterCritical
                0x08007da8       0x64 ./Middlewares/Third_Party/FreeRTOS/Source/portable/GCC/ARM_CM4F/port.o
                0x08007da8                vPortEnterCritical
 .text.vPortExitCritical
                0x08007e0c       0x54 ./Middlewares/Third_Party/FreeRTOS/Source/portable/GCC/ARM_CM4F/port.o
                0x08007e0c                vPortExitCritical
 .text.PendSV_Handler
                0x08007e60       0x68 ./Middlewares/Third_Party/FreeRTOS/Source/portable/GCC/ARM_CM4F/port.o
                0x08007e60                PendSV_Handler
 .text.xPortSysTickHandler
                0x08007ec8       0x44 ./Middlewares/Third_Party/FreeRTOS/Source/portable/GCC/ARM_CM4F/port.o
                0x08007ec8                xPortSysTickHandler
 .text.vPortSetupTimerInterrupt
                0x08007f0c       0x48 ./Middlewares/Third_Party/FreeRTOS/Source/portable/GCC/ARM_CM4F/port.o
                0x08007f0c                vPortSetupTimerInterrupt
 .text.vPortEnableVFP
                0x08007f54       0x14 ./Middlewares/Third_Party/FreeRTOS/Source/portable/GCC/ARM_CM4F/port.o
 .text.vPortValidateInterruptPriority
                0x08007f68       0x84 ./Middlewares/Third_Party/FreeRTOS/Source/portable/GCC/ARM_CM4F/port.o
                0x08007f68                vPortValidateInterruptPriority
 .text.pvPortMalloc
                0x08007fec      0x19c ./Middlewares/Third_Party/FreeRTOS/Source/portable/MemMang/heap_4.o
                0x08007fec                pvPortMalloc
 .text.vPortFree
                0x08008188       0xc8 ./Middlewares/Third_Party/FreeRTOS/Source/portable/MemMang/heap_4.o
                0x08008188                vPortFree
 .text.prvHeapInit
                0x08008250       0xc4 ./Middlewares/Third_Party/FreeRTOS/Source/portable/MemMang/heap_4.o
 .text.prvInsertBlockIntoFreeList
                0x08008314       0xb4 ./Middlewares/Third_Party/FreeRTOS/Source/portable/MemMang/heap_4.o
 .text.rand     0x080083c8       0x7c C:/ST/STM32CubeIDE_1.13.1/STM32CubeIDE/plugins/com.st.stm32cube.ide.mcu.externaltools.gnu-tools-for-stm32.12.3.rel1.win32_1.1.0.202410251130/tools/bin/../lib/gcc/arm-none-eabi/12.3.1/../../../../arm-none-eabi/lib/thumb/v7e-m+fp/hard\libc_nano.a(libc_a-rand.o)
                0x080083c8                rand
 .text.std      0x08008444       0x6c C:/ST/STM32CubeIDE_1.13.1/STM32CubeIDE/plugins/com.st.stm32cube.ide.mcu.externaltools.gnu-tools-for-stm32.12.3.rel1.win32_1.1.0.202410251130/tools/bin/../lib/gcc/arm-none-eabi/12.3.1/../../../../arm-none-eabi/lib/thumb/v7e-m+fp/hard\libc_nano.a(libc_a-findfp.o)
 .text.stdio_exit_handler
                0x080084b0       0x18 C:/ST/STM32CubeIDE_1.13.1/STM32CubeIDE/plugins/com.st.stm32cube.ide.mcu.externaltools.gnu-tools-for-stm32.12.3.rel1.win32_1.1.0.202410251130/tools/bin/../lib/gcc/arm-none-eabi/12.3.1/../../../../arm-none-eabi/lib/thumb/v7e-m+fp/hard\libc_nano.a(libc_a-findfp.o)
 .text.cleanup_stdio
                0x080084c8       0x40 C:/ST/STM32CubeIDE_1.13.1/STM32CubeIDE/plugins/com.st.stm32cube.ide.mcu.externaltools.gnu-tools-for-stm32.12.3.rel1.win32_1.1.0.202410251130/tools/bin/../lib/gcc/arm-none-eabi/12.3.1/../../../../arm-none-eabi/lib/thumb/v7e-m+fp/hard\libc_nano.a(libc_a-findfp.o)
 .text.global_stdio_init.part.0
                0x08008508       0x3c C:/ST/STM32CubeIDE_1.13.1/STM32CubeIDE/plugins/com.st.stm32cube.ide.mcu.externaltools.gnu-tools-for-stm32.12.3.rel1.win32_1.1.0.202410251130/tools/bin/../lib/gcc/arm-none-eabi/12.3.1/../../../../arm-none-eabi/lib/thumb/v7e-m+fp/hard\libc_nano.a(libc_a-findfp.o)
 .text.__sfp_lock_acquire
                0x08008544        0xc C:/ST/STM32CubeIDE_1.13.1/STM32CubeIDE/plugins/com.st.stm32cube.ide.mcu.externaltools.gnu-tools-for-stm32.12.3.rel1.win32_1.1.0.202410251130/tools/bin/../lib/gcc/arm-none-eabi/12.3.1/../../../../arm-none-eabi/lib/thumb/v7e-m+fp/hard\libc_nano.a(libc_a-findfp.o)
                0x08008544                __sfp_lock_acquire
 .text.__sfp_lock_release
                0x08008550        0xc C:/ST/STM32CubeIDE_1.13.1/STM32CubeIDE/plugins/com.st.stm32cube.ide.mcu.externaltools.gnu-tools-for-stm32.12.3.rel1.win32_1.1.0.202410251130/tools/bin/../lib/gcc/arm-none-eabi/12.3.1/../../../../arm-none-eabi/lib/thumb/v7e-m+fp/hard\libc_nano.a(libc_a-findfp.o)
                0x08008550                __sfp_lock_release
 .text.__sinit  0x0800855c       0x30 C:/ST/STM32CubeIDE_1.13.1/STM32CubeIDE/plugins/com.st.stm32cube.ide.mcu.externaltools.gnu-tools-for-stm32.12.3.rel1.win32_1.1.0.202410251130/tools/bin/../lib/gcc/arm-none-eabi/12.3.1/../../../../arm-none-eabi/lib/thumb/v7e-m+fp/hard\libc_nano.a(libc_a-findfp.o)
                0x0800855c                __sinit
 .text._fwalk_sglue
                0x0800858c       0x3c C:/ST/STM32CubeIDE_1.13.1/STM32CubeIDE/plugins/com.st.stm32cube.ide.mcu.externaltools.gnu-tools-for-stm32.12.3.rel1.win32_1.1.0.202410251130/tools/bin/../lib/gcc/arm-none-eabi/12.3.1/../../../../arm-none-eabi/lib/thumb/v7e-m+fp/hard\libc_nano.a(libc_a-fwalk.o)
                0x0800858c                _fwalk_sglue
 .text.printf   0x080085c8       0x24 C:/ST/STM32CubeIDE_1.13.1/STM32CubeIDE/plugins/com.st.stm32cube.ide.mcu.externaltools.gnu-tools-for-stm32.12.3.rel1.win32_1.1.0.202410251130/tools/bin/../lib/gcc/arm-none-eabi/12.3.1/../../../../arm-none-eabi/lib/thumb/v7e-m+fp/hard\libc_nano.a(libc_a-printf.o)
                0x080085c8                iprintf
                0x080085c8                printf
 .text.__sread  0x080085ec       0x22 C:/ST/STM32CubeIDE_1.13.1/STM32CubeIDE/plugins/com.st.stm32cube.ide.mcu.externaltools.gnu-tools-for-stm32.12.3.rel1.win32_1.1.0.202410251130/tools/bin/../lib/gcc/arm-none-eabi/12.3.1/../../../../arm-none-eabi/lib/thumb/v7e-m+fp/hard\libc_nano.a(libc_a-stdio.o)
                0x080085ec                __sread
 .text.__swrite
                0x0800860e       0x38 C:/ST/STM32CubeIDE_1.13.1/STM32CubeIDE/plugins/com.st.stm32cube.ide.mcu.externaltools.gnu-tools-for-stm32.12.3.rel1.win32_1.1.0.202410251130/tools/bin/../lib/gcc/arm-none-eabi/12.3.1/../../../../arm-none-eabi/lib/thumb/v7e-m+fp/hard\libc_nano.a(libc_a-stdio.o)
                0x0800860e                __swrite
 .text.__sseek  0x08008646       0x24 C:/ST/STM32CubeIDE_1.13.1/STM32CubeIDE/plugins/com.st.stm32cube.ide.mcu.externaltools.gnu-tools-for-stm32.12.3.rel1.win32_1.1.0.202410251130/tools/bin/../lib/gcc/arm-none-eabi/12.3.1/../../../../arm-none-eabi/lib/thumb/v7e-m+fp/hard\libc_nano.a(libc_a-stdio.o)
                0x08008646                __sseek
 .text.__sclose
                0x0800866a        0x8 C:/ST/STM32CubeIDE_1.13.1/STM32CubeIDE/plugins/com.st.stm32cube.ide.mcu.externaltools.gnu-tools-for-stm32.12.3.rel1.win32_1.1.0.202410251130/tools/bin/../lib/gcc/arm-none-eabi/12.3.1/../../../../arm-none-eabi/lib/thumb/v7e-m+fp/hard\libc_nano.a(libc_a-stdio.o)
                0x0800866a                __sclose
 .text.memset   0x08008672       0x10 C:/ST/STM32CubeIDE_1.13.1/STM32CubeIDE/plugins/com.st.stm32cube.ide.mcu.externaltools.gnu-tools-for-stm32.12.3.rel1.win32_1.1.0.202410251130/tools/bin/../lib/gcc/arm-none-eabi/12.3.1/../../../../arm-none-eabi/lib/thumb/v7e-m+fp/hard\libc_nano.a(libc_a-memset.o)
                0x08008672                memset
 *fill*         0x08008682        0x2 
 .text._close_r
                0x08008684       0x20 C:/ST/STM32CubeIDE_1.13.1/STM32CubeIDE/plugins/com.st.stm32cube.ide.mcu.externaltools.gnu-tools-for-stm32.12.3.rel1.win32_1.1.0.202410251130/tools/bin/../lib/gcc/arm-none-eabi/12.3.1/../../../../arm-none-eabi/lib/thumb/v7e-m+fp/hard\libc_nano.a(libc_a-closer.o)
                0x08008684                _close_r
 .text._reclaim_reent
                0x080086a4       0xac C:/ST/STM32CubeIDE_1.13.1/STM32CubeIDE/plugins/com.st.stm32cube.ide.mcu.externaltools.gnu-tools-for-stm32.12.3.rel1.win32_1.1.0.202410251130/tools/bin/../lib/gcc/arm-none-eabi/12.3.1/../../../../arm-none-eabi/lib/thumb/v7e-m+fp/hard\libc_nano.a(libc_a-reent.o)
                0x080086a4                _reclaim_reent
 .text._lseek_r
                0x08008750       0x24 C:/ST/STM32CubeIDE_1.13.1/STM32CubeIDE/plugins/com.st.stm32cube.ide.mcu.externaltools.gnu-tools-for-stm32.12.3.rel1.win32_1.1.0.202410251130/tools/bin/../lib/gcc/arm-none-eabi/12.3.1/../../../../arm-none-eabi/lib/thumb/v7e-m+fp/hard\libc_nano.a(libc_a-lseekr.o)
                0x08008750                _lseek_r
 .text._read_r  0x08008774       0x24 C:/ST/STM32CubeIDE_1.13.1/STM32CubeIDE/plugins/com.st.stm32cube.ide.mcu.externaltools.gnu-tools-for-stm32.12.3.rel1.win32_1.1.0.202410251130/tools/bin/../lib/gcc/arm-none-eabi/12.3.1/../../../../arm-none-eabi/lib/thumb/v7e-m+fp/hard\libc_nano.a(libc_a-readr.o)
                0x08008774                _read_r
 .text._write_r
                0x08008798       0x24 C:/ST/STM32CubeIDE_1.13.1/STM32CubeIDE/plugins/com.st.stm32cube.ide.mcu.externaltools.gnu-tools-for-stm32.12.3.rel1.win32_1.1.0.202410251130/tools/bin/../lib/gcc/arm-none-eabi/12.3.1/../../../../arm-none-eabi/lib/thumb/v7e-m+fp/hard\libc_nano.a(libc_a-writer.o)
                0x08008798                _write_r
 .text.__errno  0x080087bc        0xc C:/ST/STM32CubeIDE_1.13.1/STM32CubeIDE/plugins/com.st.stm32cube.ide.mcu.externaltools.gnu-tools-for-stm32.12.3.rel1.win32_1.1.0.202410251130/tools/bin/../lib/gcc/arm-none-eabi/12.3.1/../../../../arm-none-eabi/lib/thumb/v7e-m+fp/hard\libc_nano.a(libc_a-errno.o)
                0x080087bc                __errno
 .text.__libc_init_array
                0x080087c8       0x48 C:/ST/STM32CubeIDE_1.13.1/STM32CubeIDE/plugins/com.st.stm32cube.ide.mcu.externaltools.gnu-tools-for-stm32.12.3.rel1.win32_1.1.0.202410251130/tools/bin/../lib/gcc/arm-none-eabi/12.3.1/../../../../arm-none-eabi/lib/thumb/v7e-m+fp/hard\libc_nano.a(libc_a-init.o)
                0x080087c8                __libc_init_array
 .text.__retarget_lock_init_recursive
                0x08008810        0x2 C:/ST/STM32CubeIDE_1.13.1/STM32CubeIDE/plugins/com.st.stm32cube.ide.mcu.externaltools.gnu-tools-for-stm32.12.3.rel1.win32_1.1.0.202410251130/tools/bin/../lib/gcc/arm-none-eabi/12.3.1/../../../../arm-none-eabi/lib/thumb/v7e-m+fp/hard\libc_nano.a(libc_a-lock.o)
                0x08008810                __retarget_lock_init_recursive
 .text.__retarget_lock_acquire_recursive
                0x08008812        0x2 C:/ST/STM32CubeIDE_1.13.1/STM32CubeIDE/plugins/com.st.stm32cube.ide.mcu.externaltools.gnu-tools-for-stm32.12.3.rel1.win32_1.1.0.202410251130/tools/bin/../lib/gcc/arm-none-eabi/12.3.1/../../../../arm-none-eabi/lib/thumb/v7e-m+fp/hard\libc_nano.a(libc_a-lock.o)
                0x08008812                __retarget_lock_acquire_recursive
 .text.__retarget_lock_release_recursive
                0x08008814        0x2 C:/ST/STM32CubeIDE_1.13.1/STM32CubeIDE/plugins/com.st.stm32cube.ide.mcu.externaltools.gnu-tools-for-stm32.12.3.rel1.win32_1.1.0.202410251130/tools/bin/../lib/gcc/arm-none-eabi/12.3.1/../../../../arm-none-eabi/lib/thumb/v7e-m+fp/hard\libc_nano.a(libc_a-lock.o)
                0x08008814                __retarget_lock_release_recursive
 .text.memcpy   0x08008816       0x1c C:/ST/STM32CubeIDE_1.13.1/STM32CubeIDE/plugins/com.st.stm32cube.ide.mcu.externaltools.gnu-tools-for-stm32.12.3.rel1.win32_1.1.0.202410251130/tools/bin/../lib/gcc/arm-none-eabi/12.3.1/../../../../arm-none-eabi/lib/thumb/v7e-m+fp/hard\libc_nano.a(libc_a-memcpy-stub.o)
                0x08008816                memcpy
 *fill*         0x08008832        0x2 
 .text.__assert_func
                0x08008834       0x3c C:/ST/STM32CubeIDE_1.13.1/STM32CubeIDE/plugins/com.st.stm32cube.ide.mcu.externaltools.gnu-tools-for-stm32.12.3.rel1.win32_1.1.0.202410251130/tools/bin/../lib/gcc/arm-none-eabi/12.3.1/../../../../arm-none-eabi/lib/thumb/v7e-m+fp/hard\libc_nano.a(libc_a-assert.o)
                0x08008834                __assert_func
 .text._free_r  0x08008870       0x94 C:/ST/STM32CubeIDE_1.13.1/STM32CubeIDE/plugins/com.st.stm32cube.ide.mcu.externaltools.gnu-tools-for-stm32.12.3.rel1.win32_1.1.0.202410251130/tools/bin/../lib/gcc/arm-none-eabi/12.3.1/../../../../arm-none-eabi/lib/thumb/v7e-m+fp/hard\libc_nano.a(libc_a-freer.o)
                0x08008870                _free_r
 .text.malloc   0x08008904       0x10 C:/ST/STM32CubeIDE_1.13.1/STM32CubeIDE/plugins/com.st.stm32cube.ide.mcu.externaltools.gnu-tools-for-stm32.12.3.rel1.win32_1.1.0.202410251130/tools/bin/../lib/gcc/arm-none-eabi/12.3.1/../../../../arm-none-eabi/lib/thumb/v7e-m+fp/hard\libc_nano.a(libc_a-malloc.o)
                0x08008904                malloc
 .text.sbrk_aligned
                0x08008914       0x44 C:/ST/STM32CubeIDE_1.13.1/STM32CubeIDE/plugins/com.st.stm32cube.ide.mcu.externaltools.gnu-tools-for-stm32.12.3.rel1.win32_1.1.0.202410251130/tools/bin/../lib/gcc/arm-none-eabi/12.3.1/../../../../arm-none-eabi/lib/thumb/v7e-m+fp/hard\libc_nano.a(libc_a-mallocr.o)
 .text._malloc_r
                0x08008958      0x100 C:/ST/STM32CubeIDE_1.13.1/STM32CubeIDE/plugins/com.st.stm32cube.ide.mcu.externaltools.gnu-tools-for-stm32.12.3.rel1.win32_1.1.0.202410251130/tools/bin/../lib/gcc/arm-none-eabi/12.3.1/../../../../arm-none-eabi/lib/thumb/v7e-m+fp/hard\libc_nano.a(libc_a-mallocr.o)
                0x08008958                _malloc_r
 .text.__malloc_lock
                0x08008a58        0xc C:/ST/STM32CubeIDE_1.13.1/STM32CubeIDE/plugins/com.st.stm32cube.ide.mcu.externaltools.gnu-tools-for-stm32.12.3.rel1.win32_1.1.0.202410251130/tools/bin/../lib/gcc/arm-none-eabi/12.3.1/../../../../arm-none-eabi/lib/thumb/v7e-m+fp/hard\libc_nano.a(libc_a-mlock.o)
                0x08008a58                __malloc_lock
 .text.__malloc_unlock
                0x08008a64        0xc C:/ST/STM32CubeIDE_1.13.1/STM32CubeIDE/plugins/com.st.stm32cube.ide.mcu.externaltools.gnu-tools-for-stm32.12.3.rel1.win32_1.1.0.202410251130/tools/bin/../lib/gcc/arm-none-eabi/12.3.1/../../../../arm-none-eabi/lib/thumb/v7e-m+fp/hard\libc_nano.a(libc_a-mlock.o)
                0x08008a64                __malloc_unlock
 .text.__sfputc_r
                0x08008a70       0x2e C:/ST/STM32CubeIDE_1.13.1/STM32CubeIDE/plugins/com.st.stm32cube.ide.mcu.externaltools.gnu-tools-for-stm32.12.3.rel1.win32_1.1.0.202410251130/tools/bin/../lib/gcc/arm-none-eabi/12.3.1/../../../../arm-none-eabi/lib/thumb/v7e-m+fp/hard\libc_nano.a(libc_a-nano-vfprintf.o)
 .text.__sfputs_r
                0x08008a9e       0x24 C:/ST/STM32CubeIDE_1.13.1/STM32CubeIDE/plugins/com.st.stm32cube.ide.mcu.externaltools.gnu-tools-for-stm32.12.3.rel1.win32_1.1.0.202410251130/tools/bin/../lib/gcc/arm-none-eabi/12.3.1/../../../../arm-none-eabi/lib/thumb/v7e-m+fp/hard\libc_nano.a(libc_a-nano-vfprintf.o)
                0x08008a9e                __sfputs_r
 *fill*         0x08008ac2        0x2 
 .text._vfprintf_r
                0x08008ac4      0x230 C:/ST/STM32CubeIDE_1.13.1/STM32CubeIDE/plugins/com.st.stm32cube.ide.mcu.externaltools.gnu-tools-for-stm32.12.3.rel1.win32_1.1.0.202410251130/tools/bin/../lib/gcc/arm-none-eabi/12.3.1/../../../../arm-none-eabi/lib/thumb/v7e-m+fp/hard\libc_nano.a(libc_a-nano-vfprintf.o)
                0x08008ac4                _vfprintf_r
                0x08008ac4                _vfiprintf_r
 .text._printf_common
                0x08008cf4       0xda C:/ST/STM32CubeIDE_1.13.1/STM32CubeIDE/plugins/com.st.stm32cube.ide.mcu.externaltools.gnu-tools-for-stm32.12.3.rel1.win32_1.1.0.202410251130/tools/bin/../lib/gcc/arm-none-eabi/12.3.1/../../../../arm-none-eabi/lib/thumb/v7e-m+fp/hard\libc_nano.a(libc_a-nano-vfprintf_i.o)
                0x08008cf4                _printf_common
 *fill*         0x08008dce        0x2 
 .text._printf_i
                0x08008dd0      0x240 C:/ST/STM32CubeIDE_1.13.1/STM32CubeIDE/plugins/com.st.stm32cube.ide.mcu.externaltools.gnu-tools-for-stm32.12.3.rel1.win32_1.1.0.202410251130/tools/bin/../lib/gcc/arm-none-eabi/12.3.1/../../../../arm-none-eabi/lib/thumb/v7e-m+fp/hard\libc_nano.a(libc_a-nano-vfprintf_i.o)
                0x08008dd0                _printf_i
 .text.__sflush_r
                0x08009010      0x108 C:/ST/STM32CubeIDE_1.13.1/STM32CubeIDE/plugins/com.st.stm32cube.ide.mcu.externaltools.gnu-tools-for-stm32.12.3.rel1.win32_1.1.0.202410251130/tools/bin/../lib/gcc/arm-none-eabi/12.3.1/../../../../arm-none-eabi/lib/thumb/v7e-m+fp/hard\libc_nano.a(libc_a-fflush.o)
                0x08009010                __sflush_r
 .text._fflush_r
                0x08009118       0x50 C:/ST/STM32CubeIDE_1.13.1/STM32CubeIDE/plugins/com.st.stm32cube.ide.mcu.externaltools.gnu-tools-for-stm32.12.3.rel1.win32_1.1.0.202410251130/tools/bin/../lib/gcc/arm-none-eabi/12.3.1/../../../../arm-none-eabi/lib/thumb/v7e-m+fp/hard\libc_nano.a(libc_a-fflush.o)
                0x08009118                _fflush_r
 .text.fprintf  0x08009168       0x24 C:/ST/STM32CubeIDE_1.13.1/STM32CubeIDE/plugins/com.st.stm32cube.ide.mcu.externaltools.gnu-tools-for-stm32.12.3.rel1.win32_1.1.0.202410251130/tools/bin/../lib/gcc/arm-none-eabi/12.3.1/../../../../arm-none-eabi/lib/thumb/v7e-m+fp/hard\libc_nano.a(libc_a-fprintf.o)
                0x08009168                fiprintf
                0x08009168                fprintf
 .text.__swbuf_r
                0x0800918c       0x7c C:/ST/STM32CubeIDE_1.13.1/STM32CubeIDE/plugins/com.st.stm32cube.ide.mcu.externaltools.gnu-tools-for-stm32.12.3.rel1.win32_1.1.0.202410251130/tools/bin/../lib/gcc/arm-none-eabi/12.3.1/../../../../arm-none-eabi/lib/thumb/v7e-m+fp/hard\libc_nano.a(libc_a-wbuf.o)
                0x0800918c                __swbuf_r
 .text.__swsetup_r
                0x08009208       0xac C:/ST/STM32CubeIDE_1.13.1/STM32CubeIDE/plugins/com.st.stm32cube.ide.mcu.externaltools.gnu-tools-for-stm32.12.3.rel1.win32_1.1.0.202410251130/tools/bin/../lib/gcc/arm-none-eabi/12.3.1/../../../../arm-none-eabi/lib/thumb/v7e-m+fp/hard\libc_nano.a(libc_a-wsetup.o)
                0x08009208                __swsetup_r
 .text._sbrk_r  0x080092b4       0x20 C:/ST/STM32CubeIDE_1.13.1/STM32CubeIDE/plugins/com.st.stm32cube.ide.mcu.externaltools.gnu-tools-for-stm32.12.3.rel1.win32_1.1.0.202410251130/tools/bin/../lib/gcc/arm-none-eabi/12.3.1/../../../../arm-none-eabi/lib/thumb/v7e-m+fp/hard\libc_nano.a(libc_a-sbrkr.o)
                0x080092b4                _sbrk_r
 .text.abort    0x080092d4        0xe C:/ST/STM32CubeIDE_1.13.1/STM32CubeIDE/plugins/com.st.stm32cube.ide.mcu.externaltools.gnu-tools-for-stm32.12.3.rel1.win32_1.1.0.202410251130/tools/bin/../lib/gcc/arm-none-eabi/12.3.1/../../../../arm-none-eabi/lib/thumb/v7e-m+fp/hard\libc_nano.a(libc_a-abort.o)
                0x080092d4                abort
 .text.__swhatbuf_r
                0x080092e2       0x4c C:/ST/STM32CubeIDE_1.13.1/STM32CubeIDE/plugins/com.st.stm32cube.ide.mcu.externaltools.gnu-tools-for-stm32.12.3.rel1.win32_1.1.0.202410251130/tools/bin/../lib/gcc/arm-none-eabi/12.3.1/../../../../arm-none-eabi/lib/thumb/v7e-m+fp/hard\libc_nano.a(libc_a-makebuf.o)
                0x080092e2                __swhatbuf_r
 .text.__smakebuf_r
                0x0800932e       0x78 C:/ST/STM32CubeIDE_1.13.1/STM32CubeIDE/plugins/com.st.stm32cube.ide.mcu.externaltools.gnu-tools-for-stm32.12.3.rel1.win32_1.1.0.202410251130/tools/bin/../lib/gcc/arm-none-eabi/12.3.1/../../../../arm-none-eabi/lib/thumb/v7e-m+fp/hard\libc_nano.a(libc_a-makebuf.o)
                0x0800932e                __smakebuf_r
 .text._raise_r
                0x080093a6       0x50 C:/ST/STM32CubeIDE_1.13.1/STM32CubeIDE/plugins/com.st.stm32cube.ide.mcu.externaltools.gnu-tools-for-stm32.12.3.rel1.win32_1.1.0.202410251130/tools/bin/../lib/gcc/arm-none-eabi/12.3.1/../../../../arm-none-eabi/lib/thumb/v7e-m+fp/hard\libc_nano.a(libc_a-signal.o)
                0x080093a6                _raise_r
 *fill*         0x080093f6        0x2 
 .text.raise    0x080093f8       0x10 C:/ST/STM32CubeIDE_1.13.1/STM32CubeIDE/plugins/com.st.stm32cube.ide.mcu.externaltools.gnu-tools-for-stm32.12.3.rel1.win32_1.1.0.202410251130/tools/bin/../lib/gcc/arm-none-eabi/12.3.1/../../../../arm-none-eabi/lib/thumb/v7e-m+fp/hard\libc_nano.a(libc_a-signal.o)
                0x080093f8                raise
 .text._fstat_r
                0x08009408       0x24 C:/ST/STM32CubeIDE_1.13.1/STM32CubeIDE/plugins/com.st.stm32cube.ide.mcu.externaltools.gnu-tools-for-stm32.12.3.rel1.win32_1.1.0.202410251130/tools/bin/../lib/gcc/arm-none-eabi/12.3.1/../../../../arm-none-eabi/lib/thumb/v7e-m+fp/hard\libc_nano.a(libc_a-fstatr.o)
                0x08009408                _fstat_r
 .text._isatty_r
                0x0800942c       0x20 C:/ST/STM32CubeIDE_1.13.1/STM32CubeIDE/plugins/com.st.stm32cube.ide.mcu.externaltools.gnu-tools-for-stm32.12.3.rel1.win32_1.1.0.202410251130/tools/bin/../lib/gcc/arm-none-eabi/12.3.1/../../../../arm-none-eabi/lib/thumb/v7e-m+fp/hard\libc_nano.a(libc_a-isattyr.o)
                0x0800942c                _isatty_r
 .text._kill_r  0x0800944c       0x24 C:/ST/STM32CubeIDE_1.13.1/STM32CubeIDE/plugins/com.st.stm32cube.ide.mcu.externaltools.gnu-tools-for-stm32.12.3.rel1.win32_1.1.0.202410251130/tools/bin/../lib/gcc/arm-none-eabi/12.3.1/../../../../arm-none-eabi/lib/thumb/v7e-m+fp/hard\libc_nano.a(libc_a-signalr.o)
                0x0800944c                _kill_r
 .text._getpid_r
                0x08009470        0x4 C:/ST/STM32CubeIDE_1.13.1/STM32CubeIDE/plugins/com.st.stm32cube.ide.mcu.externaltools.gnu-tools-for-stm32.12.3.rel1.win32_1.1.0.202410251130/tools/bin/../lib/gcc/arm-none-eabi/12.3.1/../../../../arm-none-eabi/lib/thumb/v7e-m+fp/hard\libc_nano.a(libc_a-signalr.o)
                0x08009470                _getpid_r
 *(.glue_7)
 .glue_7        0x08009474        0x0 linker stubs
 *(.glue_7t)
 .glue_7t       0x08009474        0x0 linker stubs
 *(.eh_frame)
 .eh_frame      0x08009474        0x0 C:/ST/STM32CubeIDE_1.13.1/STM32CubeIDE/plugins/com.st.stm32cube.ide.mcu.externaltools.gnu-tools-for-stm32.12.3.rel1.win32_1.1.0.202410251130/tools/bin/../lib/gcc/arm-none-eabi/12.3.1/thumb/v7e-m+fp/hard/crtbegin.o
 *(.init)
 .init          0x08009474        0x4 C:/ST/STM32CubeIDE_1.13.1/STM32CubeIDE/plugins/com.st.stm32cube.ide.mcu.externaltools.gnu-tools-for-stm32.12.3.rel1.win32_1.1.0.202410251130/tools/bin/../lib/gcc/arm-none-eabi/12.3.1/thumb/v7e-m+fp/hard/crti.o
                0x08009474                _init
 .init          0x08009478        0x8 C:/ST/STM32CubeIDE_1.13.1/STM32CubeIDE/plugins/com.st.stm32cube.ide.mcu.externaltools.gnu-tools-for-stm32.12.3.rel1.win32_1.1.0.202410251130/tools/bin/../lib/gcc/arm-none-eabi/12.3.1/thumb/v7e-m+fp/hard/crtn.o
 *(.fini)
 .fini          0x08009480        0x4 C:/ST/STM32CubeIDE_1.13.1/STM32CubeIDE/plugins/com.st.stm32cube.ide.mcu.externaltools.gnu-tools-for-stm32.12.3.rel1.win32_1.1.0.202410251130/tools/bin/../lib/gcc/arm-none-eabi/12.3.1/thumb/v7e-m+fp/hard/crti.o
                0x08009480                _fini
 .fini          0x08009484        0x8 C:/ST/STM32CubeIDE_1.13.1/STM32CubeIDE/plugins/com.st.stm32cube.ide.mcu.externaltools.gnu-tools-for-stm32.12.3.rel1.win32_1.1.0.202410251130/tools/bin/../lib/gcc/arm-none-eabi/12.3.1/thumb/v7e-m+fp/hard/crtn.o
                0x0800948c                        . = ALIGN (0x4)
                0x0800948c                        _etext = .

.vfp11_veneer   0x0800948c        0x0
 .vfp11_veneer  0x0800948c        0x0 linker stubs

.v4_bx          0x0800948c        0x0
 .v4_bx         0x0800948c        0x0 linker stubs

.iplt           0x0800948c        0x0
 .iplt          0x0800948c        0x0 C:/ST/STM32CubeIDE_1.13.1/STM32CubeIDE/plugins/com.st.stm32cube.ide.mcu.externaltools.gnu-tools-for-stm32.12.3.rel1.win32_1.1.0.202410251130/tools/bin/../lib/gcc/arm-none-eabi/12.3.1/thumb/v7e-m+fp/hard/crtbegin.o

.rodata         0x0800948c      0x3d8
                0x0800948c                        . = ALIGN (0x4)
 *(.rodata)
 .rodata        0x0800948c      0x106 ./Core/Src/main.o
 *fill*         0x08009592        0x2 
 .rodata        0x08009594        0x5 ./Middlewares/Third_Party/FreeRTOS/Source/tasks.o
 *fill*         0x08009599        0x3 
 .rodata        0x0800959c        0xd ./Middlewares/Third_Party/FreeRTOS/Source/timers.o
 *(.rodata*)
 *fill*         0x080095a9        0x3 
 .rodata.SEGMENT_MAP
                0x080095ac        0xa ./Core/Src/MultiFunctionShield.o
                0x080095ac                SEGMENT_MAP
 *fill*         0x080095b6        0x2 
 .rodata.SEGMENT_SELECT
                0x080095b8        0x4 ./Core/Src/MultiFunctionShield.o
                0x080095b8                SEGMENT_SELECT
 .rodata.defaultTask_attributes
                0x080095bc       0x24 ./Core/Src/main.o
                0x080095bc                defaultTask_attributes
 .rodata.NotifyToggle_attributes
                0x080095e0       0x24 ./Core/Src/main.o
                0x080095e0                NotifyToggle_attributes
 .rodata.SW_Timer_Toggle_attributes
                0x08009604       0x24 ./Core/Src/main.o
                0x08009604                SW_Timer_Toggle_attributes
 .rodata.Mutex_CountUp_attributes
                0x08009628       0x24 ./Core/Src/main.o
                0x08009628                Mutex_CountUp_attributes
 .rodata.Mutex_CountDown_attributes
                0x0800964c       0x24 ./Core/Src/main.o
                0x0800964c                Mutex_CountDown_attributes
 .rodata.UpdateGlobDisp_attributes
                0x08009670       0x24 ./Core/Src/main.o
                0x08009670                UpdateGlobDisp_attributes
 .rodata.ResetGlobal_attributes
                0x08009694       0x24 ./Core/Src/main.o
                0x08009694                ResetGlobal_attributes
 .rodata.DebounceTask_attributes
                0x080096b8       0x24 ./Core/Src/main.o
                0x080096b8                DebounceTask_attributes
 .rodata.SW_Timer_7Seg_attributes
                0x080096dc       0x10 ./Core/Src/main.o
                0x080096dc                SW_Timer_7Seg_attributes
 .rodata.UpDownMutex_attributes
                0x080096ec       0x10 ./Core/Src/main.o
                0x080096ec                UpDownMutex_attributes
 .rodata.Button_1_Semaphore_attributes
                0x080096fc       0x10 ./Core/Src/main.o
                0x080096fc                Button_1_Semaphore_attributes
 .rodata.Button_2_Semaphore_attributes
                0x0800970c       0x10 ./Core/Src/main.o
                0x0800970c                Button_2_Semaphore_attributes
 .rodata.Button_3_Semaphore_attributes
                0x0800971c       0x10 ./Core/Src/main.o
                0x0800971c                Button_3_Semaphore_attributes
 .rodata.Semaphore_Counting_attributes
                0x0800972c       0x10 ./Core/Src/main.o
                0x0800972c                Semaphore_Counting_attributes
 .rodata.AHBPrescTable
                0x0800973c       0x10 ./Core/Src/system_stm32l4xx.o
                0x0800973c                AHBPrescTable
 .rodata.APBPrescTable
                0x0800974c        0x8 ./Core/Src/system_stm32l4xx.o
                0x0800974c                APBPrescTable
 .rodata.MSIRangeTable
                0x08009754       0x30 ./Core/Src/system_stm32l4xx.o
                0x08009754                MSIRangeTable
 .rodata.srand.str1.1
                0x08009784       0x6f C:/ST/STM32CubeIDE_1.13.1/STM32CubeIDE/plugins/com.st.stm32cube.ide.mcu.externaltools.gnu-tools-for-stm32.12.3.rel1.win32_1.1.0.202410251130/tools/bin/../lib/gcc/arm-none-eabi/12.3.1/../../../../arm-none-eabi/lib/thumb/v7e-m+fp/hard\libc_nano.a(libc_a-rand.o)
 .rodata.__assert_func.str1.1
                0x080097f3       0x3c C:/ST/STM32CubeIDE_1.13.1/STM32CubeIDE/plugins/com.st.stm32cube.ide.mcu.externaltools.gnu-tools-for-stm32.12.3.rel1.win32_1.1.0.202410251130/tools/bin/../lib/gcc/arm-none-eabi/12.3.1/../../../../arm-none-eabi/lib/thumb/v7e-m+fp/hard\libc_nano.a(libc_a-assert.o)
                                 0x3d (size before relaxing)
 .rodata._vfprintf_r.str1.1
                0x0800982f       0x11 C:/ST/STM32CubeIDE_1.13.1/STM32CubeIDE/plugins/com.st.stm32cube.ide.mcu.externaltools.gnu-tools-for-stm32.12.3.rel1.win32_1.1.0.202410251130/tools/bin/../lib/gcc/arm-none-eabi/12.3.1/../../../../arm-none-eabi/lib/thumb/v7e-m+fp/hard\libc_nano.a(libc_a-nano-vfprintf.o)
 .rodata._printf_i.str1.1
                0x08009840       0x22 C:/ST/STM32CubeIDE_1.13.1/STM32CubeIDE/plugins/com.st.stm32cube.ide.mcu.externaltools.gnu-tools-for-stm32.12.3.rel1.win32_1.1.0.202410251130/tools/bin/../lib/gcc/arm-none-eabi/12.3.1/../../../../arm-none-eabi/lib/thumb/v7e-m+fp/hard\libc_nano.a(libc_a-nano-vfprintf_i.o)
                0x08009864                        . = ALIGN (0x4)
 *fill*         0x08009862        0x2 

.ARM.extab      0x08009864        0x0
                0x08009864                        . = ALIGN (0x4)
 *(.ARM.extab* .gnu.linkonce.armextab.*)
                0x08009864                        . = ALIGN (0x4)

.ARM            0x08009864        0x8
                0x08009864                        . = ALIGN (0x4)
                0x08009864                        __exidx_start = .
 *(.ARM.exidx*)
 .ARM.exidx     0x08009864        0x8 C:/ST/STM32CubeIDE_1.13.1/STM32CubeIDE/plugins/com.st.stm32cube.ide.mcu.externaltools.gnu-tools-for-stm32.12.3.rel1.win32_1.1.0.202410251130/tools/bin/../lib/gcc/arm-none-eabi/12.3.1/../../../../arm-none-eabi/lib/thumb/v7e-m+fp/hard\libc_nano.a(libc_a-memchr.o)
 .ARM.exidx     0x0800986c        0x0 C:/ST/STM32CubeIDE_1.13.1/STM32CubeIDE/plugins/com.st.stm32cube.ide.mcu.externaltools.gnu-tools-for-stm32.12.3.rel1.win32_1.1.0.202410251130/tools/bin/../lib/gcc/arm-none-eabi/12.3.1/thumb/v7e-m+fp/hard\libgcc.a(_udivmoddi4.o)
                                  0x8 (size before relaxing)
                0x0800986c                        __exidx_end = .
                0x0800986c                        . = ALIGN (0x4)

.rel.dyn        0x0800986c        0x0
 .rel.iplt      0x0800986c        0x0 C:/ST/STM32CubeIDE_1.13.1/STM32CubeIDE/plugins/com.st.stm32cube.ide.mcu.externaltools.gnu-tools-for-stm32.12.3.rel1.win32_1.1.0.202410251130/tools/bin/../lib/gcc/arm-none-eabi/12.3.1/thumb/v7e-m+fp/hard/crtbegin.o

.preinit_array  0x0800986c        0x0
                0x0800986c                        . = ALIGN (0x4)
                0x0800986c                        PROVIDE (__preinit_array_start = .)
 *(.preinit_array*)
                0x0800986c                        PROVIDE (__preinit_array_end = .)
                0x0800986c                        . = ALIGN (0x4)

.init_array     0x0800986c        0x4
                0x0800986c                        . = ALIGN (0x4)
                0x0800986c                        PROVIDE (__init_array_start = .)
 *(SORT_BY_NAME(.init_array.*))
 *(.init_array*)
 .init_array    0x0800986c        0x4 C:/ST/STM32CubeIDE_1.13.1/STM32CubeIDE/plugins/com.st.stm32cube.ide.mcu.externaltools.gnu-tools-for-stm32.12.3.rel1.win32_1.1.0.202410251130/tools/bin/../lib/gcc/arm-none-eabi/12.3.1/thumb/v7e-m+fp/hard/crtbegin.o
                0x08009870                        PROVIDE (__init_array_end = .)
                0x08009870                        . = ALIGN (0x4)

.fini_array     0x08009870        0x4
                0x08009870                        . = ALIGN (0x4)
                [!provide]                        PROVIDE (__fini_array_start = .)
 *(SORT_BY_NAME(.fini_array.*))
 *(.fini_array*)
 .fini_array    0x08009870        0x4 C:/ST/STM32CubeIDE_1.13.1/STM32CubeIDE/plugins/com.st.stm32cube.ide.mcu.externaltools.gnu-tools-for-stm32.12.3.rel1.win32_1.1.0.202410251130/tools/bin/../lib/gcc/arm-none-eabi/12.3.1/thumb/v7e-m+fp/hard/crtbegin.o
                [!provide]                        PROVIDE (__fini_array_end = .)
                0x08009874                        . = ALIGN (0x4)
                0x08009874                        _sidata = LOADADDR (.data)

.data           0x20000000       0x70 load address 0x08009874
                0x20000000                        . = ALIGN (0x4)
                0x20000000                        _sdata = .
 *(.data)
 *(.data*)
 .data.countdown_display
                0x20000000        0x1 ./Core/Src/main.o
                0x20000000                countdown_display
 .data.mutex_protected_count
                0x20000001        0x1 ./Core/Src/main.o
                0x20000001                mutex_protected_count
 *fill*         0x20000002        0x2 
 .data.SystemCoreClock
                0x20000004        0x4 ./Core/Src/system_stm32l4xx.o
                0x20000004                SystemCoreClock
 .data.uwTickPrio
                0x20000008        0x4 ./Drivers/STM32L4xx_HAL_Driver/Src/stm32l4xx_hal.o
                0x20000008                uwTickPrio
 .data.uwTickFreq
                0x2000000c        0x1 ./Drivers/STM32L4xx_HAL_Driver/Src/stm32l4xx_hal.o
                0x2000000c                uwTickFreq
 *fill*         0x2000000d        0x3 
 .data.uxCriticalNesting
                0x20000010        0x4 ./Middlewares/Third_Party/FreeRTOS/Source/portable/GCC/ARM_CM4F/port.o
 .data.__sglue  0x20000014        0xc C:/ST/STM32CubeIDE_1.13.1/STM32CubeIDE/plugins/com.st.stm32cube.ide.mcu.externaltools.gnu-tools-for-stm32.12.3.rel1.win32_1.1.0.202410251130/tools/bin/../lib/gcc/arm-none-eabi/12.3.1/../../../../arm-none-eabi/lib/thumb/v7e-m+fp/hard\libc_nano.a(libc_a-findfp.o)
                0x20000014                __sglue
 .data._impure_ptr
                0x20000020        0x4 C:/ST/STM32CubeIDE_1.13.1/STM32CubeIDE/plugins/com.st.stm32cube.ide.mcu.externaltools.gnu-tools-for-stm32.12.3.rel1.win32_1.1.0.202410251130/tools/bin/../lib/gcc/arm-none-eabi/12.3.1/../../../../arm-none-eabi/lib/thumb/v7e-m+fp/hard\libc_nano.a(libc_a-impure.o)
                0x20000020                _impure_ptr
 .data._impure_data
                0x20000024       0x4c C:/ST/STM32CubeIDE_1.13.1/STM32CubeIDE/plugins/com.st.stm32cube.ide.mcu.externaltools.gnu-tools-for-stm32.12.3.rel1.win32_1.1.0.202410251130/tools/bin/../lib/gcc/arm-none-eabi/12.3.1/../../../../arm-none-eabi/lib/thumb/v7e-m+fp/hard\libc_nano.a(libc_a-impure.o)
                0x20000024                _impure_data
 *(.RamFunc)
 *(.RamFunc*)
                0x20000070                        . = ALIGN (0x4)
                0x20000070                        _edata = .

.igot.plt       0x20000070        0x0 load address 0x080098e4
 .igot.plt      0x20000070        0x0 C:/ST/STM32CubeIDE_1.13.1/STM32CubeIDE/plugins/com.st.stm32cube.ide.mcu.externaltools.gnu-tools-for-stm32.12.3.rel1.win32_1.1.0.202410251130/tools/bin/../lib/gcc/arm-none-eabi/12.3.1/thumb/v7e-m+fp/hard/crtbegin.o
                0x20000070                        . = ALIGN (0x4)

.bss            0x20000070     0x4b50 load address 0x080098e4
                0x20000070                        _sbss = .
                0x20000070                        __bss_start__ = _sbss
 *(.bss)
 .bss           0x20000070       0x1c C:/ST/STM32CubeIDE_1.13.1/STM32CubeIDE/plugins/com.st.stm32cube.ide.mcu.externaltools.gnu-tools-for-stm32.12.3.rel1.win32_1.1.0.202410251130/tools/bin/../lib/gcc/arm-none-eabi/12.3.1/thumb/v7e-m+fp/hard/crtbegin.o
 *(.bss*)
 .bss.ActDigit  0x2000008c        0x1 ./Core/Src/MultiFunctionShield.o
                0x2000008c                ActDigit
 *fill*         0x2000008d        0x3 
 .bss.SEGMENT_VALUE
                0x20000090        0x4 ./Core/Src/MultiFunctionShield.o
                0x20000090                SEGMENT_VALUE
 .bss.htim17    0x20000094       0x4c ./Core/Src/main.o
                0x20000094                htim17
 .bss.huart2    0x200000e0       0x88 ./Core/Src/main.o
                0x200000e0                huart2
 .bss.defaultTaskHandle
                0x20000168        0x4 ./Core/Src/main.o
                0x20000168                defaultTaskHandle
 .bss.NotifyToggleHandle
                0x2000016c        0x4 ./Core/Src/main.o
                0x2000016c                NotifyToggleHandle
 .bss.SW_Timer_ToggleHandle
                0x20000170        0x4 ./Core/Src/main.o
                0x20000170                SW_Timer_ToggleHandle
 .bss.Mutex_CountUpHandle
                0x20000174        0x4 ./Core/Src/main.o
                0x20000174                Mutex_CountUpHandle
 .bss.Mutex_CountDownHandle
                0x20000178        0x4 ./Core/Src/main.o
                0x20000178                Mutex_CountDownHandle
 .bss.UpdateGlobDispHandle
                0x2000017c        0x4 ./Core/Src/main.o
                0x2000017c                UpdateGlobDispHandle
 .bss.ResetGlobalHandle
                0x20000180        0x4 ./Core/Src/main.o
                0x20000180                ResetGlobalHandle
 .bss.DebounceTaskHandle
                0x20000184        0x4 ./Core/Src/main.o
                0x20000184                DebounceTaskHandle
 .bss.SW_Timer_7SegHandle
                0x20000188        0x4 ./Core/Src/main.o
                0x20000188                SW_Timer_7SegHandle
 .bss.UpDownMutexHandle
                0x2000018c        0x4 ./Core/Src/main.o
                0x2000018c                UpDownMutexHandle
 .bss.Button_1_SemaphoreHandle
                0x20000190        0x4 ./Core/Src/main.o
                0x20000190                Button_1_SemaphoreHandle
 .bss.Button_2_SemaphoreHandle
                0x20000194        0x4 ./Core/Src/main.o
                0x20000194                Button_2_SemaphoreHandle
 .bss.Button_3_SemaphoreHandle
                0x20000198        0x4 ./Core/Src/main.o
                0x20000198                Button_3_SemaphoreHandle
 .bss.Semaphore_CountingHandle
                0x2000019c        0x4 ./Core/Src/main.o
                0x2000019c                Semaphore_CountingHandle
 .bss.htim3     0x200001a0       0x4c ./Core/Src/stm32l4xx_hal_timebase_tim.o
                0x200001a0                htim3
 .bss.__sbrk_heap_end
                0x200001ec        0x4 ./Core/Src/sysmem.o
 .bss.uwTick    0x200001f0        0x4 ./Drivers/STM32L4xx_HAL_Driver/Src/stm32l4xx_hal.o
                0x200001f0                uwTick
 .bss.KernelState
                0x200001f4        0x4 ./Middlewares/Third_Party/FreeRTOS/Source/CMSIS_RTOS_V2/cmsis_os2.o
 .bss.Idle_TCB.3
                0x200001f8       0xa8 ./Middlewares/Third_Party/FreeRTOS/Source/CMSIS_RTOS_V2/cmsis_os2.o
 .bss.Idle_Stack.2
                0x200002a0      0x200 ./Middlewares/Third_Party/FreeRTOS/Source/CMSIS_RTOS_V2/cmsis_os2.o
 .bss.Timer_TCB.1
                0x200004a0       0xa8 ./Middlewares/Third_Party/FreeRTOS/Source/CMSIS_RTOS_V2/cmsis_os2.o
 .bss.Timer_Stack.0
                0x20000548      0x400 ./Middlewares/Third_Party/FreeRTOS/Source/CMSIS_RTOS_V2/cmsis_os2.o
 .bss.xQueueRegistry
                0x20000948       0x40 ./Middlewares/Third_Party/FreeRTOS/Source/queue.o
                0x20000948                xQueueRegistry
 .bss.pxCurrentTCB
                0x20000988        0x4 ./Middlewares/Third_Party/FreeRTOS/Source/tasks.o
                0x20000988                pxCurrentTCB
 .bss.pxReadyTasksLists
                0x2000098c      0x460 ./Middlewares/Third_Party/FreeRTOS/Source/tasks.o
 .bss.xDelayedTaskList1
                0x20000dec       0x14 ./Middlewares/Third_Party/FreeRTOS/Source/tasks.o
 .bss.xDelayedTaskList2
                0x20000e00       0x14 ./Middlewares/Third_Party/FreeRTOS/Source/tasks.o
 .bss.pxDelayedTaskList
                0x20000e14        0x4 ./Middlewares/Third_Party/FreeRTOS/Source/tasks.o
 .bss.pxOverflowDelayedTaskList
                0x20000e18        0x4 ./Middlewares/Third_Party/FreeRTOS/Source/tasks.o
 .bss.xPendingReadyList
                0x20000e1c       0x14 ./Middlewares/Third_Party/FreeRTOS/Source/tasks.o
 .bss.xTasksWaitingTermination
                0x20000e30       0x14 ./Middlewares/Third_Party/FreeRTOS/Source/tasks.o
 .bss.uxDeletedTasksWaitingCleanUp
                0x20000e44        0x4 ./Middlewares/Third_Party/FreeRTOS/Source/tasks.o
 .bss.xSuspendedTaskList
                0x20000e48       0x14 ./Middlewares/Third_Party/FreeRTOS/Source/tasks.o
 .bss.uxCurrentNumberOfTasks
                0x20000e5c        0x4 ./Middlewares/Third_Party/FreeRTOS/Source/tasks.o
 .bss.xTickCount
                0x20000e60        0x4 ./Middlewares/Third_Party/FreeRTOS/Source/tasks.o
 .bss.uxTopReadyPriority
                0x20000e64        0x4 ./Middlewares/Third_Party/FreeRTOS/Source/tasks.o
 .bss.xSchedulerRunning
                0x20000e68        0x4 ./Middlewares/Third_Party/FreeRTOS/Source/tasks.o
 .bss.xPendedTicks
                0x20000e6c        0x4 ./Middlewares/Third_Party/FreeRTOS/Source/tasks.o
 .bss.xYieldPending
                0x20000e70        0x4 ./Middlewares/Third_Party/FreeRTOS/Source/tasks.o
 .bss.xNumOfOverflows
                0x20000e74        0x4 ./Middlewares/Third_Party/FreeRTOS/Source/tasks.o
 .bss.uxTaskNumber
                0x20000e78        0x4 ./Middlewares/Third_Party/FreeRTOS/Source/tasks.o
 .bss.xNextTaskUnblockTime
                0x20000e7c        0x4 ./Middlewares/Third_Party/FreeRTOS/Source/tasks.o
 .bss.xIdleTaskHandle
                0x20000e80        0x4 ./Middlewares/Third_Party/FreeRTOS/Source/tasks.o
 .bss.uxSchedulerSuspended
                0x20000e84        0x4 ./Middlewares/Third_Party/FreeRTOS/Source/tasks.o
 .bss.xActiveTimerList1
                0x20000e88       0x14 ./Middlewares/Third_Party/FreeRTOS/Source/timers.o
 .bss.xActiveTimerList2
                0x20000e9c       0x14 ./Middlewares/Third_Party/FreeRTOS/Source/timers.o
 .bss.pxCurrentTimerList
                0x20000eb0        0x4 ./Middlewares/Third_Party/FreeRTOS/Source/timers.o
 .bss.pxOverflowTimerList
                0x20000eb4        0x4 ./Middlewares/Third_Party/FreeRTOS/Source/timers.o
 .bss.xTimerQueue
                0x20000eb8        0x4 ./Middlewares/Third_Party/FreeRTOS/Source/timers.o
 .bss.xTimerTaskHandle
                0x20000ebc        0x4 ./Middlewares/Third_Party/FreeRTOS/Source/timers.o
 .bss.xLastTime.2
                0x20000ec0        0x4 ./Middlewares/Third_Party/FreeRTOS/Source/timers.o
 .bss.ucStaticTimerQueueStorage.1
                0x20000ec4       0xa0 ./Middlewares/Third_Party/FreeRTOS/Source/timers.o
 .bss.xStaticTimerQueue.0
                0x20000f64       0x50 ./Middlewares/Third_Party/FreeRTOS/Source/timers.o
 .bss.ucMaxSysCallPriority
                0x20000fb4        0x1 ./Middlewares/Third_Party/FreeRTOS/Source/portable/GCC/ARM_CM4F/port.o
 *fill*         0x20000fb5        0x3 
 .bss.ulMaxPRIGROUPValue
                0x20000fb8        0x4 ./Middlewares/Third_Party/FreeRTOS/Source/portable/GCC/ARM_CM4F/port.o
 .bss.ucHeap    0x20000fbc     0x3a98 ./Middlewares/Third_Party/FreeRTOS/Source/portable/MemMang/heap_4.o
 .bss.xStart    0x20004a54        0x8 ./Middlewares/Third_Party/FreeRTOS/Source/portable/MemMang/heap_4.o
 .bss.pxEnd     0x20004a5c        0x4 ./Middlewares/Third_Party/FreeRTOS/Source/portable/MemMang/heap_4.o
 .bss.xFreeBytesRemaining
                0x20004a60        0x4 ./Middlewares/Third_Party/FreeRTOS/Source/portable/MemMang/heap_4.o
 .bss.xMinimumEverFreeBytesRemaining
                0x20004a64        0x4 ./Middlewares/Third_Party/FreeRTOS/Source/portable/MemMang/heap_4.o
 .bss.xNumberOfSuccessfulAllocations
                0x20004a68        0x4 ./Middlewares/Third_Party/FreeRTOS/Source/portable/MemMang/heap_4.o
 .bss.xNumberOfSuccessfulFrees
                0x20004a6c        0x4 ./Middlewares/Third_Party/FreeRTOS/Source/portable/MemMang/heap_4.o
 .bss.xBlockAllocatedBit
                0x20004a70        0x4 ./Middlewares/Third_Party/FreeRTOS/Source/portable/MemMang/heap_4.o
 .bss.__sf      0x20004a74      0x138 C:/ST/STM32CubeIDE_1.13.1/STM32CubeIDE/plugins/com.st.stm32cube.ide.mcu.externaltools.gnu-tools-for-stm32.12.3.rel1.win32_1.1.0.202410251130/tools/bin/../lib/gcc/arm-none-eabi/12.3.1/../../../../arm-none-eabi/lib/thumb/v7e-m+fp/hard\libc_nano.a(libc_a-findfp.o)
                0x20004a74                __sf
 .bss.__stdio_exit_handler
                0x20004bac        0x4 C:/ST/STM32CubeIDE_1.13.1/STM32CubeIDE/plugins/com.st.stm32cube.ide.mcu.externaltools.gnu-tools-for-stm32.12.3.rel1.win32_1.1.0.202410251130/tools/bin/../lib/gcc/arm-none-eabi/12.3.1/../../../../arm-none-eabi/lib/thumb/v7e-m+fp/hard\libc_nano.a(libc_a-findfp.o)
                0x20004bac                __stdio_exit_handler
 .bss.errno     0x20004bb0        0x4 C:/ST/STM32CubeIDE_1.13.1/STM32CubeIDE/plugins/com.st.stm32cube.ide.mcu.externaltools.gnu-tools-for-stm32.12.3.rel1.win32_1.1.0.202410251130/tools/bin/../lib/gcc/arm-none-eabi/12.3.1/../../../../arm-none-eabi/lib/thumb/v7e-m+fp/hard\libc_nano.a(libc_a-reent.o)
                0x20004bb0                errno
 .bss.__lock___malloc_recursive_mutex
                0x20004bb4        0x1 C:/ST/STM32CubeIDE_1.13.1/STM32CubeIDE/plugins/com.st.stm32cube.ide.mcu.externaltools.gnu-tools-for-stm32.12.3.rel1.win32_1.1.0.202410251130/tools/bin/../lib/gcc/arm-none-eabi/12.3.1/../../../../arm-none-eabi/lib/thumb/v7e-m+fp/hard\libc_nano.a(libc_a-lock.o)
                0x20004bb4                __lock___malloc_recursive_mutex
 .bss.__lock___sfp_recursive_mutex
                0x20004bb5        0x1 C:/ST/STM32CubeIDE_1.13.1/STM32CubeIDE/plugins/com.st.stm32cube.ide.mcu.externaltools.gnu-tools-for-stm32.12.3.rel1.win32_1.1.0.202410251130/tools/bin/../lib/gcc/arm-none-eabi/12.3.1/../../../../arm-none-eabi/lib/thumb/v7e-m+fp/hard\libc_nano.a(libc_a-lock.o)
                0x20004bb5                __lock___sfp_recursive_mutex
 *fill*         0x20004bb6        0x2 
 .bss.__malloc_sbrk_start
                0x20004bb8        0x4 C:/ST/STM32CubeIDE_1.13.1/STM32CubeIDE/plugins/com.st.stm32cube.ide.mcu.externaltools.gnu-tools-for-stm32.12.3.rel1.win32_1.1.0.202410251130/tools/bin/../lib/gcc/arm-none-eabi/12.3.1/../../../../arm-none-eabi/lib/thumb/v7e-m+fp/hard\libc_nano.a(libc_a-mallocr.o)
                0x20004bb8                __malloc_sbrk_start
 .bss.__malloc_free_list
                0x20004bbc        0x4 C:/ST/STM32CubeIDE_1.13.1/STM32CubeIDE/plugins/com.st.stm32cube.ide.mcu.externaltools.gnu-tools-for-stm32.12.3.rel1.win32_1.1.0.202410251130/tools/bin/../lib/gcc/arm-none-eabi/12.3.1/../../../../arm-none-eabi/lib/thumb/v7e-m+fp/hard\libc_nano.a(libc_a-mallocr.o)
                0x20004bbc                __malloc_free_list
 *(COMMON)
                0x20004bc0                        . = ALIGN (0x4)
                0x20004bc0                        _ebss = .
                0x20004bc0                        __bss_end__ = _ebss

._user_heap_stack
                0x20004bc0      0x600 load address 0x080098e4
                0x20004bc0                        . = ALIGN (0x8)
                [!provide]                        PROVIDE (end = .)
                0x20004bc0                        PROVIDE (_end = .)
                0x20004dc0                        . = (. + _Min_Heap_Size)
 *fill*         0x20004bc0      0x200 
                0x200051c0                        . = (. + _Min_Stack_Size)
 *fill*         0x20004dc0      0x400 
                0x200051c0                        . = ALIGN (0x8)

/DISCARD/
 libc.a(*)
 libm.a(*)
 libgcc.a(*)

.ARM.attributes
                0x00000000       0x30
 *(.ARM.attributes)
 .ARM.attributes
                0x00000000       0x22 C:/ST/STM32CubeIDE_1.13.1/STM32CubeIDE/plugins/com.st.stm32cube.ide.mcu.externaltools.gnu-tools-for-stm32.12.3.rel1.win32_1.1.0.202410251130/tools/bin/../lib/gcc/arm-none-eabi/12.3.1/thumb/v7e-m+fp/hard/crti.o
 .ARM.attributes
                0x00000022       0x34 C:/ST/STM32CubeIDE_1.13.1/STM32CubeIDE/plugins/com.st.stm32cube.ide.mcu.externaltools.gnu-tools-for-stm32.12.3.rel1.win32_1.1.0.202410251130/tools/bin/../lib/gcc/arm-none-eabi/12.3.1/thumb/v7e-m+fp/hard/crtbegin.o
 .ARM.attributes
                0x00000056       0x34 ./Core/Src/MultiFunctionShield.o
 .ARM.attributes
                0x0000008a       0x34 ./Core/Src/main.o
 .ARM.attributes
                0x000000be       0x34 ./Core/Src/stm32l4xx_hal_msp.o
 .ARM.attributes
                0x000000f2       0x34 ./Core/Src/stm32l4xx_hal_timebase_tim.o
 .ARM.attributes
                0x00000126       0x34 ./Core/Src/stm32l4xx_it.o
 .ARM.attributes
                0x0000015a       0x34 ./Core/Src/syscalls.o
 .ARM.attributes
                0x0000018e       0x34 ./Core/Src/sysmem.o
 .ARM.attributes
                0x000001c2       0x34 ./Core/Src/system_stm32l4xx.o
 .ARM.attributes
                0x000001f6       0x21 ./Core/Startup/startup_stm32l476rgtx.o
 .ARM.attributes
                0x00000217       0x34 ./Drivers/STM32L4xx_HAL_Driver/Src/stm32l4xx_hal.o
 .ARM.attributes
                0x0000024b       0x34 ./Drivers/STM32L4xx_HAL_Driver/Src/stm32l4xx_hal_cortex.o
 .ARM.attributes
                0x0000027f       0x34 ./Drivers/STM32L4xx_HAL_Driver/Src/stm32l4xx_hal_gpio.o
 .ARM.attributes
                0x000002b3       0x34 ./Drivers/STM32L4xx_HAL_Driver/Src/stm32l4xx_hal_pwr_ex.o
 .ARM.attributes
                0x000002e7       0x34 ./Drivers/STM32L4xx_HAL_Driver/Src/stm32l4xx_hal_rcc.o
 .ARM.attributes