../Core/Src/main.c:127:5:main	8	static
../Core/Src/main.c:239:6:SystemClock_Config	96	static
../Core/Src/main.c:289:13:MX_TIM17_Init	8	static
../Core/Src/main.c:321:13:MX_USART2_UART_Init	8	static
../Core/Src/main.c:356:13:MX_GPIO_Init	48	static
../Core/Src/main.c:449:6:HAL_GPIO_EXTI_Callback	16	static
../Core/Src/main.c:478:1:__io_putchar	16	static
../Core/Src/main.c:499:6:Semaphore_Toggle_Task	16	static
../Core/Src/main.c:524:6:NotifyToggleTask	16	static
../Core/Src/main.c:542:6:SW_Timer_Task	16	static
../Core/Src/main.c:561:6:SW_Timer_Countdown	16	static
../Core/Src/main.c:587:6:HAL_TIM_PeriodElapsedCallback	16	static
../Core/Src/main.c:608:6:Error_Handler	4	static,ignoring_inline_asm
