../Core/Src/main.c:122:5:main	8	static
../Core/Src/main.c:231:6:SystemClock_Config	96	static
../Core/Src/main.c:281:13:MX_TIM17_Init	8	static
../Core/Src/main.c:313:13:MX_USART2_UART_Init	8	static
../Core/Src/main.c:348:13:MX_GPIO_Init	48	static
../Core/Src/main.c:441:6:HAL_GPIO_EXTI_Callback	16	static
../Core/Src/main.c:469:1:__io_putchar	16	static
../Core/Src/main.c:490:6:Semaphore_Toggle_Task	16	static
../Core/Src/main.c:515:6:NotifyToggleTask	16	static
../Core/Src/main.c:533:6:SW_Timer_Task	16	static
../Core/Src/main.c:552:6:SW_Timer_Countdown	16	static
../Core/Src/main.c:578:6:HAL_TIM_PeriodElapsedCallback	16	static
../Core/Src/main.c:599:6:Error_Handler	4	static,ignoring_inline_asm
