../Core/Src/MultiFunctionShield.c:30:6:shiftOut	32	static
../Core/Src/MultiFunctionShield.c:75:6:MultiFunctionShield_Single_Digit_Display	16	static
../Core/Src/MultiFunctionShield.c:98:6:set_Decimal_Point	16	static
../Core/Src/MultiFunctionShield.c:104:6:Display_the_FULL	4	static
../Core/Src/MultiFunctionShield.c:114:6:MultiFunctionShield_Display	16	static
../Core/Src/MultiFunctionShield.c:171:6:MultiFunctionShield_Display_PWM	16	static
../Core/Src/MultiFunctionShield.c:184:6:Clear_LEDs	8	static
../Core/Src/MultiFunctionShield.c:202:6:MultiFunctionShield_Clear	4	static
../Core/Src/MultiFunctionShield.c:213:6:MultiFunctionShield_WriteNumberToSegment	24	static
../Core/Src/MultiFunctionShield.c:225:6:Display_Waiting	4	static
../Core/Src/MultiFunctionShield.c:233:6:Display_All	8	static
../Core/Src/MultiFunctionShield.c:238:6:disp_adc_on_7seg	40	static
../Core/Src/MultiFunctionShield.c:264:6:MultiFunctionShield__ISRFunc	8	static
